npm warn Unknown project config "network-timeout". This will stop working in the next major version of npm. See `npm help npmrc` for supported config options.
client/src/components/AccessibilityWidget.tsx(129,31): error TS2367: This comparison appears to be unintentional because the types '"darkMode" | "highContrast" | "reducedMotion" | "screenReaderMode" | "textSpacing"' and '"fontSize"' have no overlap.
client/src/components/AI/ChatInterface.tsx(36,39): error TS2339: Property 'getChatHistory' does not exist on type 'DecorateRouterRecord<{ ctx: TrpcContext; meta: object; errorShape: DefaultErrorShape; transformer: true; }, DecorateCreateRouterOptions<{ summarizeDocument: MutationProcedure<{ input: { text: string; focus?: "general" | "key_points" | "action_items" | "financial" | undefined; }; output: { ...; }; meta: object; }>; ....'.
client/src/components/AI/ChatInterface.tsx(89,22): error TS2339: Property 'id' does not exist on type '{ message: string; tokensUsed: number; sessionId: string | undefined; }'.
client/src/components/AI/ChatInterface.tsx(92,29): error TS2339: Property 'createdAt' does not exist on type '{ message: string; tokensUsed: number; sessionId: string | undefined; }'.
client/src/components/BackupRestore.tsx(18,64): error TS2769: No overload matches this call.
  Overload 1 of 2, '(input: void | typeof skipToken, opts: DefinedUseTRPCQueryOptions<{ success: boolean; backup: any; fileName: string; }, { success: boolean; backup: any; fileName: string; }, TRPCClientErrorLike<{ errorShape: DefaultErrorShape; transformer: true; }>, { ...; }>): DefinedUseTRPCQueryResult<...>', gave the following error.
    Argument of type '{}' is not assignable to parameter of type 'void | unique symbol'.
  Overload 2 of 2, '(input: void | typeof skipToken, opts?: UseTRPCQueryOptions<{ success: boolean; backup: any; fileName: string; }, { success: boolean; backup: any; fileName: string; }, TRPCClientErrorLike<{ input: void; output: { success: boolean; backup: any; fileName: string; }; transformer: true; errorShape: DefaultErrorShape; }>, { ...; }> | undefined): UseTRPCQueryResult<...>', gave the following error.
    Argument of type '{}' is not assignable to parameter of type 'void | unique symbol'.
client/src/components/BatchPaymentMatching.tsx(23,40): error TS2339: Property 'paymentReconciliation' does not exist on type '"The property 'useContext' in your router collides with a built-in method, rename this router or procedure on your backend." | "The property 'useUtils' in your router collides with a built-in method, rename this router or procedure on your backend." | "The property 'Provider' in your router collides with a built-in ...'.
  Property 'paymentReconciliation' does not exist on type '"The property 'useContext' in your router collides with a built-in method, rename this router or procedure on your backend."'.
client/src/components/BatchPaymentMatching.tsx(28,40): error TS2339: Property 'paymentReconciliation' does not exist on type '"The property 'useContext' in your router collides with a built-in method, rename this router or procedure on your backend." | "The property 'useUtils' in your router collides with a built-in method, rename this router or procedure on your backend." | "The property 'Provider' in your router collides with a built-in ...'.
  Property 'paymentReconciliation' does not exist on type '"The property 'useContext' in your router collides with a built-in method, rename this router or procedure on your backend."'.
client/src/components/BatchPaymentMatching.tsx(31,34): error TS2339: Property 'paymentReconciliation' does not exist on type '"The property 'useContext' in your router collides with a built-in method, rename this router or procedure on your backend." | "The property 'useUtils' in your router collides with a built-in method, rename this router or procedure on your backend." | "The property 'Provider' in your router collides with a built-in ...'.
  Property 'paymentReconciliation' does not exist on type '"The property 'useContext' in your router collides with a built-in method, rename this router or procedure on your backend."'.
client/src/components/BatchPaymentMatching.tsx(101,33): error TS2339: Property 'paymentReconciliation' does not exist on type '"The property 'useContext' in your router collides with a built-in method, rename this router or procedure on your backend." | "The property 'useUtils' in your router collides with a built-in method, rename this router or procedure on your backend." | "The property 'Provider' in your router collides with a built-in ...'.
  Property 'paymentReconciliation' does not exist on type '"The property 'useContext' in your router collides with a built-in method, rename this router or procedure on your backend."'.
client/src/components/BatchPaymentMatching.tsx(123,33): error TS2339: Property 'paymentReconciliation' does not exist on type '"The property 'useContext' in your router collides with a built-in method, rename this router or procedure on your backend." | "The property 'useUtils' in your router collides with a built-in method, rename this router or procedure on your backend." | "The property 'Provider' in your router collides with a built-in ...'.
  Property 'paymentReconciliation' does not exist on type '"The property 'useContext' in your router collides with a built-in method, rename this router or procedure on your backend."'.
client/src/components/BrandCustomizationModal.tsx(43,11): error TS2339: Property 'primaryColor' does not exist on type 'ThemeContextType'.
client/src/components/BrandCustomizationModal.tsx(43,25): error TS2339: Property 'secondaryColor' does not exist on type 'ThemeContextType'.
client/src/components/BrandCustomizationModal.tsx(43,41): error TS2339: Property 'borderRadius' does not exist on type 'ThemeContextType'.
client/src/components/BrandCustomizationModal.tsx(43,55): error TS2339: Property 'updateTheme' does not exist on type 'ThemeContextType'.
client/src/components/BudgetDashboard.tsx(4,20): error TS2307: Cannot find module './Button' or its corresponding type declarations.
client/src/components/BudgetDashboard.tsx(5,19): error TS2307: Cannot find module './Toast' or its corresponding type declarations.
client/src/components/BulkTeamOperations.tsx(3,22): error TS2307: Cannot find module '../_trpc/client' or its corresponding type declarations.
client/src/components/BulkTeamOperations.tsx(4,20): error TS2307: Cannot find module './Button' or its corresponding type declarations.
client/src/components/BulkTeamOperations.tsx(5,19): error TS2307: Cannot find module './Modal' or its corresponding type declarations.
client/src/components/BulkTeamOperations.tsx(6,19): error TS2307: Cannot find module './Toast' or its corresponding type declarations.
client/src/components/ChartOfAccountsHierarchy.tsx(224,36): error TS2551: Property 'costofgoodssold' does not exist on type '{ totalAssets: number; totalLiabilities: number; totalEquity: number; totalRevenue: number; totalExpenses: number; totalCostOfGoodsSold?: undefined; totalOperatingExpense?: undefined; totalCapitalExpenditure?: undefined; totalOtherIncome?: undefined; totalOtherExpense?: undefined; } | { ...; }'. Did you mean 'totalCostOfGoodsSold'?
  Property 'costofgoodssold' does not exist on type '{ totalAssets: number; totalLiabilities: number; totalEquity: number; totalRevenue: number; totalExpenses: number; totalCostOfGoodsSold?: undefined; totalOperatingExpense?: undefined; totalCapitalExpenditure?: undefined; totalOtherIncome?: undefined; totalOtherExpense?: undefined; }'.
client/src/components/ChartOfAccountsHierarchy.tsx(230,36): error TS2551: Property 'operatingExpense' does not exist on type '{ totalAssets: number; totalLiabilities: number; totalEquity: number; totalRevenue: number; totalExpenses: number; totalCostOfGoodsSold?: undefined; totalOperatingExpense?: undefined; totalCapitalExpenditure?: undefined; totalOtherIncome?: undefined; totalOtherExpense?: undefined; } | { ...; }'. Did you mean 'totalOperatingExpense'?
  Property 'operatingExpense' does not exist on type '{ totalAssets: number; totalLiabilities: number; totalEquity: number; totalRevenue: number; totalExpenses: number; totalCostOfGoodsSold?: undefined; totalOperatingExpense?: undefined; totalCapitalExpenditure?: undefined; totalOtherIncome?: undefined; totalOtherExpense?: undefined; }'.
client/src/components/ChartOfAccountsHierarchy.tsx(236,36): error TS2551: Property 'capitalExpenditure' does not exist on type '{ totalAssets: number; totalLiabilities: number; totalEquity: number; totalRevenue: number; totalExpenses: number; totalCostOfGoodsSold?: undefined; totalOperatingExpense?: undefined; totalCapitalExpenditure?: undefined; totalOtherIncome?: undefined; totalOtherExpense?: undefined; } | { ...; }'. Did you mean 'totalCapitalExpenditure'?
  Property 'capitalExpenditure' does not exist on type '{ totalAssets: number; totalLiabilities: number; totalEquity: number; totalRevenue: number; totalExpenses: number; totalCostOfGoodsSold?: undefined; totalOperatingExpense?: undefined; totalCapitalExpenditure?: undefined; totalOtherIncome?: undefined; totalOtherExpense?: undefined; }'.
client/src/components/ChartOfAccountsHierarchy.tsx(242,36): error TS2339: Property 'otherIncome' does not exist on type '{ totalAssets: number; totalLiabilities: number; totalEquity: number; totalRevenue: number; totalExpenses: number; totalCostOfGoodsSold?: undefined; totalOperatingExpense?: undefined; totalCapitalExpenditure?: undefined; totalOtherIncome?: undefined; totalOtherExpense?: undefined; } | { ...; }'.
  Property 'otherIncome' does not exist on type '{ totalAssets: number; totalLiabilities: number; totalEquity: number; totalRevenue: number; totalExpenses: number; totalCostOfGoodsSold?: undefined; totalOperatingExpense?: undefined; totalCapitalExpenditure?: undefined; totalOtherIncome?: undefined; totalOtherExpense?: undefined; }'.
client/src/components/ChartOfAccountsHierarchy.tsx(248,36): error TS2339: Property 'otherExpense' does not exist on type '{ totalAssets: number; totalLiabilities: number; totalEquity: number; totalRevenue: number; totalExpenses: number; totalCostOfGoodsSold?: undefined; totalOperatingExpense?: undefined; totalCapitalExpenditure?: undefined; totalOtherIncome?: undefined; totalOtherExpense?: undefined; } | { ...; }'.
  Property 'otherExpense' does not exist on type '{ totalAssets: number; totalLiabilities: number; totalEquity: number; totalRevenue: number; totalExpenses: number; totalCostOfGoodsSold?: undefined; totalOperatingExpense?: undefined; totalCapitalExpenditure?: undefined; totalOtherIncome?: undefined; totalOtherExpense?: undefined; }'.
client/src/components/DataExport.tsx(141,43): error TS2304: Cannot find name 'filteredCount'.
client/src/components/DataExport.tsx(141,64): error TS2304: Cannot find name 'filteredCount'.
client/src/components/DepartmentForm.tsx(187,107): error TS2345: Argument of type 'string | undefined' is not assignable to parameter of type 'string'.
  Type 'undefined' is not assignable to type 'string'.
client/src/components/DepartmentForm.tsx(239,150): error TS2345: Argument of type 'string | undefined' is not assignable to parameter of type 'string'.
  Type 'undefined' is not assignable to type 'string'.
client/src/components/DocumentPreview.tsx(294,20): error TS2451: Cannot redeclare block-scoped variable 'isLoading'.
client/src/components/DocumentPreview.tsx(297,28): error TS2451: Cannot redeclare block-scoped variable 'isLoading'.
client/src/components/EmailComposer.tsx(289,20): error TS18048: 'emailData.cc.length' is possibly 'undefined'.
client/src/components/EmailComposer.tsx(292,51): error TS18048: 'emailData.cc' is possibly 'undefined'.
client/src/components/ExpenseForm.tsx(48,19): error TS2345: Argument of type '{ expenseDate: string; category: string; description: string; amount: string; paymentMethod: string; status: string; chartOfAccountId: string; }' is not assignable to parameter of type 'SetStateAction<{ expenseDate: any; category: any; description: any; amount: any; paymentMethod: any; status: any; chartOfAccountId: any; budgetAllocationId: any; }>'.
  Property 'budgetAllocationId' is missing in type '{ expenseDate: string; category: string; description: string; amount: string; paymentMethod: string; status: string; chartOfAccountId: string; }' but required in type '{ expenseDate: any; category: any; description: any; amount: any; paymentMethod: any; status: any; chartOfAccountId: any; budgetAllocationId: any; }'.
client/src/components/ExpenseForm.tsx(60,29): error TS2345: Argument of type 'TRPCClientErrorLike<{ input: { expenseDate: string | Date; category: string; amount: number; expenseNumber?: string | undefined; description?: string | undefined; vendor?: string | undefined; paymentMethod?: "other" | ... 4 more ... | undefined; ... 7 more ...; items?: { ...; }[] | undefined; }; output: { ...; }; tr...' is not assignable to parameter of type '{ message?: string | undefined; data?: { code?: string | undefined; } | undefined; }'.
  Types of property 'data' are incompatible.
    Type 'Maybe<DefaultErrorData>' is not assignable to type '{ code?: string | undefined; } | undefined'.
      Type 'null' is not assignable to type '{ code?: string | undefined; } | undefined'.
client/src/components/FloatingChatNotifications.tsx(145,14): error TS2339: Property 'length' does not exist on type 'QueryResult'.
  Property 'length' does not exist on type 'ResultSetHeader'.
client/src/components/FloatingChatNotifications.tsx(147,23): error TS7053: Element implicitly has an 'any' type because expression of type '0' can't be used to index type 'QueryResult'.
  Property '0' does not exist on type 'QueryResult'.
client/src/components/ICTDashboardNav.tsx(236,21): error TS2339: Property 'length' does not exist on type 'never'.
client/src/components/ICTDashboardNav.tsx(250,24): error TS2339: Property 'map' does not exist on type 'never'.
client/src/components/ICTDashboardNav.tsx(250,29): error TS7006: Parameter 'item' implicitly has an 'any' type.
client/src/components/MessageService.tsx(174,40): error TS2339: Property 'queueEmail' does not exist on type 'DecorateRouterRecord<{ ctx: TrpcContext; meta: object; errorShape: DefaultErrorShape; transformer: true; }, DecorateCreateRouterOptions<{ sendInvoice: MutationProcedure<{ input: { invoiceId: string; recipientEmail: string; message?: string | undefined; attachPDF?: boolean | undefined; }; output: { ...; }; meta: obje...'.
client/src/components/MessageService.tsx(190,15): error TS7006: Parameter 'error' implicitly has an 'any' type.
client/src/components/MessageService.tsx(197,32): error TS2339: Property 'sms' does not exist on type 'CreateTRPCReactBase<BuiltRouter<{ ctx: TrpcContext; meta: object; errorShape: DefaultErrorShape; transformer: true; }, DecorateCreateRouterOptions<{ health: BuiltRouter<{ ctx: TrpcContext; meta: object; errorShape: DefaultErrorShape; transformer: true; }, DecorateCreateRouterOptions<...>>; ... 169 more ...; ictManag...'.
client/src/components/MessageService.tsx(212,15): error TS7006: Parameter 'error' implicitly has an 'any' type.
client/src/components/Mobile/MobileDashboard.tsx(106,38): error TS2367: This comparison appears to be unintentional because the types '"expense" | "invoice" | "payment"' and '"invoices" | "payments"' have no overlap.
client/src/components/NotificationCenter.tsx(102,29): error TS2345: Argument of type '{ id: string; userId: string; type: "error" | "client" | "success" | "system" | "payment" | "project" | "warning" | "financial" | "info" | "reminder"; title: string; message: string; category: string | null; ... 9 more ...; createdAt: string | null; }[]' is not assignable to parameter of type 'SetStateAction<Notification[]>'.
  Type '{ id: string; userId: string; type: "error" | "client" | "success" | "system" | "payment" | "project" | "warning" | "financial" | "info" | "reminder"; title: string; message: string; category: string | null; ... 9 more ...; createdAt: string | null; }[]' is not assignable to type 'Notification[]'.
    Type '{ id: string; userId: string; type: "error" | "client" | "success" | "system" | "payment" | "project" | "warning" | "financial" | "info" | "reminder"; title: string; message: string; category: string | null; ... 9 more ...; createdAt: string | null; }' is missing the following properties from type 'Notification': expiresAt, metadata
client/src/components/NotificationCenter.tsx(154,56): error TS2322: Type '{ className: string; title: string; }' is not assignable to type 'IntrinsicAttributes & Omit<LucideProps, "ref"> & RefAttributes<SVGSVGElement>'.
  Property 'title' does not exist on type 'IntrinsicAttributes & Omit<LucideProps, "ref"> & RefAttributes<SVGSVGElement>'.
client/src/components/NotificationCenter.tsx(156,57): error TS2322: Type '{ className: string; title: string; }' is not assignable to type 'IntrinsicAttributes & Omit<LucideProps, "ref"> & RefAttributes<SVGSVGElement>'.
  Property 'title' does not exist on type 'IntrinsicAttributes & Omit<LucideProps, "ref"> & RefAttributes<SVGSVGElement>'.
client/src/components/NotificationCenter.tsx(206,55): error TS2345: Argument of type '{ id: string; }' is not assignable to parameter of type 'string'.
client/src/components/OrgLayout.tsx(669,51): error TS7006: Parameter 'prev' implicitly has an 'any' type.
client/src/components/OverduePaymentDashboard.tsx(93,29): error TS2802: Type 'Set<string>' can only be iterated through when using the '--downlevelIteration' flag or with a '--target' of 'es2015' or higher.
client/src/components/PaymentGateway.tsx(83,47): error TS2339: Property 'stripe' does not exist on type 'DecorateRouterRecord<{ ctx: TrpcContext; meta: object; errorShape: DefaultErrorShape; transformer: true; }, DecorateCreateRouterOptions<{ list: QueryProcedure<{ input: { limit?: number | undefined; offset?: number | undefined; } | undefined; output: any; meta: object; }>; ... 7 more ...; recordPayment: MutationProce...'.
client/src/components/PaymentGateway.tsx(90,15): error TS7006: Parameter 'error' implicitly has an 'any' type.
client/src/components/PaymentGateway.tsx(98,46): error TS2339: Property 'mpesa' does not exist on type 'DecorateRouterRecord<{ ctx: TrpcContext; meta: object; errorShape: DefaultErrorShape; transformer: true; }, DecorateCreateRouterOptions<{ list: QueryProcedure<{ input: { limit?: number | undefined; offset?: number | undefined; } | undefined; output: any; meta: object; }>; ... 7 more ...; recordPayment: MutationProce...'.
client/src/components/PaymentGateway.tsx(105,15): error TS7006: Parameter 'error' implicitly has an 'any' type.
client/src/components/PaymentGateway.tsx(139,38): error TS18048: 'formData.phone' is possibly 'undefined'.
client/src/components/PaymentGateway.tsx(149,39): error TS18048: 'formData.cardNumber' is possibly 'undefined'.
client/src/components/PaymentReports.tsx(101,32): error TS2532: Object is possibly 'undefined'.
client/src/components/PaymentTracking.tsx(168,29): error TS2802: Type 'Set<string>' can only be iterated through when using the '--downlevelIteration' flag or with a '--target' of 'es2015' or higher.
client/src/components/PaymentWithCOADialog.tsx(65,70): error TS2339: Property 'useMutation' does not exist on type 'DecoratedQuery<{ input: string; output: { id: string; organizationId: string | null; accountCode: string; accountName: string; accountType: "expense" | "revenue" | "asset" | "liability" | "equity" | ... 4 more ... | "other expense"; ... 5 more ...; updatedAt: string | null; }; transformer: true; errorShape: DefaultE...'.
client/src/components/PaymentWithCOADialog.tsx(134,45): error TS7006: Parameter 'acc' implicitly has an 'any' type.
client/src/components/PaymentWithCOADialog.tsx(225,35): error TS7006: Parameter 'acc' implicitly has an 'any' type.
client/src/components/PayrollImportTab.tsx(60,9): error TS2322: Type 'string[]' is not assignable to type 'ImportError[]'.
  Type 'string' is not assignable to type 'ImportError'.
client/src/components/PayrollImportTab.tsx(218,13): error TS2322: Type 'unknown[]' is not assignable to type '{ employeeId: string; paymentDate: string; basicSalary: number; allowances?: number | undefined; deductions?: number | undefined; netSalary?: number | undefined; status?: "draft" | "paid" | "processed" | undefined; }[]'.
  Type 'unknown' is not assignable to type '{ employeeId: string; paymentDate: string; basicSalary: number; allowances?: number | undefined; deductions?: number | undefined; netSalary?: number | undefined; status?: "draft" | "paid" | "processed" | undefined; }'.
client/src/components/ProcurementLPOs.tsx(601,40): error TS2304: Cannot find name 'lineItem'.
client/src/components/ProcurementOrders.tsx(660,40): error TS2304: Cannot find name 'lineItem'.
client/src/components/ProfessionalBudgeting.tsx(268,33): error TS7006: Parameter 'dept' implicitly has an 'any' type.
client/src/components/ProfessionalBudgeting.tsx(429,41): error TS7006: Parameter 'dept' implicitly has an 'any' type.
client/src/components/ProfessionalBudgeting.tsx(528,51): error TS7006: Parameter 'acc' implicitly has an 'any' type.
client/src/components/ProjectTimeline.tsx(232,73): error TS2322: Type '{ className: string; title: string; }' is not assignable to type 'IntrinsicAttributes & Omit<LucideProps, "ref"> & RefAttributes<SVGSVGElement>'.
  Property 'title' does not exist on type 'IntrinsicAttributes & Omit<LucideProps, "ref"> & RefAttributes<SVGSVGElement>'.
client/src/components/QuoteStatusTimeline.tsx(121,42): error TS2345: Argument of type 'Date | null | undefined' is not assignable to parameter of type 'Date | undefined'.
  Type 'null' is not assignable to type 'Date | undefined'.
client/src/components/QuoteStatusTimeline.tsx(125,66): error TS2345: Argument of type '{ key: string; label: string; date: null; } | { key: string; label: string; date: Date | undefined; } | undefined' is not assignable to parameter of type '{ key: string; label: string; date: null; } | { key: string; label: string; date: Date | undefined; }'.
  Type 'undefined' is not assignable to type '{ key: string; label: string; date: null; } | { key: string; label: string; date: Date | undefined; }'.
client/src/components/RichTextEditor.tsx(598,31): error TS2322: Type 'RefObject<HTMLDivElement | null>' is not assignable to type 'LegacyRef<HTMLDivElement> | undefined'.
  Type 'RefObject<HTMLDivElement | null>' is not assignable to type 'RefObject<HTMLDivElement>'.
    Type 'HTMLDivElement | null' is not assignable to type 'HTMLDivElement'.
      Type 'null' is not assignable to type 'HTMLDivElement'.
client/src/components/RoleBasedNavigation.tsx(75,32): error TS2345: Argument of type 'string | boolean' is not assignable to parameter of type 'string'.
  Type 'boolean' is not assignable to type 'string'.
client/src/components/RoleBasedNavigation.tsx(122,18): error TS18048: 'item.children' is possibly 'undefined'.
client/src/components/StaffAssignment.tsx(307,23): error TS2769: No overload matches this call.
  Overload 1 of 2, '(predicate: (value: { id: string; projectId: string; employeeId: string; role: string | null; hoursAllocated: number | null; startDate: string | null; endDate: string | null; isActive: boolean; createdAt: string | null; } | { ...; }, index: number, array: ({ ...; } | { ...; })[]) => value is { ...; } | { ...; }, thisArg?: any): ({ ...; } | { ...; })[]', gave the following error.
    Argument of type '(member: TeamMember) => boolean' is not assignable to parameter of type '(value: { id: string; projectId: string; employeeId: string; role: string | null; hoursAllocated: number | null; startDate: string | null; endDate: string | null; isActive: boolean; createdAt: string | null; } | { ...; }, index: number, array: ({ ...; } | { ...; })[]) => value is { ...; } | { ...; }'.
      Types of parameters 'member' and 'value' are incompatible.
        Type '{ id: string; projectId: string; employeeId: string; role: string | null; hoursAllocated: number | null; startDate: string | null; endDate: string | null; isActive: boolean; createdAt: string | null; } | { ...; }' is not assignable to type 'TeamMember'.
          Type '{ id: string; projectId: string; employeeId: string; role: string | null; hoursAllocated: number | null; startDate: string | null; endDate: string | null; isActive: boolean; createdAt: string | null; }' is not assignable to type 'TeamMember'.
            Types of property 'role' are incompatible.
              Type 'string | null' is not assignable to type 'string | undefined'.
                Type 'null' is not assignable to type 'string | undefined'.
  Overload 2 of 2, '(predicate: (value: { id: string; projectId: string; employeeId: string; role: string | null; hoursAllocated: number | null; startDate: string | null; endDate: string | null; isActive: boolean; createdAt: string | null; } | { ...; }, index: number, array: ({ ...; } | { ...; })[]) => unknown, thisArg?: any): ({ ...; } | { ...; })[]', gave the following error.
    Argument of type '(member: TeamMember) => boolean' is not assignable to parameter of type '(value: { id: string; projectId: string; employeeId: string; role: string | null; hoursAllocated: number | null; startDate: string | null; endDate: string | null; isActive: boolean; createdAt: string | null; } | { ...; }, index: number, array: ({ ...; } | { ...; })[]) => unknown'.
      Types of parameters 'member' and 'value' are incompatible.
        Type '{ id: string; projectId: string; employeeId: string; role: string | null; hoursAllocated: number | null; startDate: string | null; endDate: string | null; isActive: boolean; createdAt: string | null; } | { ...; }' is not assignable to type 'TeamMember'.
          Type '{ id: string; projectId: string; employeeId: string; role: string | null; hoursAllocated: number | null; startDate: string | null; endDate: string | null; isActive: boolean; createdAt: string | null; }' is not assignable to type 'TeamMember'.
            Types of property 'role' are incompatible.
              Type 'string | null' is not assignable to type 'string | undefined'.
                Type 'null' is not assignable to type 'string | undefined'.
client/src/components/StaffAssignment.tsx(308,20): error TS2345: Argument of type '(member: TeamMember) => JSX.Element' is not assignable to parameter of type '(value: { id: string; projectId: string; employeeId: string; role: string | null; hoursAllocated: number | null; startDate: string | null; endDate: string | null; isActive: boolean; createdAt: string | null; } | { ...; }, index: number, array: ({ ...; } | { ...; })[]) => Element'.
  Types of parameters 'member' and 'value' are incompatible.
    Type '{ id: string; projectId: string; employeeId: string; role: string | null; hoursAllocated: number | null; startDate: string | null; endDate: string | null; isActive: boolean; createdAt: string | null; } | { ...; }' is not assignable to type 'TeamMember'.
      Type '{ id: string; projectId: string; employeeId: string; role: string | null; hoursAllocated: number | null; startDate: string | null; endDate: string | null; isActive: boolean; createdAt: string | null; }' is not assignable to type 'TeamMember'.
        Types of property 'role' are incompatible.
          Type 'string | null' is not assignable to type 'string | undefined'.
            Type 'null' is not assignable to type 'string | undefined'.
client/src/components/StaffChat.tsx(82,64): error TS2339: Property 'useMutation' does not exist on type 'DecoratedQuery<{ input: { query: string; channelId?: string | undefined; }; output: { id: string; channelId: string | null; userId: string; userName: string; content: string; emoji: string | null; replyToId: string | null; ... 6 more ...; updatedAt: string | null; }[]; transformer: true; errorShape: DefaultErrorShap...'.
client/src/components/StaffChat.tsx(87,19): error TS2345: Argument of type '{ createdAt: Date; updatedAt: Date; id: string; channelId: string | null; userId: string; userName: string; content: string; emoji: string | null; replyToId: string | null; replyToUser: string | null; fileUrl: string | null; fileName: string | null; fileType: string | null; isEdited: number; }[]' is not assignable to parameter of type 'SetStateAction<StaffMessage[]>'.
  Type '{ createdAt: Date; updatedAt: Date; id: string; channelId: string | null; userId: string; userName: string; content: string; emoji: string | null; replyToId: string | null; replyToUser: string | null; fileUrl: string | null; fileName: string | null; fileType: string | null; isEdited: number; }[]' is not assignable to type 'StaffMessage[]'.
    Type '{ createdAt: Date; updatedAt: Date; id: string; channelId: string | null; userId: string; userName: string; content: string; emoji: string | null; replyToId: string | null; replyToUser: string | null; fileUrl: string | null; fileName: string | null; fileType: string | null; isEdited: number; }' is not assignable to type 'StaffMessage'.
      Types of property 'emoji' are incompatible.
        Type 'string | null' is not assignable to type 'string | undefined'.
          Type 'null' is not assignable to type 'string | undefined'.
client/src/components/StaffChat.tsx(89,29): error TS2769: No overload matches this call.
  Overload 1 of 4, '(value: string | number | Date): Date', gave the following error.
    Argument of type 'string | null' is not assignable to parameter of type 'string | number | Date'.
      Type 'null' is not assignable to type 'string | number | Date'.
  Overload 2 of 4, '(value: string | number): Date', gave the following error.
    Argument of type 'string | null' is not assignable to parameter of type 'string | number'.
      Type 'null' is not assignable to type 'string | number'.
client/src/components/StaffChat.tsx(90,29): error TS2769: No overload matches this call.
  Overload 1 of 4, '(value: string | number | Date): Date', gave the following error.
    Argument of type 'string | null' is not assignable to parameter of type 'string | number | Date'.
      Type 'null' is not assignable to type 'string | number | Date'.
  Overload 2 of 4, '(value: string | number): Date', gave the following error.
    Argument of type 'string | null' is not assignable to parameter of type 'string | number'.
      Type 'null' is not assignable to type 'string | number'.
client/src/components/StaffChat.tsx(136,31): error TS7006: Parameter 'm' implicitly has an 'any' type.
client/src/components/TeamWorkloadDashboard.tsx(40,59): error TS2339: Property 'teamWorkloadSummary' does not exist on type 'DecorateRouterRecord<{ ctx: TrpcContext; meta: object; errorShape: DefaultErrorShape; transformer: true; }, DecorateCreateRouterOptions<{ list: QueryProcedure<{ input: { limit?: number | undefined; offset?: number | undefined; } | undefined; output: { ...; }[]; meta: object; }>; ... 10 more ...; teamMembers: BuiltRo...'.
client/src/components/TeamWorkloadDashboard.tsx(523,55): error TS7006: Parameter 'project' implicitly has an 'any' type.
client/src/components/ui/chart.tsx(301,42): error TS2339: Property 'name' does not exist on type 'Payload'.
client/src/components/UnifiedModuleCard.tsx(21,3): error TS2300: Duplicate identifier 'stats'.
client/src/components/UnifiedModuleCard.tsx(33,3): error TS2300: Duplicate identifier 'stats'.
client/src/components/UnifiedModuleLayout.tsx(89,11): error TS2339: Property 'primaryColor' does not exist on type 'ThemeContextType'.
client/src/components/UnifiedModuleLayout.tsx(89,25): error TS2339: Property 'secondaryColor' does not exist on type 'ThemeContextType'.
client/src/components/UnifiedModuleLayout.tsx(89,41): error TS2339: Property 'borderRadius' does not exist on type 'ThemeContextType'.
client/src/hooks/useEnhancedDashboard.ts(2,21): error TS2307: Cannot find module '@/utils/api' or its corresponding type declarations.
client/src/hooks/useEnhancedDashboard.ts(59,22): error TS2339: Property 'id' does not exist on type 'void'.
client/src/hooks/useEnhancedPermissions.ts(2,21): error TS2307: Cannot find module '@/utils/api' or its corresponding type declarations.
client/src/hooks/useMobileHooks.ts(320,31): error TS2551: Property 'charging' does not exist on type 'BatteryStatus'. Did you mean 'isCharging'?
client/src/hooks/useMobileHooks.ts(326,15): error TS2339: Property 'addEventListener' does not exist on type 'BatteryStatus'.
client/src/hooks/useMobileHooks.ts(327,15): error TS2339: Property 'addEventListener' does not exist on type 'BatteryStatus'.
client/src/hooks/useMobileHooks.ts(328,15): error TS2339: Property 'addEventListener' does not exist on type 'BatteryStatus'.
client/src/hooks/useMobileHooks.ts(329,15): error TS2339: Property 'addEventListener' does not exist on type 'BatteryStatus'.
client/src/hooks/useMobileHooks.ts(332,17): error TS2339: Property 'removeEventListener' does not exist on type 'BatteryStatus'.
client/src/hooks/useMobileHooks.ts(333,17): error TS2339: Property 'removeEventListener' does not exist on type 'BatteryStatus'.
client/src/hooks/useMobileHooks.ts(334,17): error TS2339: Property 'removeEventListener' does not exist on type 'BatteryStatus'.
client/src/hooks/useMobileHooks.ts(335,17): error TS2339: Property 'removeEventListener' does not exist on type 'BatteryStatus'.
client/src/hooks/useNotificationSubscription.ts(58,23): error TS2367: This comparison appears to be unintentional because the types '"error" | "pending" | "idle" | "connecting"' and '"connected"' have no overlap.
client/src/hooks/useNotificationSubscription.ts(63,18): error TS2339: Property 'refetch' does not exist on type 'TRPCSubscriptionResult<RealtimeEvent, TRPCClientErrorLike<{ input: void; output: RealtimeEvent; transformer: true; errorShape: DefaultErrorShape; }>>'.
  Property 'refetch' does not exist on type 'TRPCSubscriptionIdleResult<RealtimeEvent>'.
client/src/hooks/usePersistFn.ts(14,15): error TS2540: Cannot assign to 'current' because it is a read-only property.
client/src/hooks/useRequireFeature.ts(15,17): error TS2339: Property 'isLoading' does not exist on type '{ refresh: () => Promise<QueryObserverResult<any, TRPCClientErrorLike<{ input: void; output: any; transformer: true; errorShape: DefaultErrorShape; }>>>; ... 6 more ...; isError: boolean; }'.
client/src/pages/AccountSettings.tsx(238,60): error TS7006: Parameter 'n' implicitly has an 'any' type.
client/src/pages/admin/AdminCronJobs.tsx(321,61): error TS2345: Argument of type '{ id: any; name: any; description: any; schedule: any; functionName: any; enabled: boolean; lastRun: any; nextRun: any; status: string; lastError: any; createdAt: any; updatedAt: any; }' is not assignable to parameter of type 'CronJob'.
  Types of property 'status' are incompatible.
    Type 'string' is not assignable to type '"success" | "failed" | "running" | "idle"'.
client/src/pages/admin/AdminEmailTemplates.tsx(248,16): error TS2802: Type 'Set<string>' can only be iterated through when using the '--downlevelIteration' flag or with a '--target' of 'es2015' or higher.
client/src/pages/admin/ApiKeysManagement.tsx(49,13): error TS2345: Argument of type '{ title: string; description: string; }' is not assignable to parameter of type 'string'.
client/src/pages/admin/ApiKeysManagement.tsx(52,29): error TS2345: Argument of type '{ title: string; description: string; variant: string; }' is not assignable to parameter of type 'string'.
client/src/pages/admin/ApiKeysManagement.tsx(56,13): error TS2345: Argument of type '{ title: string; }' is not assignable to parameter of type 'string'.
client/src/pages/admin/ApiKeysManagement.tsx(59,29): error TS2345: Argument of type '{ title: string; description: string; variant: string; }' is not assignable to parameter of type 'string'.
client/src/pages/admin/ApiKeysManagement.tsx(75,11): error TS2345: Argument of type '{ title: string; }' is not assignable to parameter of type 'string'.
client/src/pages/admin/BackupManagement.tsx(42,26): error TS2307: Cannot find module '@/hooks/use-toast' or its corresponding type declarations.
client/src/pages/admin/SessionManager.tsx(48,13): error TS2345: Argument of type '{ title: string; }' is not assignable to parameter of type 'string'.
client/src/pages/admin/SessionManager.tsx(52,13): error TS2345: Argument of type '{ title: string; description: string; variant: string; }' is not assignable to parameter of type 'string'.
client/src/pages/admin/TenantCommunications.tsx(148,29): error TS2345: Argument of type '{ subject: string; message: string; type: string; priority: string; status: string; recipientType: string; id: string; }' is not assignable to parameter of type '{ id: string; subject?: string | undefined; message?: string | undefined; type?: "update" | "maintenance" | "announcement" | "alert" | "notice" | undefined; priority?: "low" | "high" | "urgent" | "normal" | undefined; status?: "draft" | ... 2 more ... | undefined; recipientType?: "all_tenants" | ... 2 more ... | und...'.
  Types of property 'type' are incompatible.
    Type 'string' is not assignable to type '"update" | "maintenance" | "announcement" | "alert" | "notice" | undefined'.
client/src/pages/admin/TenantCommunications.tsx(150,29): error TS2345: Argument of type '{ subject: string; message: string; type: string; priority: string; status: string; recipientType: string; }' is not assignable to parameter of type '{ subject: string; message: string; type?: "update" | "maintenance" | "announcement" | "alert" | "notice" | undefined; priority?: "low" | "high" | "urgent" | "normal" | undefined; status?: "draft" | ... 2 more ... | undefined; recipientType?: "all_tenants" | ... 2 more ... | undefined; recipientFilter?: any; schedul...'.
  Types of property 'type' are incompatible.
    Type 'string' is not assignable to type '"update" | "maintenance" | "announcement" | "alert" | "notice" | undefined'.
client/src/pages/admin/WebsiteAdmin.tsx(638,35): error TS7006: Parameter 'link' implicitly has an 'any' type.
client/src/pages/admin/WebsiteAdmin.tsx(638,41): error TS7006: Parameter 'idx' implicitly has an 'any' type.
client/src/pages/admin/WebsiteAdmin.tsx(682,39): error TS7006: Parameter 'link' implicitly has an 'any' type.
client/src/pages/admin/WebsiteAdmin.tsx(682,45): error TS7006: Parameter 'idx' implicitly has an 'any' type.
client/src/pages/admin/WebsiteAdmin.tsx(1581,31): error TS7006: Parameter 'col' implicitly has an 'any' type.
client/src/pages/admin/WebsiteAdmin.tsx(1581,36): error TS7006: Parameter 'ci' implicitly has an 'any' type.
client/src/pages/admin/WebsiteAdmin.tsx(1592,31): error TS7006: Parameter 'link' implicitly has an 'any' type.
client/src/pages/admin/WebsiteAdmin.tsx(1592,37): error TS7006: Parameter 'li' implicitly has an 'any' type.
client/src/pages/AdvancedAnalytics.tsx(12,72): error TS2322: Type 'string' is not assignable to type '"daily" | "weekly" | "monthly" | "yearly"'.
client/src/pages/AdvancedAnalytics.tsx(14,73): error TS2345: Argument of type '{}' is not assignable to parameter of type '{ dataType: "expenses" | "revenue" | "transactions" | "customers"; sensitivity?: "low" | "medium" | "high" | undefined; } | unique symbol'.
client/src/pages/AdvancedReports.tsx(68,92): error TS2345: Argument of type '{}' is not assignable to parameter of type 'void | unique symbol'.
client/src/pages/AdvancedReports.tsx(99,48): error TS2339: Property 'map' does not exist on type 'never[] | { trends: { created: number; sent: number; accepted: number; converted: number; declined: number; revenue: number; month: string; }[]; totalMonths: number; }'.
  Property 'map' does not exist on type '{ trends: { created: number; sent: number; accepted: number; converted: number; declined: number; revenue: number; month: string; }[]; totalMonths: number; }'.
client/src/pages/AdvancedReports.tsx(287,72): error TS2345: Argument of type 'ValueType' is not assignable to parameter of type 'number'.
  Type 'string' is not assignable to type 'number'.
client/src/pages/AIInsights.tsx(21,67): error TS2339: Property 'query' does not exist on type 'DecoratedQuery<{ input: { period?: "week" | "month" | "year" | "quarter" | "today" | undefined; }; output: { period: "week" | "month" | "year" | "quarter" | "today"; topInsights: { id: string; title: string | null; ... 5 more ...; dataPoints: any; }[]; predictiveMetrics: { ...; }; anomalies: never[]; }; transformer:...'.
client/src/pages/AIInsights.tsx(29,67): error TS2339: Property 'query' does not exist on type 'DecoratedQuery<{ input: { entityType: string; entityId: number; forecastPeriod?: number | undefined; }; output: { entity: { type: string; id: number; }; forecast: { nextRevenue: { date: string | null; predicted: number; confidence: number; }[]; confidence: number; modelPerformance: { ...; }; }; seasonality: { ...; }...'.
client/src/pages/AIInsights.tsx(37,68): error TS2339: Property 'query' does not exist on type 'DecoratedQuery<{ input: { category: string; context?: Record<string, any> | undefined; limit?: number | undefined; }; output: { category: string; recommendations: { id: number; title: string; description: string; priority: string; estimatedImpact: any; successProbability: number; }[]; historicalAccuracy: number; bas...'.
client/src/pages/AIInsights.tsx(54,41): error TS7006: Parameter 'insight' implicitly has an 'any' type.
client/src/pages/AIInsights.tsx(54,50): error TS7006: Parameter 'idx' implicitly has an 'any' type.
client/src/pages/AIInsights.tsx(81,43): error TS7006: Parameter 'forecast' implicitly has an 'any' type.
client/src/pages/AIInsights.tsx(81,53): error TS7006: Parameter 'idx' implicitly has an 'any' type.
client/src/pages/AIInsights.tsx(105,53): error TS7006: Parameter 'rec' implicitly has an 'any' type.
client/src/pages/AIInsights.tsx(105,58): error TS7006: Parameter 'idx' implicitly has an 'any' type.
client/src/pages/AllowancesManagement.tsx(118,12): error TS2532: Object is possibly 'undefined'.
client/src/pages/AllowancesManagement.tsx(118,81): error TS2532: Object is possibly 'undefined'.
client/src/pages/AllowancesManagement.tsx(166,7): error TS2322: Type '"monthly" | "quarterly" | "annual" | "one_time"' is not assignable to type '"monthly"'.
  Type '"quarterly"' is not assignable to type '"monthly"'.
client/src/pages/ApiRevenue.tsx(25,76): error TS2339: Property 'totalRevenue' does not exist on type '{ activeApis: number; totalConfigs: number; configs: { id: string; apiId: string | null; name: string; pricingModel: string; basePrice: string | null; currency: string; rateLimit: number | null; ... 4 more ...; updatedAt: string | null; }[]; }'.
client/src/pages/ApiRevenue.tsx(27,75): error TS2339: Property 'totalSubscribers' does not exist on type '{ activeApis: number; totalConfigs: number; configs: { id: string; apiId: string | null; name: string; pricingModel: string; basePrice: string | null; currency: string; rateLimit: number | null; ... 4 more ...; updatedAt: string | null; }[]; }'.
client/src/pages/ApiRevenue.tsx(28,107): error TS2339: Property 'totalRevenue' does not exist on type '{ activeApis: number; totalConfigs: number; configs: { id: string; apiId: string | null; name: string; pricingModel: string; basePrice: string | null; currency: string; rateLimit: number | null; ... 4 more ...; updatedAt: string | null; }[]; }'.
client/src/pages/AppAnalytics.tsx(26,66): error TS2554: Expected 1-2 arguments, but got 0.
client/src/pages/Approvals.tsx(391,12): error TS2678: Type '"budget"' is not comparable to type '"invoice" | "payment" | "expense" | "purchase_order" | "leave_request"'.
client/src/pages/Approvals.tsx(394,12): error TS2678: Type '"lpo"' is not comparable to type '"invoice" | "payment" | "expense" | "purchase_order" | "leave_request"'.
client/src/pages/Approvals.tsx(424,12): error TS2678: Type '"budget"' is not comparable to type '"invoice" | "payment" | "expense" | "purchase_order" | "leave_request"'.
client/src/pages/Approvals.tsx(427,12): error TS2678: Type '"lpo"' is not comparable to type '"invoice" | "payment" | "expense" | "purchase_order" | "leave_request"'.
client/src/pages/Attendance.tsx(254,34): error TS2322: Type 'string' is not assignable to type '"default" | "secondary" | "destructive" | "outline" | null | undefined'.
client/src/pages/AutomationWorkflows.tsx(8,78): error TS2345: Argument of type '{}' is not assignable to parameter of type 'void | unique symbol'.
client/src/pages/AutomationWorkflows.tsx(83,60): error TS2353: Object literal may only specify known properties, and 'ruleId' does not exist in type '{ id: string; isActive: boolean; }'.
client/src/pages/BillingDashboard.tsx(263,63): error TS2345: Argument of type 'RevenueData[]' is not assignable to parameter of type 'Record<string, unknown>[]'.
  Type 'RevenueData' is not assignable to type 'Record<string, unknown>'.
    Index signature for type 'string' is missing in type 'RevenueData'.
client/src/pages/Blog.tsx(16,26): error TS2802: Type 'Set<unknown>' can only be iterated through when using the '--downlevelIteration' flag or with a '--target' of 'es2015' or higher.
client/src/pages/BulkExport.tsx(42,46): error TS2339: Property 'exportQuotesToCSV' does not exist on type 'DecorateRouterRecord<{ ctx: TrpcContext; meta: object; errorShape: DefaultErrorShape; transformer: true; }, DecorateCreateRouterOptions<{ updateInvoiceStatus: MutationProcedure<{ input: { ids: string[]; status: "partial" | ... 4 more ... | "overdue"; }; output: { ...; }; meta: object; }>; ... 6 more ...; deletePayme...'.
client/src/pages/BulkImport.tsx(38,50): error TS2339: Property 'bulkImportQuotes' does not exist on type 'DecorateRouterRecord<{ ctx: TrpcContext; meta: object; errorShape: DefaultErrorShape; transformer: true; }, DecorateCreateRouterOptions<{ updateInvoiceStatus: MutationProcedure<{ input: { ids: string[]; status: "partial" | ... 4 more ... | "overdue"; }; output: { ...; }; meta: object; }>; ... 6 more ...; deletePayme...'.
client/src/pages/BulkImport.tsx(66,18): error TS2345: Argument of type '{ row: number; quoteNumber: string; clientId: string; subject: string; total: number; status: string; }[]' is not assignable to parameter of type 'SetStateAction<CSVPreview[]>'.
  Type '{ row: number; quoteNumber: string; clientId: string; subject: string; total: number; status: string; }[]' is not assignable to type 'CSVPreview[]'.
    Type '{ row: number; quoteNumber: string; clientId: string; subject: string; total: number; status: string; }' is not assignable to type 'CSVPreview'.
      Types of property 'status' are incompatible.
        Type 'string' is not assignable to type '"valid" | "invalid"'.
client/src/pages/BulkOperations.tsx(80,48): error TS2339: Property 'listTemplates' does not exist on type 'DecorateRouterRecord<{ ctx: TrpcContext; meta: object; errorShape: DefaultErrorShape; transformer: true; }, DecorateCreateRouterOptions<{ list: QueryProcedure<{ input: { clientId?: string | undefined; status?: "draft" | ... 5 more ... | undefined; search?: string | undefined; limit?: number | undefined; offset?: num...'.
client/src/pages/BulkOperations.tsx(83,52): error TS2339: Property 'updateQuoteStatus' does not exist on type 'DecorateRouterRecord<{ ctx: TrpcContext; meta: object; errorShape: DefaultErrorShape; transformer: true; }, DecorateCreateRouterOptions<{ updateInvoiceStatus: MutationProcedure<{ input: { ids: string[]; status: "partial" | ... 4 more ... | "overdue"; }; output: { ...; }; meta: object; }>; ... 6 more ...; deletePayme...'.
client/src/pages/BulkOperations.tsx(84,52): error TS2339: Property 'deleteQuotes' does not exist on type 'DecorateRouterRecord<{ ctx: TrpcContext; meta: object; errorShape: DefaultErrorShape; transformer: true; }, DecorateCreateRouterOptions<{ updateInvoiceStatus: MutationProcedure<{ input: { ids: string[]; status: "partial" | ... 4 more ... | "overdue"; }; output: { ...; }; meta: object; }>; ... 6 more ...; deletePayme...'.
client/src/pages/BulkOperations.tsx(85,52): error TS2339: Property 'generateBulkQuotes' does not exist on type 'DecorateRouterRecord<{ ctx: TrpcContext; meta: object; errorShape: DefaultErrorShape; transformer: true; }, DecorateCreateRouterOptions<{ updateInvoiceStatus: MutationProcedure<{ input: { ids: string[]; status: "partial" | ... 4 more ... | "overdue"; }; output: { ...; }; meta: object; }>; ... 6 more ...; deletePayme...'.
client/src/pages/BulkOperations.tsx(86,46): error TS2339: Property 'exportQuotesToCSV' does not exist on type 'DecorateRouterRecord<{ ctx: TrpcContext; meta: object; errorShape: DefaultErrorShape; transformer: true; }, DecorateCreateRouterOptions<{ updateInvoiceStatus: MutationProcedure<{ input: { ids: string[]; status: "partial" | ... 4 more ... | "overdue"; }; output: { ...; }; meta: object; }>; ... 6 more ...; deletePayme...'.
client/src/pages/BulkOperations.tsx(357,19): error TS2322: Type 'Element' is not assignable to type 'ForwardRefExoticComponent<Omit<LucideProps, "ref"> & RefAttributes<SVGSVGElement>>'.
  Types of property '$$typeof' are incompatible.
    Type 'string | symbol | undefined' is not assignable to type 'symbol'.
      Type 'undefined' is not assignable to type 'symbol'.
client/src/pages/ChangePassword.tsx(101,37): error TS2345: Argument of type '{ currentPassword: string; newPassword: string; }' is not assignable to parameter of type '{ currentPassword: string; newPassword: string; confirmPassword: string; }'.
  Property 'confirmPassword' is missing in type '{ currentPassword: string; newPassword: string; }' but required in type '{ currentPassword: string; newPassword: string; confirmPassword: string; }'.
client/src/pages/ChartOfAccounts.tsx(151,36): error TS2345: Argument of type 'string' is not assignable to parameter of type '{ id: string; force?: boolean | undefined; }'.
client/src/pages/ChartOfAccountsDetails.tsx(39,34): error TS2345: Argument of type 'string' is not assignable to parameter of type '{ id: string; force?: boolean | undefined; }'.
client/src/pages/ClientPerformance.tsx(45,33): error TS2339: Property 'clients' does not exist on type '{ topClients: { conversionRate: number; averageValue: number; clientId: string; totalQuotes: number; convertedQuotes: number; totalValue: number; }[]; totalUniqueClients: number; averageClientValue: number; }'.
client/src/pages/ClientPerformance.tsx(45,47): error TS7006: Parameter 'client' implicitly has an 'any' type.
client/src/pages/ClientPerformance.tsx(67,79): error TS2339: Property 'topClientValue' does not exist on type '{ topClients: { conversionRate: number; averageValue: number; clientId: string; totalQuotes: number; convertedQuotes: number; totalValue: number; }[]; totalUniqueClients: number; averageClientValue: number; }'.
client/src/pages/ClientPerformance.tsx(69,83): error TS2339: Property 'totalClientRevenue' does not exist on type '{ topClients: { conversionRate: number; averageValue: number; clientId: string; totalQuotes: number; convertedQuotes: number; totalValue: number; }[]; totalUniqueClients: number; averageClientValue: number; }'.
client/src/pages/ClientPerformance.tsx(70,62): error TS2339: Property 'clients' does not exist on type '{ topClients: { conversionRate: number; averageValue: number; clientId: string; totalQuotes: number; convertedQuotes: number; totalValue: number; }[]; totalUniqueClients: number; averageClientValue: number; }'.
client/src/pages/ClientPerformance.tsx(85,61): error TS2345: Argument of type 'ValueType' is not assignable to parameter of type 'number'.
  Type 'string' is not assignable to type 'number'.
client/src/pages/ClientPerformance.tsx(140,30): error TS2339: Property 'clients' does not exist on type '{ topClients: { conversionRate: number; averageValue: number; clientId: string; totalQuotes: number; convertedQuotes: number; totalValue: number; }[]; totalUniqueClients: number; averageClientValue: number; }'.
client/src/pages/ClientPerformance.tsx(140,44): error TS7006: Parameter 'client' implicitly has an 'any' type.
client/src/pages/ClientPerformance.tsx(140,52): error TS7006: Parameter 'idx' implicitly has an 'any' type.
client/src/pages/ClientPerformance.tsx(183,28): error TS2339: Property 'clients' does not exist on type '{ topClients: { conversionRate: number; averageValue: number; clientId: string; totalQuotes: number; convertedQuotes: number; totalValue: number; }[]; totalUniqueClients: number; averageClientValue: number; }'.
client/src/pages/ClientPerformance.tsx(183,45): error TS7006: Parameter 'c' implicitly has an 'any' type.
client/src/pages/ClientPerformance.tsx(193,30): error TS2339: Property 'clients' does not exist on type '{ topClients: { conversionRate: number; averageValue: number; clientId: string; totalQuotes: number; convertedQuotes: number; totalValue: number; }[]; totalUniqueClients: number; averageClientValue: number; }'.
client/src/pages/ClientPerformance.tsx(193,47): error TS7006: Parameter 'c' implicitly has an 'any' type.
client/src/pages/ClientPerformance.tsx(200,30): error TS2339: Property 'clients' does not exist on type '{ topClients: { conversionRate: number; averageValue: number; clientId: string; totalQuotes: number; convertedQuotes: number; totalValue: number; }[]; totalUniqueClients: number; averageClientValue: number; }'.
client/src/pages/ClientPerformance.tsx(200,47): error TS7006: Parameter 'c' implicitly has an 'any' type.
client/src/pages/ClientPerformance.tsx(210,37): error TS2339: Property 'clients' does not exist on type '{ topClients: { conversionRate: number; averageValue: number; clientId: string; totalQuotes: number; convertedQuotes: number; totalValue: number; }[]; totalUniqueClients: number; averageClientValue: number; }'.
client/src/pages/ClientPerformance.tsx(210,57): error TS7006: Parameter 'client' implicitly has an 'any' type.
client/src/pages/ClientPortal.tsx(76,61): error TS2769: No overload matches this call.
  Overload 1 of 2, '(input: { invoiceId?: string | undefined; clientId?: string | undefined; status?: "completed" | "active" | "cancelled" | "paused" | undefined; } | typeof skipToken, opts: DefinedUseTRPCQueryOptions<...>): DefinedUseTRPCQueryResult<...>', gave the following error.
    Argument of type 'undefined' is not assignable to parameter of type '{ invoiceId?: string | undefined; clientId?: string | undefined; status?: "completed" | "active" | "cancelled" | "paused" | undefined; } | unique symbol'.
  Overload 2 of 2, '(input: { invoiceId?: string | undefined; clientId?: string | undefined; status?: "completed" | "active" | "cancelled" | "paused" | undefined; } | typeof skipToken, opts?: UseTRPCQueryOptions<...> | undefined): UseTRPCQueryResult<...>', gave the following error.
    Argument of type 'undefined' is not assignable to parameter of type '{ invoiceId?: string | undefined; clientId?: string | undefined; status?: "completed" | "active" | "cancelled" | "paused" | undefined; } | unique symbol'.
client/src/pages/ClientPortal.tsx(87,64): error TS2769: No overload matches this call.
  Overload 1 of 2, '(input: { projectId?: string | undefined; status?: "in_progress" | "completed" | "planning" | "on_hold" | "cancelled" | undefined; } | typeof skipToken, opts: DefinedUseTRPCQueryOptions<{ id: string; ... 15 more ...; updatedAt: string | null; }[], { ...; }[], TRPCClientErrorLike<...>, { ...; }[]>): DefinedUseTRPCQueryResult<...>', gave the following error.
    Argument of type 'undefined' is not assignable to parameter of type '{ projectId?: string | undefined; status?: "in_progress" | "completed" | "planning" | "on_hold" | "cancelled" | undefined; } | unique symbol'.
  Overload 2 of 2, '(input: { projectId?: string | undefined; status?: "in_progress" | "completed" | "planning" | "on_hold" | "cancelled" | undefined; } | typeof skipToken, opts?: UseTRPCQueryOptions<{ id: string; ... 15 more ...; updatedAt: string | null; }[], { ...; }[], TRPCClientErrorLike<...>, { ...; }[]> | undefined): UseTRPCQueryResult<...>', gave the following error.
    Argument of type 'undefined' is not assignable to parameter of type '{ projectId?: string | undefined; status?: "in_progress" | "completed" | "planning" | "on_hold" | "cancelled" | undefined; } | unique symbol'.
client/src/pages/Clients.tsx(278,33): error TS2345: Argument of type '{ companyName: string; contactPerson: string; email: string | undefined; phone: string | undefined; address: string | undefined; city: string | undefined; country: string | undefined; ... 8 more ...; assignedTo: string | undefined; }' is not assignable to parameter of type '{ companyName: string; yearEstablished: unknown; numberOfEmployees: unknown; creditLimit: unknown; contactPerson?: string | undefined; email?: string | undefined; phone?: string | undefined; address?: string | undefined; ... 21 more ...; clientPassword?: string | undefined; }'.
  Type '{ companyName: string; contactPerson: string; email: string | undefined; phone: string | undefined; address: string | undefined; city: string | undefined; country: string | undefined; ... 8 more ...; assignedTo: string | undefined; }' is missing the following properties from type '{ companyName: string; yearEstablished: unknown; numberOfEmployees: unknown; creditLimit: unknown; contactPerson?: string | undefined; email?: string | undefined; phone?: string | undefined; address?: string | undefined; ... 21 more ...; clientPassword?: string | undefined; }': yearEstablished, numberOfEmployees, creditLimit
client/src/pages/Clients.tsx(778,210): error TS2345: Argument of type '{ id: string; status: "active" | "inactive"; }' is not assignable to parameter of type '{ id: string; yearEstablished: unknown; numberOfEmployees: unknown; creditLimit: unknown; companyName?: string | undefined; contactPerson?: string | undefined; email?: string | undefined; phone?: string | undefined; ... 20 more ...; notes?: string | undefined; }'.
  Type '{ id: string; status: "active" | "inactive"; }' is missing the following properties from type '{ id: string; yearEstablished: unknown; numberOfEmployees: unknown; creditLimit: unknown; companyName?: string | undefined; contactPerson?: string | undefined; email?: string | undefined; phone?: string | undefined; ... 20 more ...; notes?: string | undefined; }': yearEstablished, numberOfEmployees, creditLimit
client/src/pages/Collaboration.tsx(7,96): error TS2345: Argument of type '{}' is not assignable to parameter of type '{ teamId: string; limit?: number | undefined; } | unique symbol'.
client/src/pages/ComponentLibrary.tsx(16,23): error TS7006: Parameter 'text' implicitly has an 'any' type.
client/src/pages/ComponentLibrary.tsx(23,6): error TS2304: Cannot find name 'ModuleLayout'.
client/src/pages/ComponentLibrary.tsx(88,10): error TS2304: Cannot find name 'ModuleLayout'.
client/src/pages/ComponentLibrary.tsx(94,7): error TS2304: Cannot find name 'ModuleLayout'.
client/src/pages/ComponentShowcase.tsx(209,14): error TS2304: Cannot find name 'LayoutGrid'.
client/src/pages/Contacts.tsx(109,7): error TS2769: No overload matches this call.
  Overload 1 of 2, '(input: void | { limit?: number | undefined; offset?: number | undefined; clientId?: string | undefined; search?: string | undefined; } | typeof skipToken | undefined, opts: DefinedUseTRPCQueryOptions<...>): DefinedUseTRPCQueryResult<...>', gave the following error.
    Object literal may only specify known properties, and 'keepPreviousData' does not exist in type 'DefinedUseTRPCQueryOptions<{ data: { id: string; organizationId: string | null; clientId: string | null; salutation: string | null; firstName: string; lastName: string; email: string | null; phone: string | null; ... 12 more ...; updatedAt: string | null; }[]; total: number; }, { ...; }, TRPCClientErrorLike<...>, { ...'.
  Overload 2 of 2, '(input: void | { limit?: number | undefined; offset?: number | undefined; clientId?: string | undefined; search?: string | undefined; } | typeof skipToken | undefined, opts?: UseTRPCQueryOptions<...> | undefined): UseTRPCQueryResult<...>', gave the following error.
    Object literal may only specify known properties, and 'keepPreviousData' does not exist in type 'UseTRPCQueryOptions<{ data: { id: string; organizationId: string | null; clientId: string | null; salutation: string | null; firstName: string; lastName: string; email: string | null; phone: string | null; ... 12 more ...; updatedAt: string | null; }[]; total: number; }, { ...; }, TRPCClientErrorLike<...>, { ...; }>'.
client/src/pages/Contacts.tsx(422,31): error TS2322: Type 'string | undefined' is not assignable to type 'string'.
  Type 'undefined' is not assignable to type 'string'.
client/src/pages/Contacts.tsx(428,31): error TS2322: Type 'string | undefined' is not assignable to type 'string'.
  Type 'undefined' is not assignable to type 'string'.
client/src/pages/Contacts.tsx(432,31): error TS2322: Type 'string | undefined' is not assignable to type 'string'.
  Type 'undefined' is not assignable to type 'string'.
client/src/pages/Contacts.tsx(438,34): error TS2322: Type 'string | undefined' is not assignable to type 'string'.
  Type 'undefined' is not assignable to type 'string'.
client/src/pages/ContractDetails.tsx(77,31): error TS2769: No overload matches this call.
  Overload 1 of 4, '(value: string | number | Date): Date', gave the following error.
    Argument of type 'string | null' is not assignable to parameter of type 'string | number | Date'.
      Type 'null' is not assignable to type 'string | number | Date'.
  Overload 2 of 4, '(value: string | number): Date', gave the following error.
    Argument of type 'string | null' is not assignable to parameter of type 'string | number'.
      Type 'null' is not assignable to type 'string | number'.
client/src/pages/ContractManagement.tsx(124,13): error TS2345: Argument of type '{ name: any; vendor: any; startDate: any; endDate: any; value: string; status: any; contractType: any; description: any; notes: any; }' is not assignable to parameter of type 'SetStateAction<{ name: string; vendor: string; startDate: string; endDate: string; value: string; status: "draft"; contractType: string; description: string; notes: string; documentTemplateId: string; }>'.
  Property 'documentTemplateId' is missing in type '{ name: any; vendor: any; startDate: any; endDate: any; value: string; status: any; contractType: any; description: any; notes: any; }' but required in type '{ name: string; vendor: string; startDate: string; endDate: string; value: string; status: "draft"; contractType: string; description: string; notes: string; documentTemplateId: string; }'.
client/src/pages/ContractTemplates.tsx(250,104): error TS7006: Parameter 'n' implicitly has an 'any' type.
client/src/pages/ConversionAnalytics.tsx(106,66): error TS2345: Argument of type 'ValueType' is not assignable to parameter of type 'number'.
  Type 'string' is not assignable to type 'number'.
client/src/pages/CreateBudget.tsx(80,38): error TS7006: Parameter 'dept' implicitly has an 'any' type.
client/src/pages/CreateClient.tsx(387,33): error TS2322: Type '{ id: string; value: string; onChange: (v: string) => void; placeholder: string; minHeight: string; }' is not assignable to type 'IntrinsicAttributes & RichTextEditorProps'.
  Property 'id' does not exist on type 'IntrinsicAttributes & RichTextEditorProps'.
client/src/pages/CreateClient.tsx(425,16): error TS2304: Cannot find name 'ArrowLeft'.
client/src/pages/CreateCreditNote.tsx(52,5): error TS2769: No overload matches this call.
  Overload 1 of 2, '(input: void | typeof skipToken, opts: DefinedUseTRPCQueryOptions<string, string, TRPCClientErrorLike<{ errorShape: DefaultErrorShape; transformer: true; }>, string>): DefinedUseTRPCQueryResult<...>', gave the following error.
    Object literal may only specify known properties, and 'onSuccess' does not exist in type 'DefinedUseTRPCQueryOptions<string, string, TRPCClientErrorLike<{ errorShape: DefaultErrorShape; transformer: true; }>, string>'.
  Overload 2 of 2, '(input: void | typeof skipToken, opts?: UseTRPCQueryOptions<string, string, TRPCClientErrorLike<{ input: void; output: string; transformer: true; errorShape: DefaultErrorShape; }>, string> | undefined): UseTRPCQueryResult<...>', gave the following error.
    Object literal may only specify known properties, and 'onSuccess' does not exist in type 'UseTRPCQueryOptions<string, string, TRPCClientErrorLike<{ input: void; output: string; transformer: true; errorShape: DefaultErrorShape; }>, string>'.
client/src/pages/CreateCreditNote.tsx(52,17): error TS7006: Parameter 'num' implicitly has an 'any' type.
client/src/pages/CreateDebitNote.tsx(90,27): error TS2345: Argument of type '{ debitNoteNumber: string; issueDate: string; supplierId: string; supplierName: string; reason: any; items: { description: string; quantity: number; unitPrice: number; total: number; }[]; subtotal: number; total: number; notes: string | undefined; status: "draft" | ... 1 more ... | "settled"; }' is not assignable to parameter of type '{ debitNoteNumber: string; issueDate: unknown; supplierId: string; supplierName: string; reason: "quality-shortage" | "price-adjustment" | "damaged" | "underdelivery" | "penalty"; items: { description: string; ... 4 more ...; taxAmount?: number | undefined; }[]; ... 5 more ...; status?: "void" | ... 3 more ... | und...'.
  Property 'taxAmount' is missing in type '{ debitNoteNumber: string; issueDate: string; supplierId: string; supplierName: string; reason: any; items: { description: string; quantity: number; unitPrice: number; total: number; }[]; subtotal: number; total: number; notes: string | undefined; status: "draft" | ... 1 more ... | "settled"; }' but required in type '{ debitNoteNumber: string; issueDate: unknown; supplierId: string; supplierName: string; reason: "quality-shortage" | "price-adjustment" | "damaged" | "underdelivery" | "penalty"; items: { description: string; ... 4 more ...; taxAmount?: number | undefined; }[]; ... 5 more ...; status?: "void" | ... 3 more ... | und...'.
client/src/pages/CreateOpportunity.tsx(432,16): error TS2304: Cannot find name 'ArrowLeft'.
client/src/pages/CreatePayment.tsx(217,75): error TS2339: Property 'grandTotal' does not exist on type '{ id: string; organizationId: string | null; invoiceNumber: string; clientId: string; estimateId: string | null; title: string | null; status: "partial" | "cancelled" | "draft" | "sent" | "paid" | "overdue"; ... 15 more ...; clientSubscriptionId: string | null; }'.
client/src/pages/CreatePayment.tsx(217,109): error TS2339: Property 'grandTotal' does not exist on type '{ id: string; organizationId: string | null; invoiceNumber: string; clientId: string; estimateId: string | null; title: string | null; status: "partial" | "cancelled" | "draft" | "sent" | "paid" | "overdue"; ... 15 more ...; clientSubscriptionId: string | null; }'.
client/src/pages/CreateProduct.tsx(27,372): error TS2322: Type 'number | undefined' is not assignable to type 'number'.
  Type 'undefined' is not assignable to type 'number'.
client/src/pages/CreateQuote.tsx(65,29): error TS2339: Property 'clients' does not exist on type '"The property 'useContext' in your router collides with a built-in method, rename this router or procedure on your backend." | "The property 'useUtils' in your router collides with a built-in method, rename this router or procedure on your backend." | "The property 'Provider' in your router collides with a built-in ...'.
  Property 'clients' does not exist on type '"The property 'useContext' in your router collides with a built-in method, rename this router or procedure on your backend."'.
client/src/pages/CreateQuote.tsx(73,31): error TS2339: Property 'quotes' does not exist on type '"The property 'useContext' in your router collides with a built-in method, rename this router or procedure on your backend." | "The property 'useUtils' in your router collides with a built-in method, rename this router or procedure on your backend." | "The property 'Provider' in your router collides with a built-in ...'.
  Property 'quotes' does not exist on type '"The property 'useContext' in your router collides with a built-in method, rename this router or procedure on your backend."'.
client/src/pages/CreateQuote.tsx(145,15): error TS2339: Property 'errors' does not exist on type 'ZodError<unknown>'.
client/src/pages/CreateQuote.tsx(145,31): error TS7006: Parameter 'err' implicitly has an 'any' type.
client/src/pages/CreateSalaryStructure.tsx(192,35): error TS2345: Argument of type 'string | 0' is not assignable to parameter of type 'string'.
  Type 'number' is not assignable to type 'string'.
client/src/pages/CreateSalaryStructure.tsx(196,35): error TS2345: Argument of type 'string | 0' is not assignable to parameter of type 'string'.
  Type 'number' is not assignable to type 'string'.
client/src/pages/CreateSalaryStructure.tsx(200,35): error TS2345: Argument of type 'string | 0' is not assignable to parameter of type 'string'.
  Type 'number' is not assignable to type 'string'.
client/src/pages/CreateSalaryStructure.tsx(202,41): error TS2345: Argument of type 'string | 0' is not assignable to parameter of type 'string'.
  Type 'number' is not assignable to type 'string'.
client/src/pages/CreateSalaryStructure.tsx(206,34): error TS2345: Argument of type 'string | 0' is not assignable to parameter of type 'string'.
  Type 'number' is not assignable to type 'string'.
client/src/pages/CreateSalaryStructure.tsx(206,72): error TS2345: Argument of type 'string | 0' is not assignable to parameter of type 'string'.
  Type 'number' is not assignable to type 'string'.
client/src/pages/CreateSalaryStructure.tsx(207,34): error TS2345: Argument of type 'string | 0' is not assignable to parameter of type 'string'.
  Type 'number' is not assignable to type 'string'.
client/src/pages/CreateSalaryStructure.tsx(215,32): error TS2345: Argument of type 'string | 0' is not assignable to parameter of type 'string'.
  Type 'number' is not assignable to type 'string'.
client/src/pages/CreateSalaryStructure.tsx(216,32): error TS2345: Argument of type 'string | 0' is not assignable to parameter of type 'string'.
  Type 'number' is not assignable to type 'string'.
client/src/pages/CreateSalaryStructure.tsx(217,32): error TS2345: Argument of type 'string | 0' is not assignable to parameter of type 'string'.
  Type 'number' is not assignable to type 'string'.
client/src/pages/CreateSalaryStructure.tsx(218,34): error TS2345: Argument of type 'string | 0' is not assignable to parameter of type 'string'.
  Type 'number' is not assignable to type 'string'.
client/src/pages/CreateSalaryStructure.tsx(218,72): error TS2345: Argument of type 'string | 0' is not assignable to parameter of type 'string'.
  Type 'number' is not assignable to type 'string'.
client/src/pages/CreateSalaryStructure.tsx(219,34): error TS2345: Argument of type 'string | 0' is not assignable to parameter of type 'string'.
  Type 'number' is not assignable to type 'string'.
client/src/pages/CreateServiceTemplate.tsx(62,7): error TS2769: No overload matches this call.
  Overload 1 of 2, '(input: string | typeof skipToken, opts: DefinedUseTRPCQueryOptions<{ id: string; organizationId: string | null; name: string; description: string | null; category: string | null; hourlyRate: number | null; ... 9 more ...; updatedAt: string | null; } | null, { ...; } | null, TRPCClientErrorLike<...>, { ...; } | null>): DefinedUseTRPCQueryResult<...>', gave the following error.
    Object literal may only specify known properties, and 'onSuccess' does not exist in type 'DefinedUseTRPCQueryOptions<{ id: string; organizationId: string | null; name: string; description: string | null; category: string | null; hourlyRate: number | null; fixedPrice: number | null; unit: string | null; ... 7 more ...; updatedAt: string | null; } | null, { ...; } | null, TRPCClientErrorLike<...>, { ...; }...'.
  Overload 2 of 2, '(input: string | typeof skipToken, opts?: UseTRPCQueryOptions<{ id: string; organizationId: string | null; name: string; description: string | null; category: string | null; hourlyRate: number | null; ... 9 more ...; updatedAt: string | null; } | null, { ...; } | null, TRPCClientErrorLike<...>, { ...; } | null> | undefined): UseTRPCQueryResult<...>', gave the following error.
    Object literal may only specify known properties, and 'onSuccess' does not exist in type 'UseTRPCQueryOptions<{ id: string; organizationId: string | null; name: string; description: string | null; category: string | null; hourlyRate: number | null; fixedPrice: number | null; unit: string | null; ... 7 more ...; updatedAt: string | null; } | null, { ...; } | null, TRPCClientErrorLike<...>, { ...; } | null>'.
client/src/pages/CreateServiceTemplate.tsx(62,19): error TS7006: Parameter 'data' implicitly has an 'any' type.
client/src/pages/CreateServiceTemplate.tsx(79,17): error TS7006: Parameter 'error' implicitly has an 'any' type.
client/src/pages/CreateServiceTemplate.tsx(168,7): error TS2322: Type '{ children: Element; pageTitle: string; pageDescription: string; breadcrumbs: { label: string; href: string; }[]; secondaryAction: { label: string; icon: ForwardRefExoticComponent<Omit<LucideProps, "ref"> & RefAttributes<...>>; onClick: () => void; }; }' is not assignable to type 'IntrinsicAttributes & UnifiedModuleLayoutProps'.
  Property 'pageTitle' does not exist on type 'IntrinsicAttributes & UnifiedModuleLayoutProps'.
client/src/pages/CreateServiceTemplate.tsx(181,83): error TS2322: Type '"card"' is not assignable to type '"default" | "minimal" | "highlighted" | undefined'.
client/src/pages/CurrencyConverter.tsx(17,72): error TS2339: Property 'useMutation' does not exist on type 'DecoratedQuery<{ input: { from: string; to: string; amount: number; }; output: { from: string; to: string; amount: number; convertedAmount: number; rate: number; timestamp: Date; }; transformer: true; errorShape: DefaultErrorShape; }>'.
client/src/pages/CurrencyConverter.tsx(88,17): error TS2352: Conversion of type '{ configs: { config: any; id: string; configType: string; name: string; region: string | null; status: string; createdBy: string; createdAt: string | null; updatedAt: string | null; }[]; total: number; }' to type 'any[]' may be a mistake because neither type sufficiently overlaps with the other. If this was intentional, convert the expression to 'unknown' first.
  Type '{ configs: { config: any; id: string; configType: string; name: string; region: string | null; status: string; createdBy: string; createdAt: string | null; updatedAt: string | null; }[]; total: number; }' is missing the following properties from type 'any[]': length, pop, push, concat, and 35 more.
client/src/pages/CurrencyConverter.tsx(92,21): error TS2352: Conversion of type '{ configs: { config: any; id: string; configType: string; name: string; region: string | null; status: string; createdBy: string; createdAt: string | null; updatedAt: string | null; }[]; total: number; }' to type 'any[]' may be a mistake because neither type sufficiently overlaps with the other. If this was intentional, convert the expression to 'unknown' first.
  Type '{ configs: { config: any; id: string; configType: string; name: string; region: string | null; status: string; createdBy: string; createdAt: string | null; updatedAt: string | null; }[]; total: number; }' is missing the following properties from type 'any[]': length, pop, push, concat, and 35 more.
client/src/pages/CustomReportBuilder.tsx(96,7): error TS2769: No overload matches this call.
  Overload 1 of 2, '(input: { table: string; fields: string[]; filters?: { field: string; operator: "startsWith" | "eq" | "gt" | "lt" | "gte" | "lte" | "contains"; value: any; }[] | undefined; limit?: number | undefined; offset?: number | undefined; } | typeof skipToken, opts: DefinedUseTRPCQueryOptions<...>): DefinedUseTRPCQueryResult<...>', gave the following error.
    Type 'ReportFilter[]' is not assignable to type '{ field: string; operator: "startsWith" | "eq" | "gt" | "lt" | "gte" | "lte" | "contains"; value: any; }[]'.
      Type 'ReportFilter' is not assignable to type '{ field: string; operator: "startsWith" | "eq" | "gt" | "lt" | "gte" | "lte" | "contains"; value: any; }'.
        Types of property 'operator' are incompatible.
          Type 'string' is not assignable to type '"startsWith" | "eq" | "gt" | "lt" | "gte" | "lte" | "contains"'.
  Overload 2 of 2, '(input: { table: string; fields: string[]; filters?: { field: string; operator: "startsWith" | "eq" | "gt" | "lt" | "gte" | "lte" | "contains"; value: any; }[] | undefined; limit?: number | undefined; offset?: number | undefined; } | typeof skipToken, opts?: UseTRPCQueryOptions<...> | undefined): UseTRPCQueryResult<...>', gave the following error.
    Type 'ReportFilter[]' is not assignable to type '{ field: string; operator: "startsWith" | "eq" | "gt" | "lt" | "gte" | "lte" | "contains"; value: any; }[]'.
      Type 'ReportFilter' is not assignable to type '{ field: string; operator: "startsWith" | "eq" | "gt" | "lt" | "gte" | "lte" | "contains"; value: any; }'.
        Types of property 'operator' are incompatible.
          Type 'string' is not assignable to type '"startsWith" | "eq" | "gt" | "lt" | "gte" | "lte" | "contains"'.
client/src/pages/CustomReportBuilder.tsx(306,34): error TS7006: Parameter 'field' implicitly has an 'any' type.
client/src/pages/CustomReportBuilder.tsx(345,36): error TS7006: Parameter 'f' implicitly has an 'any' type.
client/src/pages/CustomReportBuilder.tsx(421,36): error TS7006: Parameter 'f' implicitly has an 'any' type.
client/src/pages/CustomReportBuilder.tsx(534,22): error TS2746: This JSX tag's 'children' prop expects a single child of type 'ReactElement<any, string | JSXElementConstructor<any>>', but multiple children were provided.
client/src/pages/DashboardBuilderPro.tsx(15,64): error TS2554: Expected 1-2 arguments, but got 0.
client/src/pages/DashboardBuilderPro.tsx(32,23): error TS2352: Conversion of type '{ dashboards: { widgets: any; sharedWith: any; id: string; name: string; description: string | null; layout: string; isPublic: number; createdBy: string; createdAt: string | null; updatedAt: string | null; }[]; total: number; }' to type 'any[]' may be a mistake because neither type sufficiently overlaps with the other. If this was intentional, convert the expression to 'unknown' first.
  Type '{ dashboards: { widgets: any; sharedWith: any; id: string; name: string; description: string | null; layout: string; isPublic: number; createdBy: string; createdAt: string | null; updatedAt: string | null; }[]; total: number; }' is missing the following properties from type 'any[]': length, pop, push, concat, and 35 more.
client/src/pages/dashboards/AccountantDashboard.tsx(233,44): error TS2339: Property 'invoices' does not exist on type 'never[] | { invoices: { id: string; organizationId: string | null; invoiceNumber: string; clientId: string; estimateId: string | null; title: string | null; status: "partial" | "cancelled" | "draft" | "sent" | "paid" | "overdue"; ... 15 more ...; clientSubscriptionId: string | null; }[]; estimates: { ...; }[]; expen...'.
  Property 'invoices' does not exist on type 'never[]'.
client/src/pages/dashboards/AccountantDashboard.tsx(233,93): error TS2339: Property 'expenses' does not exist on type 'never[] | { invoices: { id: string; organizationId: string | null; invoiceNumber: string; clientId: string; estimateId: string | null; title: string | null; status: "partial" | "cancelled" | "draft" | "sent" | "paid" | "overdue"; ... 15 more ...; clientSubscriptionId: string | null; }[]; estimates: { ...; }[]; expen...'.
  Property 'expenses' does not exist on type 'never[]'.
client/src/pages/dashboards/AccountantDashboard.tsx(286,33): error TS2339: Property 'id' does not exist on type '{ type: string; description: any; subtext: any; amount: number; date: any; isPositive: boolean; }'.
client/src/pages/dashboards/AccountantDashboard.tsx(310,57): error TS2339: Property 'invoices' does not exist on type 'never[] | { invoices: { id: string; organizationId: string | null; invoiceNumber: string; clientId: string; estimateId: string | null; title: string | null; status: "partial" | "cancelled" | "draft" | "sent" | "paid" | "overdue"; ... 15 more ...; clientSubscriptionId: string | null; }[]; estimates: { ...; }[]; expen...'.
  Property 'invoices' does not exist on type 'never[]'.
client/src/pages/dashboards/AccountantDashboard.tsx(310,92): error TS2339: Property 'invoices' does not exist on type 'never[] | { invoices: { id: string; organizationId: string | null; invoiceNumber: string; clientId: string; estimateId: string | null; title: string | null; status: "partial" | "cancelled" | "draft" | "sent" | "paid" | "overdue"; ... 15 more ...; clientSubscriptionId: string | null; }[]; estimates: { ...; }[]; expen...'.
  Property 'invoices' does not exist on type 'never[]'.
client/src/pages/dashboards/AccountantDashboard.tsx(317,57): error TS2339: Property 'expenses' does not exist on type 'never[] | { invoices: { id: string; organizationId: string | null; invoiceNumber: string; clientId: string; estimateId: string | null; title: string | null; status: "partial" | "cancelled" | "draft" | "sent" | "paid" | "overdue"; ... 15 more ...; clientSubscriptionId: string | null; }[]; estimates: { ...; }[]; expen...'.
  Property 'expenses' does not exist on type 'never[]'.
client/src/pages/dashboards/AccountantDashboard.tsx(317,92): error TS2339: Property 'expenses' does not exist on type 'never[] | { invoices: { id: string; organizationId: string | null; invoiceNumber: string; clientId: string; estimateId: string | null; title: string | null; status: "partial" | "cancelled" | "draft" | "sent" | "paid" | "overdue"; ... 15 more ...; clientSubscriptionId: string | null; }[]; estimates: { ...; }[]; expen...'.
  Property 'expenses' does not exist on type 'never[]'.
client/src/pages/dashboards/SalesManagerDashboard.tsx(10,59): error TS2554: Expected 1-2 arguments, but got 0.
client/src/pages/DeductionsManagement.tsx(112,12): error TS2532: Object is possibly 'undefined'.
client/src/pages/DeductionsManagement.tsx(112,81): error TS2532: Object is possibly 'undefined'.
client/src/pages/DeductionsManagement.tsx(160,7): error TS2322: Type '"monthly" | "quarterly" | "annual" | "one_time"' is not assignable to type '"monthly"'.
  Type '"quarterly"' is not assignable to type '"monthly"'.
client/src/pages/DeductionsManagement.tsx(168,30): error TS2802: Type 'Set<string>' can only be iterated through when using the '--downlevelIteration' flag or with a '--target' of 'es2015' or higher.
client/src/pages/DeliveryTracking.tsx(112,26): error TS2339: Property 'filter' does not exist on type 'never[] | { data: { id: string; dnNo: string; supplier: string; orderId: string | null; deliveryDate: string; items: number; status: "partial" | "pending" | "cancelled" | "delivered"; notes: string | null; createdBy: string; createdAt: string | null; updatedAt: string | null; }[]; total: number; }'.
  Property 'filter' does not exist on type '{ data: { id: string; dnNo: string; supplier: string; orderId: string | null; deliveryDate: string; items: number; status: "partial" | "pending" | "cancelled" | "delivered"; notes: string | null; createdBy: string; createdAt: string | null; updatedAt: string | null; }[]; total: number; }'.
client/src/pages/DeliveryTracking.tsx(118,26): error TS2339: Property 'filter' does not exist on type 'never[] | { data: { id: string; dnNo: string; supplier: string; orderId: string | null; deliveryDate: string; items: number; status: "partial" | "pending" | "cancelled" | "delivered"; notes: string | null; createdBy: string; createdAt: string | null; updatedAt: string | null; }[]; total: number; }'.
  Property 'filter' does not exist on type '{ data: { id: string; dnNo: string; supplier: string; orderId: string | null; deliveryDate: string; items: number; status: "partial" | "pending" | "cancelled" | "delivered"; notes: string | null; createdBy: string; createdAt: string | null; updatedAt: string | null; }[]; total: number; }'.
client/src/pages/DeliveryTracking.tsx(124,26): error TS2339: Property 'filter' does not exist on type 'never[] | { data: { id: string; dnNo: string; supplier: string; orderId: string | null; deliveryDate: string; items: number; status: "partial" | "pending" | "cancelled" | "delivered"; notes: string | null; createdBy: string; createdAt: string | null; updatedAt: string | null; }[]; total: number; }'.
  Property 'filter' does not exist on type '{ data: { id: string; dnNo: string; supplier: string; orderId: string | null; deliveryDate: string; items: number; status: "partial" | "pending" | "cancelled" | "delivered"; notes: string | null; createdBy: string; createdAt: string | null; updatedAt: string | null; }[]; total: number; }'.
client/src/pages/DeliveryTracking.tsx(130,26): error TS2339: Property 'length' does not exist on type 'never[] | { data: { id: string; dnNo: string; supplier: string; orderId: string | null; deliveryDate: string; items: number; status: "partial" | "pending" | "cancelled" | "delivered"; notes: string | null; createdBy: string; createdAt: string | null; updatedAt: string | null; }[]; total: number; }'.
  Property 'length' does not exist on type '{ data: { id: string; dnNo: string; supplier: string; orderId: string | null; deliveryDate: string; items: number; status: "partial" | "pending" | "cancelled" | "delivered"; notes: string | null; createdBy: string; createdAt: string | null; updatedAt: string | null; }[]; total: number; }'.
client/src/pages/DeliveryTracking.tsx(282,29): error TS2339: Property 'filter' does not exist on type 'never[] | { data: { id: string; dnNo: string; supplier: string; orderId: string | null; deliveryDate: string; items: number; status: "partial" | "pending" | "cancelled" | "delivered"; notes: string | null; createdBy: string; createdAt: string | null; updatedAt: string | null; }[]; total: number; }'.
  Property 'filter' does not exist on type '{ data: { id: string; dnNo: string; supplier: string; orderId: string | null; deliveryDate: string; items: number; status: "partial" | "pending" | "cancelled" | "delivered"; notes: string | null; createdBy: string; createdAt: string | null; updatedAt: string | null; }[]; total: number; }'.
client/src/pages/DeliveryTracking.tsx(283,28): error TS2339: Property 'filter' does not exist on type 'never[] | { data: { id: string; dnNo: string; supplier: string; orderId: string | null; deliveryDate: string; items: number; status: "partial" | "pending" | "cancelled" | "delivered"; notes: string | null; createdBy: string; createdAt: string | null; updatedAt: string | null; }[]; total: number; }'.
  Property 'filter' does not exist on type '{ data: { id: string; dnNo: string; supplier: string; orderId: string | null; deliveryDate: string; items: number; status: "partial" | "pending" | "cancelled" | "delivered"; notes: string | null; createdBy: string; createdAt: string | null; updatedAt: string | null; }[]; total: number; }'.
client/src/pages/DeliveryTracking.tsx(284,24): error TS2339: Property 'filter' does not exist on type 'never[] | { data: { id: string; dnNo: string; supplier: string; orderId: string | null; deliveryDate: string; items: number; status: "partial" | "pending" | "cancelled" | "delivered"; notes: string | null; createdBy: string; createdAt: string | null; updatedAt: string | null; }[]; total: number; }'.
  Property 'filter' does not exist on type '{ data: { id: string; dnNo: string; supplier: string; orderId: string | null; deliveryDate: string; items: number; status: "partial" | "pending" | "cancelled" | "delivered"; notes: string | null; createdBy: string; createdAt: string | null; updatedAt: string | null; }[]; total: number; }'.
client/src/pages/DeliveryTracking.tsx(285,25): error TS2339: Property 'filter' does not exist on type 'never[] | { data: { id: string; dnNo: string; supplier: string; orderId: string | null; deliveryDate: string; items: number; status: "partial" | "pending" | "cancelled" | "delivered"; notes: string | null; createdBy: string; createdAt: string | null; updatedAt: string | null; }[]; total: number; }'.
  Property 'filter' does not exist on type '{ data: { id: string; dnNo: string; supplier: string; orderId: string | null; deliveryDate: string; items: number; status: "partial" | "pending" | "cancelled" | "delivered"; notes: string | null; createdBy: string; createdAt: string | null; updatedAt: string | null; }[]; total: number; }'.
client/src/pages/Demo.tsx(289,29): error TS2322: Type '{ id: string; title: string; icon: React.JSX.Element; description: string; capabilities: string[]; }' is not assignable to type 'Key | null | undefined'.
client/src/pages/DepartmentPayrollReports.tsx(154,7): error TS2322: Type '"excel"' is not assignable to type '"xlsx" | "csv" | undefined'.
client/src/pages/Departments.tsx(216,31): error TS2353: Object literal may only specify known properties, and 'id' does not exist in type '(prevState: null) => null'.
client/src/pages/DisciplinaryRecords.tsx(40,5): error TS2353: Object literal may only specify known properties, and 'actionType' does not exist in type '{ employeeId?: string | undefined; type?: string | undefined; status?: string | undefined; }'.
client/src/pages/DisciplinaryRecords.tsx(70,24): error TS2345: Argument of type '{ employeeId: string; actionType: string; reason: string; description: string; incidentDate: string; status: string; outcome: string; id: any; }' is not assignable to parameter of type '{ id: string; type?: "verbal_warning" | "written_warning" | "final_warning" | "suspension" | "termination" | "counseling" | undefined; reason?: string | undefined; description?: string | undefined; actionTaken?: string | undefined; followUpDate?: string | undefined; outcome?: string | undefined; status?: "open" | .....'.
  Types of property 'status' are incompatible.
    Type 'string' is not assignable to type '"open" | "resolved" | "acknowledged" | "escalated" | "appealed" | undefined'.
client/src/pages/DisciplinaryRecords.tsx(91,52): error TS2339: Property 'warnings' does not exist on type '{ total: number; open: number; resolved: number; verbalWarnings: number; writtenWarnings: number; suspensions: number; } | { total: number; open: number; resolved: number; warnings: number; suspensions: number; }'.
  Property 'warnings' does not exist on type '{ total: number; open: number; resolved: number; verbalWarnings: number; writtenWarnings: number; suspensions: number; }'.
client/src/pages/DisciplinaryRecords.tsx(149,133): error TS2345: Argument of type '{ id: any; }' is not assignable to parameter of type 'string'.
client/src/pages/DocumentLibrary.tsx(7,52): error TS2554: Expected 1-2 arguments, but got 0.
client/src/pages/DocumentLibrary.tsx(8,22): error TS2352: Conversion of type '{ documents: { tags: any; id: string; organizationId: string | null; documentName: string; documentType: "other" | "contract" | "invoice" | "receipt" | "proposal" | "template" | "agreement" | null; ... 17 more ...; updatedAt: string | null; }[]; total: number; totalSize: number; }' to type 'any[]' may be a mistake because neither type sufficiently overlaps with the other. If this was intentional, convert the expression to 'unknown' first.
  Type '{ documents: { tags: any; id: string; organizationId: string | null; documentName: string; documentType: "other" | "contract" | "invoice" | "receipt" | "proposal" | "template" | "agreement" | null; ... 17 more ...; updatedAt: string | null; }[]; total: number; totalSize: number; }' is missing the following properties from type 'any[]': length, pop, push, concat, and 35 more.
client/src/pages/EditBankReconciliation.tsx(45,43): error TS2339: Property 'statementDate' does not exist on type '{ id: string; bankAccount: string; accountNumber: string; period: string; bankBalance: number; bookBalance: number; difference: number; status: string; reconciliationDate: string; matchedTransactions: number; unmatchedTransactions: number; transactions: { ...; }[]; }'.
client/src/pages/EditBankReconciliation.tsx(46,41): error TS2339: Property 'statementDate' does not exist on type '{ id: string; bankAccount: string; accountNumber: string; period: string; bankBalance: number; bookBalance: number; difference: number; status: string; reconciliationDate: string; matchedTransactions: number; unmatchedTransactions: number; transactions: { ...; }[]; }'.
client/src/pages/EditBankReconciliation.tsx(48,44): error TS2339: Property 'openingBalance' does not exist on type '{ id: string; bankAccount: string; accountNumber: string; period: string; bankBalance: number; bookBalance: number; difference: number; status: string; reconciliationDate: string; matchedTransactions: number; unmatchedTransactions: number; transactions: { ...; }[]; }'.
client/src/pages/EditBankReconciliation.tsx(48,81): error TS2339: Property 'openingBalance' does not exist on type '{ id: string; bankAccount: string; accountNumber: string; period: string; bankBalance: number; bookBalance: number; difference: number; status: string; reconciliationDate: string; matchedTransactions: number; unmatchedTransactions: number; transactions: { ...; }[]; }'.
client/src/pages/EditBankReconciliation.tsx(49,44): error TS2339: Property 'closingBalance' does not exist on type '{ id: string; bankAccount: string; accountNumber: string; period: string; bankBalance: number; bookBalance: number; difference: number; status: string; reconciliationDate: string; matchedTransactions: number; unmatchedTransactions: number; transactions: { ...; }[]; }'.
client/src/pages/EditBankReconciliation.tsx(49,81): error TS2339: Property 'closingBalance' does not exist on type '{ id: string; bankAccount: string; accountNumber: string; period: string; bankBalance: number; bookBalance: number; difference: number; status: string; reconciliationDate: string; matchedTransactions: number; unmatchedTransactions: number; transactions: { ...; }[]; }'.
client/src/pages/EditBankReconciliation.tsx(50,38): error TS2339: Property 'deposits' does not exist on type '{ id: string; bankAccount: string; accountNumber: string; period: string; bankBalance: number; bookBalance: number; difference: number; status: string; reconciliationDate: string; matchedTransactions: number; unmatchedTransactions: number; transactions: { ...; }[]; }'.
client/src/pages/EditBankReconciliation.tsx(50,69): error TS2339: Property 'deposits' does not exist on type '{ id: string; bankAccount: string; accountNumber: string; period: string; bankBalance: number; bookBalance: number; difference: number; status: string; reconciliationDate: string; matchedTransactions: number; unmatchedTransactions: number; transactions: { ...; }[]; }'.
client/src/pages/EditBankReconciliation.tsx(51,41): error TS2339: Property 'withdrawals' does not exist on type '{ id: string; bankAccount: string; accountNumber: string; period: string; bankBalance: number; bookBalance: number; difference: number; status: string; reconciliationDate: string; matchedTransactions: number; unmatchedTransactions: number; transactions: { ...; }[]; }'.
client/src/pages/EditBankReconciliation.tsx(51,75): error TS2339: Property 'withdrawals' does not exist on type '{ id: string; bankAccount: string; accountNumber: string; period: string; bankBalance: number; bookBalance: number; difference: number; status: string; reconciliationDate: string; matchedTransactions: number; unmatchedTransactions: number; transactions: { ...; }[]; }'.
client/src/pages/EditBankReconciliation.tsx(52,50): error TS2551: Property 'reconciliationStatus' does not exist on type '{ id: string; bankAccount: string; accountNumber: string; period: string; bankBalance: number; bookBalance: number; difference: number; status: string; reconciliationDate: string; matchedTransactions: number; unmatchedTransactions: number; transactions: { ...; }[]; }'. Did you mean 'reconciliationDate'?
client/src/pages/EditBankReconciliation.tsx(53,35): error TS2339: Property 'notes' does not exist on type '{ id: string; bankAccount: string; accountNumber: string; period: string; bankBalance: number; bookBalance: number; difference: number; status: string; reconciliationDate: string; matchedTransactions: number; unmatchedTransactions: number; transactions: { ...; }[]; }'.
client/src/pages/EditBankReconciliation.tsx(82,7): error TS2353: Object literal may only specify known properties, and 'statementDate' does not exist in type '{ id: string; bankAccount?: string | undefined; period?: string | undefined; bankBalance?: number | undefined; bookBalance?: number | undefined; notes?: string | undefined; }'.
client/src/pages/EditChartOfAccounts.tsx(61,41): error TS7006: Parameter 'acc' implicitly has an 'any' type.
client/src/pages/EditChartOfAccounts.tsx(110,39): error TS7006: Parameter 'acc' implicitly has an 'any' type.
client/src/pages/EditChartOfAccounts.tsx(174,57): error TS7006: Parameter 'acc' implicitly has an 'any' type.
client/src/pages/EditChartOfAccounts.tsx(247,31): error TS7006: Parameter 'acc' implicitly has an 'any' type.
client/src/pages/EditChartOfAccounts.tsx(248,28): error TS7006: Parameter 'acc' implicitly has an 'any' type.
client/src/pages/EditDebitNote.tsx(109,27): error TS2345: Argument of type '{ id: string; debitNoteNumber: string; issueDate: Date; supplierId: string; supplierName: string; reason: any; items: { description: string; quantity: number; unitPrice: number; total: number; }[]; total: number; notes: string | undefined; status: "draft" | ... 1 more ... | "settled"; }' is not assignable to parameter of type '{ id: string; debitNoteNumber: string; issueDate: unknown; supplierId: string; supplierName: string; reason: "quality-shortage" | "price-adjustment" | "damaged" | "underdelivery" | "penalty"; ... 6 more ...; status?: "void" | ... 3 more ... | undefined; }'.
  Type '{ id: string; debitNoteNumber: string; issueDate: Date; supplierId: string; supplierName: string; reason: any; items: { description: string; quantity: number; unitPrice: number; total: number; }[]; total: number; notes: string | undefined; status: "draft" | ... 1 more ... | "settled"; }' is missing the following properties from type '{ id: string; debitNoteNumber: string; issueDate: unknown; supplierId: string; supplierName: string; reason: "quality-shortage" | "price-adjustment" | "damaged" | "underdelivery" | "penalty"; ... 6 more ...; status?: "void" | ... 3 more ... | undefined; }': subtotal, taxAmount
client/src/pages/EditLPO.tsx(41,5): error TS2769: No overload matches this call.
  Overload 1 of 2, '(input: string | typeof skipToken, opts: DefinedUseTRPCQueryOptions<{ id: string; organizationId: string | null; lpoNumber: string; vendorId: string; description: string | null; amount: number; status: "draft" | ... 3 more ... | "received"; ... 5 more ...; updatedAt: string | null; } | null, { ...; } | null, TRPCClientErrorLike<...>, { ...; } | null>): DefinedUseTRPCQueryResult<...>', gave the following error.
    Object literal may only specify known properties, and 'onSuccess' does not exist in type 'DefinedUseTRPCQueryOptions<{ id: string; organizationId: string | null; lpoNumber: string; vendorId: string; description: string | null; amount: number; status: "draft" | "approved" | "rejected" | "submitted" | "received"; ... 5 more ...; updatedAt: string | null; } | null, { ...; } | null, TRPCClientErrorLike<...>,...'.
  Overload 2 of 2, '(input: string | typeof skipToken, opts?: UseTRPCQueryOptions<{ id: string; organizationId: string | null; lpoNumber: string; vendorId: string; description: string | null; amount: number; ... 6 more ...; updatedAt: string | null; } | null, { ...; } | null, TRPCClientErrorLike<...>, { ...; } | null> | undefined): UseTRPCQueryResult<...>', gave the following error.
    Object literal may only specify known properties, and 'onSuccess' does not exist in type 'UseTRPCQueryOptions<{ id: string; organizationId: string | null; lpoNumber: string; vendorId: string; description: string | null; amount: number; status: "draft" | "approved" | "rejected" | "submitted" | "received"; ... 5 more ...; updatedAt: string | null; } | null, { ...; } | null, TRPCClientErrorLike<...>, { ...;...'.
client/src/pages/EditLPO.tsx(41,17): error TS7006: Parameter 'data' implicitly has an 'any' type.
client/src/pages/EditSupplier.tsx(172,40): error TS2345: Argument of type '{ id: string; }' is not assignable to parameter of type 'string'.
client/src/pages/EmailCalendarIntegration.tsx(23,67): error TS2339: Property 'query' does not exist on type 'DecoratedQuery<{ input: { provider?: "gmail" | "outlook" | "exchange" | "imap" | undefined; }; output: { integrations: { id: string; provider: string; email: string | null; title: string | null; description: string | null; ... 8 more ...; updatedAt: string | null; }[]; total: number; }; transformer: true; errorShape...'.
client/src/pages/EmailCalendarIntegration.tsx(31,63): error TS2339: Property 'query' does not exist on type 'DecoratedQuery<{ input: { userIds: string[]; date: string; timezone?: string | undefined; }; output: { date: string; timezone: string; availability: { userId: string; slots: { start: string; end: string; status: string; }[]; }[]; }; transformer: true; errorShape: DefaultErrorShape; }>'.
client/src/pages/EmailCalendarIntegration.tsx(56,51): error TS7006: Parameter 'integration' implicitly has an 'any' type.
client/src/pages/EmailCalendarIntegration.tsx(56,64): error TS7006: Parameter 'idx' implicitly has an 'any' type.
client/src/pages/EmailCalendarIntegration.tsx(112,46): error TS7006: Parameter 'slot' implicitly has an 'any' type.
client/src/pages/EmailCalendarIntegration.tsx(112,52): error TS7006: Parameter 'idx' implicitly has an 'any' type.
client/src/pages/EmailQueue.tsx(53,35): error TS2339: Property 'items' does not exist on type '{ entries: { id: string; recipientEmail: string; recipientName: string | null; subject: string; htmlContent: string; textContent: string | null; eventType: string; entityType: string | null; ... 11 more ...; updatedAt: string | null; }[]; total: number; }'.
client/src/pages/EmailQueue.tsx(67,78): error TS2339: Property 'isLoading' does not exist on type 'UseTRPCMutationResult<{ success: boolean; processed: number; failed: number; total?: undefined; error?: undefined; } | { success: boolean; processed: number; failed: number; total: number; error?: undefined; } | { success: boolean; error: string; processed: number; failed: number; total?: undefined; }, TRPCClientErr...'.
  Property 'isLoading' does not exist on type 'TRPCHookResult & Override<MutationObserverIdleResult<{ success: boolean; processed: number; failed: number; total?: undefined; error?: undefined; } | { success: boolean; processed: number; failed: number; total: number; error?: undefined; } | { ...; }, TRPCClientErrorLike<...>, void, unknown>, { ...; }> & { ...; }'.
client/src/pages/EmailQueue.tsx(68,62): error TS2339: Property 'isLoading' does not exist on type 'UseTRPCMutationResult<{ success: boolean; processed: number; failed: number; total?: undefined; error?: undefined; } | { success: boolean; processed: number; failed: number; total: number; error?: undefined; } | { success: boolean; error: string; processed: number; failed: number; total?: undefined; }, TRPCClientErr...'.
  Property 'isLoading' does not exist on type 'TRPCHookResult & Override<MutationObserverIdleResult<{ success: boolean; processed: number; failed: number; total?: undefined; error?: undefined; } | { success: boolean; processed: number; failed: number; total: number; error?: undefined; } | { ...; }, TRPCClientErrorLike<...>, void, unknown>, { ...; }> & { ...; }'.
client/src/pages/Encryption.tsx(23,19): error TS2352: Conversion of type '{ events: { details: any; id: string; eventType: string; action: string | null; severity: string; resourceId: string | null; userId: string | null; status: string; ipAddress: string | null; createdBy: string; createdAt: string | null; }[]; total: number; } | undefined' to type 'any[]' may be a mistake because neither type sufficiently overlaps with the other. If this was intentional, convert the expression to 'unknown' first.
  Type '{ events: { details: any; id: string; eventType: string; action: string | null; severity: string; resourceId: string | null; userId: string | null; status: string; ipAddress: string | null; createdBy: string; createdAt: string | null; }[]; total: number; }' is missing the following properties from type 'any[]': length, pop, push, concat, and 35 more.
client/src/pages/EnhancedChangePassword.tsx(79,46): error TS2339: Property 'getPasswordPolicy' does not exist on type 'DecorateRouterRecord<{ ctx: TrpcContext; meta: object; errorShape: DefaultErrorShape; transformer: true; }, DecorateCreateRouterOptions<{ getMaintenanceStatus: QueryProcedure<{ input: void; output: { enabled: boolean; title: string; message: string; estimatedReturn: string; contactEmail: string; }; meta: object; }>;...'.
client/src/pages/EnhancedChangePassword.tsx(184,37): error TS2345: Argument of type '{ currentPassword: string; newPassword: string; }' is not assignable to parameter of type '{ currentPassword: string; newPassword: string; confirmPassword: string; }'.
  Property 'confirmPassword' is missing in type '{ currentPassword: string; newPassword: string; }' but required in type '{ currentPassword: string; newPassword: string; confirmPassword: string; }'.
client/src/pages/EnhancedReceiptManagement.tsx(39,28): error TS2307: Cannot find module '@/components/ui/date-picker' or its corresponding type declarations.
client/src/pages/EnhancedReceiptManagement.tsx(93,49): error TS2339: Property 'queueEmail' does not exist on type 'DecorateRouterRecord<{ ctx: TrpcContext; meta: object; errorShape: DefaultErrorShape; transformer: true; }, DecorateCreateRouterOptions<{ getStatus: QueryProcedure<{ input: void; output: Record<string, number>; meta: object; }>; getQueue: QueryProcedure<...>; processQueue: MutationProcedure<...>; retryEmail: Mutatio...'.
client/src/pages/EnhancedReceiptManagement.tsx(94,17): error TS7006: Parameter 'result' implicitly has an 'any' type.
client/src/pages/EnhancedReceiptManagement.tsx(99,15): error TS7006: Parameter 'error' implicitly has an 'any' type.
client/src/pages/EnhancedRolesPage.example.tsx(171,80): error TS2339: Property 'getLayout' does not exist on type 'DecorateRouterRecord<{ ctx: TrpcContext; meta: object; errorShape: DefaultErrorShape; transformer: true; }, DecorateCreateRouterOptions<{ stats: QueryProcedure<{ input: void; output: { totalRevenue: number; revenueGrowth: number; activeProjects: number; newProjects: number; totalClients: number; newClients: number; ...'.
client/src/pages/EnhancedRolesPage.example.tsx(174,48): error TS2339: Property 'saveLayout' does not exist on type 'DecorateRouterRecord<{ ctx: TrpcContext; meta: object; errorShape: DefaultErrorShape; transformer: true; }, DecorateCreateRouterOptions<{ stats: QueryProcedure<{ input: void; output: { totalRevenue: number; revenueGrowth: number; activeProjects: number; newProjects: number; totalClients: number; newClients: number; ...'.
client/src/pages/EnhancedRolesPage.example.tsx(178,15): error TS7006: Parameter 'error' implicitly has an 'any' type.
client/src/pages/EstimateDetails.tsx(140,38): error TS2339: Property 'phone' does not exist on type '{ name: any; email: any; address: any; }'.
client/src/pages/EstimateDetails.tsx(152,24): error TS2339: Property 'notes' does not exist on type '{ id: string; estimateNumber: any; status: any; issueDate: string; client: { name: any; email: any; address: any; }; items: any; subtotal: number; tax: number; total: number; }'.
client/src/pages/EstimateDetails.tsx(195,35): error TS7053: Element implicitly has an 'any' type because expression of type 'any' can't be used to index type '{ draft: string; sent: string; accepted: string; rejected: string; expired: string; }'.
client/src/pages/EstimateDetails.tsx(283,28): error TS2339: Property 'notes' does not exist on type '{ id: string; estimateNumber: any; status: any; issueDate: string; client: { name: any; email: any; address: any; }; items: any; subtotal: number; tax: number; total: number; }'.
client/src/pages/EstimateDetails.tsx(292,55): error TS2339: Property 'notes' does not exist on type '{ id: string; estimateNumber: any; status: any; issueDate: string; client: { name: any; email: any; address: any; }; items: any; subtotal: number; tax: number; total: number; }'.
client/src/pages/EstimateDetails.tsx(309,29): error TS2339: Property 'notes' does not exist on type '{ id: string; estimateNumber: any; status: any; issueDate: string; client: { name: any; email: any; address: any; }; items: any; subtotal: number; tax: number; total: number; }'.
client/src/pages/Estimates.tsx(315,135): error TS2554: Expected 2 arguments, but got 3.
client/src/pages/EtlMonitor.tsx(27,67): error TS2353: Object literal may only specify known properties, and 'sourceTable' does not exist in type '{ jobName: string; sourceSystem: string; targetTable: string; }'.
client/src/pages/ExecutiveDashboard.tsx(328,38): error TS2322: Type '{ dept: string; revenue: number; target: number; variance: number; status: string; prior: number; forecast: number; }[] | undefined' is not assignable to type 'any[]'.
  Type 'undefined' is not assignable to type 'any[]'.
client/src/pages/ExpenseBudgetReport.tsx(58,77): error TS2339: Property 'getByBudget' does not exist on type 'DecorateRouterRecord<{ ctx: TrpcContext; meta: object; errorShape: DefaultErrorShape; transformer: true; }, DecorateCreateRouterOptions<{ list: QueryProcedure<{ input: { limit?: number | undefined; offset?: number | undefined; status?: string | undefined; } | undefined; output: any; meta: object; }>; ... 17 more ......'.
client/src/pages/Expenses.tsx(368,154): error TS2339: Property 'vendorEmail' does not exist on type '{ id: any; date: string; category: any; description: any; amount: number; vendor: any; paymentMethod: any; status: any; receipt: any; }'.
client/src/pages/FinanceSettings.tsx(12,28): error TS2339: Property 'finance' does not exist on type '"The property 'useContext' in your router collides with a built-in method, rename this router or procedure on your backend." | "The property 'useUtils' in your router collides with a built-in method, rename this router or procedure on your backend." | "The property 'Provider' in your router collides with a built-in ...'.
  Property 'finance' does not exist on type '"The property 'useContext' in your router collides with a built-in method, rename this router or procedure on your backend."'.
client/src/pages/FinanceSettings.tsx(13,35): error TS2339: Property 'finance' does not exist on type '"The property 'useContext' in your router collides with a built-in method, rename this router or procedure on your backend." | "The property 'useUtils' in your router collides with a built-in method, rename this router or procedure on your backend." | "The property 'Provider' in your router collides with a built-in ...'.
  Property 'finance' does not exist on type '"The property 'useContext' in your router collides with a built-in method, rename this router or procedure on your backend."'.
client/src/pages/FinanceSettings.tsx(14,28): error TS2339: Property 'finance' does not exist on type '"The property 'useContext' in your router collides with a built-in method, rename this router or procedure on your backend." | "The property 'useUtils' in your router collides with a built-in method, rename this router or procedure on your backend." | "The property 'Provider' in your router collides with a built-in ...'.
  Property 'finance' does not exist on type '"The property 'useContext' in your router collides with a built-in method, rename this router or procedure on your backend."'.
client/src/pages/FinanceSettings.tsx(15,28): error TS2339: Property 'finance' does not exist on type '"The property 'useContext' in your router collides with a built-in method, rename this router or procedure on your backend." | "The property 'useUtils' in your router collides with a built-in method, rename this router or procedure on your backend." | "The property 'Provider' in your router collides with a built-in ...'.
  Property 'finance' does not exist on type '"The property 'useContext' in your router collides with a built-in method, rename this router or procedure on your backend."'.
client/src/pages/FinanceSettings.tsx(27,26): error TS2339: Property 'finance' does not exist on type '"The property 'useContext' in your router collides with a built-in method, rename this router or procedure on your backend." | "The property 'useUtils' in your router collides with a built-in method, rename this router or procedure on your backend." | "The property 'Provider' in your router collides with a built-in ...'.
  Property 'finance' does not exist on type '"The property 'useContext' in your router collides with a built-in method, rename this router or procedure on your backend."'.
client/src/pages/FinanceSettings.tsx(28,26): error TS2339: Property 'finance' does not exist on type '"The property 'useContext' in your router collides with a built-in method, rename this router or procedure on your backend." | "The property 'useUtils' in your router collides with a built-in method, rename this router or procedure on your backend." | "The property 'Provider' in your router collides with a built-in ...'.
  Property 'finance' does not exist on type '"The property 'useContext' in your router collides with a built-in method, rename this router or procedure on your backend."'.
client/src/pages/FinanceSettings.tsx(29,24): error TS2339: Property 'finance' does not exist on type '"The property 'useContext' in your router collides with a built-in method, rename this router or procedure on your backend." | "The property 'useUtils' in your router collides with a built-in method, rename this router or procedure on your backend." | "The property 'Provider' in your router collides with a built-in ...'.
  Property 'finance' does not exist on type '"The property 'useContext' in your router collides with a built-in method, rename this router or procedure on your backend."'.
client/src/pages/FinanceSettings.tsx(30,53): error TS2339: Property 'finance' does not exist on type '"The property 'useContext' in your router collides with a built-in method, rename this router or procedure on your backend." | "The property 'useUtils' in your router collides with a built-in method, rename this router or procedure on your backend." | "The property 'Provider' in your router collides with a built-in ...'.
  Property 'finance' does not exist on type '"The property 'useContext' in your router collides with a built-in method, rename this router or procedure on your backend."'.
client/src/pages/FinanceSettings.tsx(96,34): error TS2339: Property 'finance' does not exist on type '"The property 'useContext' in your router collides with a built-in method, rename this router or procedure on your backend." | "The property 'useUtils' in your router collides with a built-in method, rename this router or procedure on your backend." | "The property 'Provider' in your router collides with a built-in ...'.
  Property 'finance' does not exist on type '"The property 'useContext' in your router collides with a built-in method, rename this router or procedure on your backend."'.
client/src/pages/FinanceSettings.tsx(107,52): error TS7006: Parameter 'v' implicitly has an 'any' type.
client/src/pages/FinanceSettings.tsx(114,30): error TS7006: Parameter 'v' implicitly has an 'any' type.
client/src/pages/FinanceSettings.tsx(143,34): error TS2339: Property 'finance' does not exist on type '"The property 'useContext' in your router collides with a built-in method, rename this router or procedure on your backend." | "The property 'useUtils' in your router collides with a built-in method, rename this router or procedure on your backend." | "The property 'Provider' in your router collides with a built-in ...'.
  Property 'finance' does not exist on type '"The property 'useContext' in your router collides with a built-in method, rename this router or procedure on your backend."'.
client/src/pages/GlobalSettings.tsx(53,13): error TS2345: Argument of type '{ title: string; description: string; }' is not assignable to parameter of type 'string'.
client/src/pages/GlobalSettings.tsx(66,13): error TS2345: Argument of type '{ title: string; description: string; }' is not assignable to parameter of type 'string'.
client/src/pages/GlobalSettings.tsx(79,13): error TS2345: Argument of type '{ title: string; description: string; }' is not assignable to parameter of type 'string'.
client/src/pages/GRNManagement.tsx(129,20): error TS2339: Property 'length' does not exist on type 'never[] | { data: { id: string; organizationId: string | null; grnNo: string; supplier: string; invNo: string | null; receivedDate: string; items: number; value: number; status: "partial" | "pending" | "rejected" | "accepted"; notes: string | null; createdBy: string; createdAt: string | null; updatedAt: string | nul...'.
  Property 'length' does not exist on type '{ data: { id: string; organizationId: string | null; grnNo: string; supplier: string; invNo: string | null; receivedDate: string; items: number; value: number; status: "partial" | "pending" | "rejected" | "accepted"; notes: string | null; createdBy: string; createdAt: string | null; updatedAt: string | null; }[]; to...'.
client/src/pages/GRNManagement.tsx(135,20): error TS2339: Property 'filter' does not exist on type 'never[] | { data: { id: string; organizationId: string | null; grnNo: string; supplier: string; invNo: string | null; receivedDate: string; items: number; value: number; status: "partial" | "pending" | "rejected" | "accepted"; notes: string | null; createdBy: string; createdAt: string | null; updatedAt: string | nul...'.
  Property 'filter' does not exist on type '{ data: { id: string; organizationId: string | null; grnNo: string; supplier: string; invNo: string | null; receivedDate: string; items: number; value: number; status: "partial" | "pending" | "rejected" | "accepted"; notes: string | null; createdBy: string; createdAt: string | null; updatedAt: string | null; }[]; to...'.
client/src/pages/GRNManagement.tsx(141,20): error TS2339: Property 'filter' does not exist on type 'never[] | { data: { id: string; organizationId: string | null; grnNo: string; supplier: string; invNo: string | null; receivedDate: string; items: number; value: number; status: "partial" | "pending" | "rejected" | "accepted"; notes: string | null; createdBy: string; createdAt: string | null; updatedAt: string | nul...'.
  Property 'filter' does not exist on type '{ data: { id: string; organizationId: string | null; grnNo: string; supplier: string; invNo: string | null; receivedDate: string; items: number; value: number; status: "partial" | "pending" | "rejected" | "accepted"; notes: string | null; createdBy: string; createdAt: string | null; updatedAt: string | null; }[]; to...'.
client/src/pages/GRNManagement.tsx(147,20): error TS2339: Property 'filter' does not exist on type 'never[] | { data: { id: string; organizationId: string | null; grnNo: string; supplier: string; invNo: string | null; receivedDate: string; items: number; value: number; status: "partial" | "pending" | "rejected" | "accepted"; notes: string | null; createdBy: string; createdAt: string | null; updatedAt: string | nul...'.
  Property 'filter' does not exist on type '{ data: { id: string; organizationId: string | null; grnNo: string; supplier: string; invNo: string | null; receivedDate: string; items: number; value: number; status: "partial" | "pending" | "rejected" | "accepted"; notes: string | null; createdBy: string; createdAt: string | null; updatedAt: string | null; }[]; to...'.
client/src/pages/GRNManagement.tsx(338,18): error TS2339: Property 'map' does not exist on type 'never[] | { data: { id: string; organizationId: string | null; grnNo: string; supplier: string; invNo: string | null; receivedDate: string; items: number; value: number; status: "partial" | "pending" | "rejected" | "accepted"; notes: string | null; createdBy: string; createdAt: string | null; updatedAt: string | nul...'.
  Property 'map' does not exist on type '{ data: { id: string; organizationId: string | null; grnNo: string; supplier: string; invNo: string | null; receivedDate: string; items: number; value: number; status: "partial" | "pending" | "rejected" | "accepted"; notes: string | null; createdBy: string; createdAt: string | null; updatedAt: string | null; }[]; to...'.
client/src/pages/GRNManagement.tsx(370,27): error TS2339: Property 'length' does not exist on type 'never[] | { data: { id: string; organizationId: string | null; grnNo: string; supplier: string; invNo: string | null; receivedDate: string; items: number; value: number; status: "partial" | "pending" | "rejected" | "accepted"; notes: string | null; createdBy: string; createdAt: string | null; updatedAt: string | nul...'.
  Property 'length' does not exist on type '{ data: { id: string; organizationId: string | null; grnNo: string; supplier: string; invNo: string | null; receivedDate: string; items: number; value: number; status: "partial" | "pending" | "rejected" | "accepted"; notes: string | null; createdBy: string; createdAt: string | null; updatedAt: string | null; }[]; to...'.
client/src/pages/Holidays.tsx(75,42): error TS2339: Property 'filter' does not exist on type 'QueryResult'.
  Property 'filter' does not exist on type 'ResultSetHeader'.
client/src/pages/Holidays.tsx(85,12): error TS2322: Type 'ForwardRefExoticComponent<Omit<LucideProps, "ref"> & RefAttributes<SVGSVGElement>>' is not assignable to type 'ReactNode'.
  Type 'ForwardRefExoticComponent<Omit<LucideProps, "ref"> & RefAttributes<SVGSVGElement>>' is missing the following properties from type 'ReactPortal': children, type, props, key
client/src/pages/HR.tsx(148,8): error TS2304: Cannot find name 'DashboardLayout'.
client/src/pages/HR.tsx(152,9): error TS2304: Cannot find name 'DashboardLayout'.
client/src/pages/HRAnalyticsDashboard.tsx(54,62): error TS2551: Property 'getAttendancePatterns' does not exist on type 'DecorateRouterRecord<{ ctx: TrpcContext; meta: object; errorShape: DefaultErrorShape; transformer: true; }, DecorateCreateRouterOptions<{ getHeadcountTrends: QueryProcedure<{ input: { months?: number | undefined; } | undefined; output: any[]; meta: object; }>; ... 6 more ...; getSalaryExpenseTrends: QueryProcedure<....'. Did you mean 'getAttendanceKPIs'?
client/src/pages/HRAnalyticsDashboard.tsx(239,37): error TS2339: Property 'length' does not exist on type 'never[] | { totalEmployees: number; active: number; inactive: number; onLeave: number; terminated: number; turnoverRate: number; }'.
  Property 'length' does not exist on type '{ totalEmployees: number; active: number; inactive: number; onLeave: number; terminated: number; turnoverRate: number; }'.
client/src/pages/HRAnalyticsDashboard.tsx(241,33): error TS2322: Type 'never[] | { totalEmployees: number; active: number; inactive: number; onLeave: number; terminated: number; turnoverRate: number; }' is not assignable to type 'any[] | undefined'.
  Type '{ totalEmployees: number; active: number; inactive: number; onLeave: number; terminated: number; turnoverRate: number; }' is missing the following properties from type 'any[]': length, pop, push, concat, and 35 more.
client/src/pages/HRAnalyticsDashboard.tsx(421,37): error TS2339: Property 'length' does not exist on type 'never[] | { totalEmployees: number; avgPresenceRate: number; highPerformers: number; needsImprovement: number; }'.
  Property 'length' does not exist on type '{ totalEmployees: number; avgPresenceRate: number; highPerformers: number; needsImprovement: number; }'.
client/src/pages/HRAnalyticsDashboard.tsx(423,31): error TS2322: Type 'never[] | { totalEmployees: number; avgPresenceRate: number; highPerformers: number; needsImprovement: number; }' is not assignable to type 'any[] | undefined'.
  Type '{ totalEmployees: number; avgPresenceRate: number; highPerformers: number; needsImprovement: number; }' is missing the following properties from type 'any[]': length, pop, push, concat, and 35 more.
client/src/pages/HRAutomation.tsx(213,87): error TS2345: Argument of type '{ name: string; type: string; schedule: string; config: string; }' is not assignable to parameter of type '{ name: string; type: "leave_accrual" | "contract_alert" | "payroll_generation" | "probation_alert" | "birthday_reminder"; schedule?: string | undefined; config?: string | undefined; isActive?: boolean | undefined; }'.
  Types of property 'type' are incompatible.
    Type 'string' is not assignable to type '"leave_accrual" | "contract_alert" | "payroll_generation" | "probation_alert" | "birthday_reminder"'.
client/src/pages/ImprestDetails.tsx(29,63): error TS2353: Object literal may only specify known properties, and 'limit' does not exist in type '{ search?: string | undefined; role?: string | undefined; }'.
client/src/pages/ImprestDetails.tsx(103,31): error TS2769: No overload matches this call.
  Overload 1 of 4, '(value: string | number | Date): Date', gave the following error.
    Argument of type 'string | null' is not assignable to parameter of type 'string | number | Date'.
      Type 'null' is not assignable to type 'string | number | Date'.
  Overload 2 of 4, '(value: string | number): Date', gave the following error.
    Argument of type 'string | null' is not assignable to parameter of type 'string | number'.
      Type 'null' is not assignable to type 'string | number'.
client/src/pages/Imprests.tsx(74,63): error TS2353: Object literal may only specify known properties, and 'limit' does not exist in type '{ search?: string | undefined; role?: string | undefined; }'.
client/src/pages/Imprests.tsx(375,34): error TS7006: Parameter 'sum' implicitly has an 'any' type.
client/src/pages/Imprests.tsx(375,39): error TS7006: Parameter 's' implicitly has an 'any' type.
client/src/pages/Integrations.tsx(100,11): error TS2353: Object literal may only specify known properties, and 'host' does not exist in type '{ apiKey?: string | undefined; webhookUrl?: string | undefined; clientId?: string | undefined; clientSecret?: string | undefined; scopes?: string[] | undefined; }'.
client/src/pages/Invoices.tsx(613,122): error TS2551: Property 'clientId' does not exist on type 'InvoiceDisplay'. Did you mean 'client'?
client/src/pages/Invoices.tsx(613,245): error TS2551: Property 'clientId' does not exist on type 'InvoiceDisplay'. Did you mean 'client'?
client/src/pages/JobGroupDetails.tsx(37,11): error TS2339: Property 'formatMoney' does not exist on type '{ code: string; symbol: string; position: "before" | "after"; format: (amount: number, opts?: { minimumFractionDigits?: number | undefined; maximumFractionDigits?: number | undefined; } | undefined) => string; formatShort: (amountInCents: number) => string; }'.
client/src/pages/JobGroups.tsx(426,43): error TS2345: Argument of type '{ id: string; }' is not assignable to parameter of type 'string'.
client/src/pages/KenyanPayrollCalculator.tsx(197,30): error TS2339: Property 'name' does not exist on type '{ id: string; organizationId: string | null; userId: string | null; employeeNumber: string; firstName: string; lastName: string; email: string | null; phone: string | null; gender: "other" | "male" | "female" | null; ... 26 more ...; updatedAt: string | null; }'.
client/src/pages/KenyanPayrollCalculator.tsx(206,87): error TS2339: Property 'name' does not exist on type '{ id: string; organizationId: string | null; userId: string | null; employeeNumber: string; firstName: string; lastName: string; email: string | null; phone: string | null; gender: "other" | "male" | "female" | null; ... 26 more ...; updatedAt: string | null; }'.
client/src/pages/KenyanPayrollCalculator.tsx(303,47): error TS2339: Property 'name' does not exist on type '{ id: string; organizationId: string | null; userId: string | null; employeeNumber: string; firstName: string; lastName: string; email: string | null; phone: string | null; gender: "other" | "male" | "female" | null; ... 26 more ...; updatedAt: string | null; }'.
client/src/pages/KenyanPayrollCalculator.tsx(309,44): error TS2339: Property 'taxNumber' does not exist on type '{ id: string; organizationId: string | null; userId: string | null; employeeNumber: string; firstName: string; lastName: string; email: string | null; phone: string | null; gender: "other" | "male" | "female" | null; ... 26 more ...; updatedAt: string | null; }'.
client/src/pages/LandingPage.tsx(223,29): error TS7006: Parameter 's' implicitly has an 'any' type.
client/src/pages/LandingPage.tsx(494,32): error TS7006: Parameter 't' implicitly has an 'any' type.
client/src/pages/LandingPage.tsx(520,28): error TS7006: Parameter 'item' implicitly has an 'any' type.
client/src/pages/LeadDetails.tsx(62,9): error TS2322: Type 'string' is not assignable to type '{ label: string; href: string; }'.
client/src/pages/LeadDetails.tsx(80,9): error TS2322: Type 'string' is not assignable to type '{ label: string; href: string; }'.
client/src/pages/LeadDetails.tsx(100,7): error TS2322: Type 'string' is not assignable to type '{ label: string; href: string; }'.
client/src/pages/LeaveManagement.tsx(74,27): error TS2339: Property 'requests' does not exist on type 'never'.
client/src/pages/LeaveManagement.tsx(76,27): error TS2339: Property 'data' does not exist on type 'never'.
client/src/pages/Login.tsx(59,21): error TS2339: Property 'requiresPasswordChange' does not exist on type '{ id: any; email: any; name: any; role: any; organizationId?: undefined; organizationSlug?: undefined; organizationName?: undefined; } | { id: any; email: any; name: any; role: any; organizationId: any; organizationSlug: string | null; organizationName: string | null; }'.
  Property 'requiresPasswordChange' does not exist on type '{ id: any; email: any; name: any; role: any; organizationId?: undefined; organizationSlug?: undefined; organizationName?: undefined; }'.
client/src/pages/LPODetails.tsx(40,47): error TS2339: Property 'name' does not exist on type '{ id: string; organizationId: string | null; supplierNumber: string; companyName: string; registrationNumber: string | null; taxId: string | null; contactPerson: string | null; contactTitle: string | null; ... 30 more ...; updatedAt: string | null; }'.
client/src/pages/LPODetails.tsx(50,21): error TS2339: Property 'deliveryDate' does not exist on type '{ id: string; organizationId: string | null; lpoNumber: string; vendorId: string; description: string | null; amount: number; status: "draft" | "approved" | "rejected" | "submitted" | "received"; ... 5 more ...; updatedAt: string | null; }'.
client/src/pages/LPODetails.tsx(50,49): error TS2339: Property 'deliveryDate' does not exist on type '{ id: string; organizationId: string | null; lpoNumber: string; vendorId: string; description: string | null; amount: number; status: "draft" | "approved" | "rejected" | "submitted" | "received"; ... 5 more ...; updatedAt: string | null; }'.
client/src/pages/LPODetails.tsx(60,27): error TS2339: Property 'deliveryLocation' does not exist on type '{ id: string; organizationId: string | null; lpoNumber: string; vendorId: string; description: string | null; amount: number; status: "draft" | "approved" | "rejected" | "submitted" | "received"; ... 5 more ...; updatedAt: string | null; }'.
client/src/pages/LPODetails.tsx(65,19): error TS2339: Property 'notes' does not exist on type '{ id: string; organizationId: string | null; lpoNumber: string; vendorId: string; description: string | null; amount: number; status: "draft" | "approved" | "rejected" | "submitted" | "received"; ... 5 more ...; updatedAt: string | null; }'.
client/src/pages/LPODetails.tsx(130,31): error TS2769: No overload matches this call.
  Overload 1 of 4, '(value: string | number | Date): Date', gave the following error.
    Argument of type 'string | null' is not assignable to parameter of type 'string | number | Date'.
      Type 'null' is not assignable to type 'string | number | Date'.
  Overload 2 of 4, '(value: string | number): Date', gave the following error.
    Argument of type 'string | null' is not assignable to parameter of type 'string | number'.
      Type 'null' is not assignable to type 'string | number'.
client/src/pages/LPODetails.tsx(183,15): error TS2339: Property 'deliveryDate' does not exist on type '{ id: string; organizationId: string | null; lpoNumber: string; vendorId: string; description: string | null; amount: number; status: "draft" | "approved" | "rejected" | "submitted" | "received"; ... 5 more ...; updatedAt: string | null; }'.
client/src/pages/LPODetails.tsx(183,35): error TS2339: Property 'deliveryLocation' does not exist on type '{ id: string; organizationId: string | null; lpoNumber: string; vendorId: string; description: string | null; amount: number; status: "draft" | "approved" | "rejected" | "submitted" | "received"; ... 5 more ...; updatedAt: string | null; }'.
client/src/pages/LPODetails.tsx(183,59): error TS2339: Property 'requestedBy' does not exist on type '{ id: string; organizationId: string | null; lpoNumber: string; vendorId: string; description: string | null; amount: number; status: "draft" | "approved" | "rejected" | "submitted" | "received"; ... 5 more ...; updatedAt: string | null; }'.
client/src/pages/LPODetails.tsx(193,22): error TS2339: Property 'deliveryDate' does not exist on type '{ id: string; organizationId: string | null; lpoNumber: string; vendorId: string; description: string | null; amount: number; status: "draft" | "approved" | "rejected" | "submitted" | "received"; ... 5 more ...; updatedAt: string | null; }'.
client/src/pages/LPODetails.tsx(196,62): error TS2339: Property 'deliveryDate' does not exist on type '{ id: string; organizationId: string | null; lpoNumber: string; vendorId: string; description: string | null; amount: number; status: "draft" | "approved" | "rejected" | "submitted" | "received"; ... 5 more ...; updatedAt: string | null; }'.
client/src/pages/LPODetails.tsx(199,22): error TS2339: Property 'deliveryLocation' does not exist on type '{ id: string; organizationId: string | null; lpoNumber: string; vendorId: string; description: string | null; amount: number; status: "draft" | "approved" | "rejected" | "submitted" | "received"; ... 5 more ...; updatedAt: string | null; }'.
client/src/pages/LPODetails.tsx(202,53): error TS2339: Property 'deliveryLocation' does not exist on type '{ id: string; organizationId: string | null; lpoNumber: string; vendorId: string; description: string | null; amount: number; status: "draft" | "approved" | "rejected" | "submitted" | "received"; ... 5 more ...; updatedAt: string | null; }'.
client/src/pages/LPODetails.tsx(205,22): error TS2339: Property 'requestedBy' does not exist on type '{ id: string; organizationId: string | null; lpoNumber: string; vendorId: string; description: string | null; amount: number; status: "draft" | "approved" | "rejected" | "submitted" | "received"; ... 5 more ...; updatedAt: string | null; }'.
client/src/pages/LPODetails.tsx(208,53): error TS2339: Property 'requestedBy' does not exist on type '{ id: string; organizationId: string | null; lpoNumber: string; vendorId: string; description: string | null; amount: number; status: "draft" | "approved" | "rejected" | "submitted" | "received"; ... 5 more ...; updatedAt: string | null; }'.
client/src/pages/LPODetails.tsx(217,34): error TS2339: Property 'notes' does not exist on type '{ id: string; organizationId: string | null; lpoNumber: string; vendorId: string; description: string | null; amount: number; status: "draft" | "approved" | "rejected" | "submitted" | "received"; ... 5 more ...; updatedAt: string | null; }'.
client/src/pages/LPODetails.tsx(235,39): error TS2339: Property 'notes' does not exist on type '{ id: string; organizationId: string | null; lpoNumber: string; vendorId: string; description: string | null; amount: number; status: "draft" | "approved" | "rejected" | "submitted" | "received"; ... 5 more ...; updatedAt: string | null; }'.
client/src/pages/LPODetails.tsx(236,20): error TS2339: Property 'notes' does not exist on type '{ id: string; organizationId: string | null; lpoNumber: string; vendorId: string; description: string | null; amount: number; status: "draft" | "approved" | "rejected" | "submitted" | "received"; ... 5 more ...; updatedAt: string | null; }'.
client/src/pages/LPODetails.tsx(241,60): error TS2339: Property 'notes' does not exist on type '{ id: string; organizationId: string | null; lpoNumber: string; vendorId: string; description: string | null; amount: number; status: "draft" | "approved" | "rejected" | "submitted" | "received"; ... 5 more ...; updatedAt: string | null; }'.
client/src/pages/LPOs.tsx(95,29): error TS2345: Argument of type 'TRPCClientErrorLike<{ input: { vendorId: string; amount: number; description?: string | undefined; budgetId?: string | undefined; accountId?: string | undefined; cashAccountId?: string | undefined; }; output: { ...; }; transformer: true; errorShape: DefaultErrorShape; }>' is not assignable to parameter of type '{ message?: string | undefined; data?: { code?: string | undefined; } | undefined; }'.
  Types of property 'data' are incompatible.
    Type 'Maybe<DefaultErrorData>' is not assignable to type '{ code?: string | undefined; } | undefined'.
      Type 'null' is not assignable to type '{ code?: string | undefined; } | undefined'.
client/src/pages/LPOsEnhanced.tsx(75,29): error TS2345: Argument of type 'TRPCClientErrorLike<{ input: { vendorId: string; amount: number; description?: string | undefined; budgetId?: string | undefined; accountId?: string | undefined; cashAccountId?: string | undefined; }; output: { ...; }; transformer: true; errorShape: DefaultErrorShape; }>' is not assignable to parameter of type '{ message?: string | undefined; data?: { code?: string | undefined; } | undefined; }'.
  Types of property 'data' are incompatible.
    Type 'Maybe<DefaultErrorData>' is not assignable to type '{ code?: string | undefined; } | undefined'.
      Type 'null' is not assignable to type '{ code?: string | undefined; } | undefined'.
client/src/pages/MobileAppManagement.tsx(7,56): error TS2339: Property 'useQuery' does not exist on type 'DecoratedMutation<{ input: { checkType: "CRASH" | "PERFORTMANCE" | "BATTERY"; }; output: { healthCheckId: string; checkType: "CRASH" | "PERFORTMANCE" | "BATTERY"; status: string; ios: { crashes: number; crashRate: number; anrCount: number; memoryUsage: number; }; android: { ...; }; overall: { ...; }; }; transformer:...'.
client/src/pages/MobileAppManagement.tsx(9,61): error TS2339: Property 'useQuery' does not exist on type 'DecoratedMutation<{ input: { buildVersion?: string | undefined; }; output: { appName: any; version: string; buildVersion: string; playStore: any; deviceSupport: any; performance: any; targetSdk: any; features: any; }; transformer: true; errorShape: DefaultErrorShape; }>'.
client/src/pages/MobileResponsiveness.tsx(22,50): error TS2339: Property 'getMobileOptimizedDashboard' does not exist on type 'DecorateRouterRecord<{ ctx: TrpcContext; meta: object; errorShape: DefaultErrorShape; transformer: true; }, DecorateCreateRouterOptions<{ registerDevice: MutationProcedure<{ input: { deviceType: "phone" | "tablet" | "desktop"; platform: string; pushToken?: string | undefined; appVersion?: string | undefined; }; outp...'.
client/src/pages/MobileResponsiveness.tsx(30,50): error TS2339: Property 'getSyncData' does not exist on type 'DecorateRouterRecord<{ ctx: TrpcContext; meta: object; errorShape: DefaultErrorShape; transformer: true; }, DecorateCreateRouterOptions<{ registerDevice: MutationProcedure<{ input: { deviceType: "phone" | "tablet" | "desktop"; platform: string; pushToken?: string | undefined; appVersion?: string | undefined; }; outp...'.
client/src/pages/MobileResponsiveness.tsx(52,36): error TS7006: Parameter 'card' implicitly has an 'any' type.
client/src/pages/MobileResponsiveness.tsx(52,42): error TS7006: Parameter 'idx' implicitly has an 'any' type.
client/src/pages/MultiTenancy.tsx(231,7): error TS2322: Type 'unknown' is not assignable to type 'number'.
client/src/pages/Notes.tsx(304,36): error TS2322: Type '{ content: string; }' is not assignable to type 'IntrinsicAttributes & { html: string; className?: string | undefined; }'.
  Property 'content' does not exist on type 'IntrinsicAttributes & { html: string; className?: string | undefined; }'.
client/src/pages/Notes.tsx(357,17): error TS2322: Type '{ content: string; onChange: Dispatch<SetStateAction<string>>; placeholder: string; }' is not assignable to type 'IntrinsicAttributes & RichTextEditorProps'.
  Property 'content' does not exist on type 'IntrinsicAttributes & RichTextEditorProps'.
client/src/pages/NotificationCenter.tsx(26,25): error TS7053: Element implicitly has an 'any' type because expression of type 'any' can't be used to index type '{ high: string; medium: string; low: string; }'.
client/src/pages/NotificationCenter.tsx(32,24): error TS7053: Element implicitly has an 'any' type because expression of type 'any' can't be used to index type '{ finance: string; sales: string; hr: string; operations: string; system: string; reports: string; }'.
client/src/pages/NotificationCenter.tsx(236,47): error TS2339: Property 'getPreferences' does not exist on type 'DecorateRouterRecord<{ ctx: TrpcContext; meta: object; errorShape: DefaultErrorShape; transformer: true; }, DecorateCreateRouterOptions<{ unread: QueryProcedure<{ input: void; output: { id: string; userId: string; type: "error" | ... 8 more ... | "reminder"; ... 12 more ...; createdAt: string | null; }[]; meta: obje...'.
client/src/pages/NotificationCenter.tsx(237,41): error TS2339: Property 'getStats' does not exist on type 'DecorateRouterRecord<{ ctx: TrpcContext; meta: object; errorShape: DefaultErrorShape; transformer: true; }, DecorateCreateRouterOptions<{ unread: QueryProcedure<{ input: void; output: { id: string; userId: string; type: "error" | ... 8 more ... | "reminder"; ... 12 more ...; createdAt: string | null; }[]; meta: obje...'.
client/src/pages/NotificationCenter.tsx(242,56): error TS2339: Property 'updatePreferences' does not exist on type 'DecorateRouterRecord<{ ctx: TrpcContext; meta: object; errorShape: DefaultErrorShape; transformer: true; }, DecorateCreateRouterOptions<{ unread: QueryProcedure<{ input: void; output: { id: string; userId: string; type: "error" | ... 8 more ... | "reminder"; ... 12 more ...; createdAt: string | null; }[]; meta: obje...'.
client/src/pages/NotificationCenter.tsx(247,46): error TS2353: Object literal may only specify known properties, and 'notificationId' does not exist in type '{ id: string; }'.
client/src/pages/NotificationCenter.tsx(257,52): error TS2345: Argument of type '{ notificationId: number; }' is not assignable to parameter of type 'string'.
client/src/pages/NotificationCenter.tsx(275,47): error TS2345: Argument of type '{}' is not assignable to parameter of type 'void'.
client/src/pages/NotificationCenter.tsx(292,59): error TS2339: Property 'notifications' does not exist on type '{ id: string; userId: string; type: "error" | "client" | "success" | "system" | "payment" | "project" | "warning" | "financial" | "info" | "reminder"; title: string; message: string; category: string | null; ... 9 more ...; createdAt: string | null; }[]'.
client/src/pages/NotificationCenter.tsx(292,87): error TS7006: Parameter 'n' implicitly has an 'any' type.
client/src/pages/NotificationCenter.tsx(419,43): error TS7006: Parameter 'notification' implicitly has an 'any' type.
client/src/pages/Onboarding.tsx(86,54): error TS2339: Property 'filter' does not exist on type 'QueryResult'.
  Property 'filter' does not exist on type 'ResultSetHeader'.
client/src/pages/Onboarding.tsx(90,52): error TS2339: Property 'filter' does not exist on type 'QueryResult'.
  Property 'filter' does not exist on type 'ResultSetHeader'.
client/src/pages/Onboarding.tsx(95,36): error TS2339: Property 'length' does not exist on type 'QueryResult'.
  Property 'length' does not exist on type 'ResultSetHeader'.
client/src/pages/Onboarding.tsx(96,38): error TS2339: Property 'filter' does not exist on type 'QueryResult'.
  Property 'filter' does not exist on type 'ResultSetHeader'.
client/src/pages/Onboarding.tsx(97,40): error TS2339: Property 'filter' does not exist on type 'QueryResult'.
  Property 'filter' does not exist on type 'ResultSetHeader'.
client/src/pages/Onboarding.tsx(98,39): error TS2339: Property 'length' does not exist on type 'QueryResult'.
  Property 'length' does not exist on type 'ResultSetHeader'.
client/src/pages/Onboarding.tsx(105,12): error TS2322: Type 'ForwardRefExoticComponent<Omit<LucideProps, "ref"> & RefAttributes<SVGSVGElement>>' is not assignable to type 'ReactNode'.
  Type 'ForwardRefExoticComponent<Omit<LucideProps, "ref"> & RefAttributes<SVGSVGElement>>' is missing the following properties from type 'ReactPortal': children, type, props, key
client/src/pages/Onboarding.tsx(242,57): error TS2353: Object literal may only specify known properties, and 'id' does not exist in type '{ taskId: string; status?: "in_progress" | "completed" | "pending" | "skipped" | undefined; notes?: string | undefined; }'.
client/src/pages/Onboarding.tsx(301,41): error TS2339: Property 'map' does not exist on type 'QueryResult'.
  Property 'map' does not exist on type 'ResultSetHeader'.
client/src/pages/Opportunities.tsx(338,143): error TS2339: Property 'clientEmail' does not exist on type 'Opportunity'.
client/src/pages/Opportunities.tsx(338,191): error TS2339: Property 'title' does not exist on type 'Opportunity'.
client/src/pages/OrderDetails.tsx(36,47): error TS2339: Property 'name' does not exist on type '{ id: string; organizationId: string | null; supplierNumber: string; companyName: string; registrationNumber: string | null; taxId: string | null; contactPerson: string | null; contactTitle: string | null; ... 30 more ...; updatedAt: string | null; }'.
client/src/pages/Orders.tsx(356,378): error TS2802: Type 'Set<string>' can only be iterated through when using the '--downlevelIteration' flag or with a '--target' of 'es2015' or higher.
client/src/pages/org/OrgHR.tsx(62,27): error TS2802: Type 'Set<any>' can only be iterated through when using the '--downlevelIteration' flag or with a '--target' of 'es2015' or higher.
client/src/pages/org/OrgInvoices.tsx(92,18): error TS2339: Property 'email' does not exist on type '{ id: string; name: string; slug: string; plan: string; isActive: number; isArchived: number; archivedAt: string | null; archivedBy: string | null; maxUsers: number | null; settings: unknown; logoUrl: string | null; ... 16 more ...; updatedAt: string | null; }'.
client/src/pages/org/OrgInvoices.tsx(92,74): error TS2339: Property 'email' does not exist on type '{ id: string; name: string; slug: string; plan: string; isActive: number; isArchived: number; archivedAt: string | null; archivedBy: string | null; maxUsers: number | null; settings: unknown; logoUrl: string | null; ... 16 more ...; updatedAt: string | null; }'.
client/src/pages/OrganizationUsersManagement.tsx(259,45): error TS7006: Parameter 'u' implicitly has an 'any' type.
client/src/pages/OrganizationUsersManagement.tsx(268,7): error TS2322: Type '"admin" | "staff" | "accountant" | "super_admin" | "project_manager" | "hr" | "ict_manager" | "procurement_manager" | "sales_manager" | "manager" | "viewer"' is not assignable to type '"staff"'.
  Type '"admin"' is not assignable to type '"staff"'.
client/src/pages/OrganizationUsersManagement.tsx(489,45): error TS7006: Parameter 'userData' implicitly has an 'any' type.
client/src/pages/PartnerPortal.tsx(11,72): error TS2345: Argument of type '{}' is not assignable to parameter of type '{ partnerName: string; } | unique symbol'.
client/src/pages/PartnerPortal.tsx(20,18): error TS2352: Conversion of type '{ deals: { id: string; partnerId: string | null; partnerName: string | null; dealName: string; customerId: string | null; dealValue: string | null; tier: string | null; status: string; ... 5 more ...; updatedAt: string | null; }[]; total: number; } | undefined' to type 'any[]' may be a mistake because neither type sufficiently overlaps with the other. If this was intentional, convert the expression to 'unknown' first.
  Type '{ deals: { id: string; partnerId: string | null; partnerName: string | null; dealName: string; customerId: string | null; dealValue: string | null; tier: string | null; status: string; ... 5 more ...; updatedAt: string | null; }[]; total: number; }' is missing the following properties from type 'any[]': length, pop, push, concat, and 35 more.
client/src/pages/PaymentPlans.tsx(535,74): error TS2345: Argument of type '(inst: Installment) => JSX.Element' is not assignable to parameter of type '(value: { id: string; paymentPlanId: string; installmentNumber: number; dueDate: string; amount: number; status: "pending" | "paid" | "overdue" | "skipped"; paidDate: string | null; paidAmount: number | null; paymentId: string | null; notes: string | null; createdAt: string | null; }, index: number, array: { ...; }[...'.
  Types of parameters 'inst' and 'value' are incompatible.
    Type '{ id: string; paymentPlanId: string; installmentNumber: number; dueDate: string; amount: number; status: "pending" | "paid" | "overdue" | "skipped"; paidDate: string | null; paidAmount: number | null; paymentId: string | null; notes: string | null; createdAt: string | null; }' is not assignable to type 'Installment'.
      Types of property 'createdAt' are incompatible.
        Type 'string | null' is not assignable to type 'string'.
          Type 'null' is not assignable to type 'string'.
client/src/pages/PaymentReconciliation.tsx(71,5): error TS2353: Object literal may only specify known properties, and 'filters' does not exist in type '{ limit?: number | undefined; offset?: number | undefined; }'.
client/src/pages/PaymentReconciliation.tsx(89,45): error TS7006: Parameter 'payment' implicitly has an 'any' type.
client/src/pages/PaymentReconciliation.tsx(107,43): error TS7006: Parameter 'sum' implicitly has an 'any' type.
client/src/pages/PaymentReconciliation.tsx(107,48): error TS7006: Parameter 'p' implicitly has an 'any' type.
client/src/pages/PaymentReconciliation.tsx(109,34): error TS7006: Parameter 'sum' implicitly has an 'any' type.
client/src/pages/PaymentReconciliation.tsx(109,39): error TS7006: Parameter 'p' implicitly has an 'any' type.
client/src/pages/PaymentReconciliation.tsx(114,65): error TS18046: 'p' is of type 'unknown'.
client/src/pages/PaymentReconciliation.tsx(129,31): error TS7006: Parameter 'p' implicitly has an 'any' type.
client/src/pages/PaymentReconciliation.tsx(166,41): error TS7006: Parameter 'p' implicitly has an 'any' type.
client/src/pages/PaymentReconciliation.tsx(257,24): error TS18048: 'items' is possibly 'undefined'.
client/src/pages/PaymentReconciliation.tsx(257,46): error TS18048: 'items' is possibly 'undefined'.
client/src/pages/PaymentReconciliation.tsx(261,34): error TS18048: 'items' is possibly 'undefined'.
client/src/pages/PaymentReconciliation.tsx(261,34): error TS2345: Argument of type 'unknown' is not assignable to parameter of type 'number'.
client/src/pages/PaymentReconciliation.tsx(261,66): error TS18046: 'p' is of type 'unknown'.
client/src/pages/PaymentReconciliation.tsx(299,41): error TS7006: Parameter 'payment' implicitly has an 'any' type.
client/src/pages/Payments.tsx(335,154): error TS2339: Property 'clientEmail' does not exist on type 'Payment'.
client/src/pages/Payslips.tsx(95,12): error TS2322: Type 'ForwardRefExoticComponent<Omit<LucideProps, "ref"> & RefAttributes<SVGSVGElement>>' is not assignable to type 'ReactNode'.
  Type 'ForwardRefExoticComponent<Omit<LucideProps, "ref"> & RefAttributes<SVGSVGElement>>' is missing the following properties from type 'ReactPortal': children, type, props, key
client/src/pages/PerformanceReviews.tsx(89,51): error TS2339: Property 'pending' does not exist on type '{ total: number; completed: number; inProgress: number; draft: number; avgRating: number; } | { total: number; pending: number; inProgress: number; completed: number; averageRating: number; }'.
  Property 'pending' does not exist on type '{ total: number; completed: number; inProgress: number; draft: number; avgRating: number; }'.
client/src/pages/PerformanceReviews.tsx(92,61): error TS2339: Property 'averageRating' does not exist on type '{ total: number; completed: number; inProgress: number; draft: number; avgRating: number; } | { total: number; pending: number; inProgress: number; completed: number; averageRating: number; }'.
  Property 'averageRating' does not exist on type '{ total: number; completed: number; inProgress: number; draft: number; avgRating: number; }'.
client/src/pages/Presence.tsx(7,96): error TS2345: Argument of type '{}' is not assignable to parameter of type '{ teamId: string; limit?: number | undefined; } | unique symbol'.
client/src/pages/ProcurementManagement.tsx(137,26): error TS2339: Property 'filter' does not exist on type 'never[] | { data: { id: string; dnNo: string; supplier: string; orderId: string | null; deliveryDate: string; items: number; status: "partial" | "pending" | "cancelled" | "delivered"; notes: string | null; createdBy: string; createdAt: string | null; updatedAt: string | null; }[]; total: number; }'.
  Property 'filter' does not exist on type '{ data: { id: string; dnNo: string; supplier: string; orderId: string | null; deliveryDate: string; items: number; status: "partial" | "pending" | "cancelled" | "delivered"; notes: string | null; createdBy: string; createdAt: string | null; updatedAt: string | null; }[]; total: number; }'.
client/src/pages/ProcurementManagement.tsx(143,20): error TS2339: Property 'length' does not exist on type 'never[] | { data: { id: string; organizationId: string | null; grnNo: string; supplier: string; invNo: string | null; receivedDate: string; items: number; value: number; status: "partial" | "pending" | "rejected" | "accepted"; notes: string | null; createdBy: string; createdAt: string | null; updatedAt: string | nul...'.
  Property 'length' does not exist on type '{ data: { id: string; organizationId: string | null; grnNo: string; supplier: string; invNo: string | null; receivedDate: string; items: number; value: number; status: "partial" | "pending" | "rejected" | "accepted"; notes: string | null; createdBy: string; createdAt: string | null; updatedAt: string | null; }[]; to...'.
client/src/pages/ProcurementManagement.tsx(460,24): error TS2339: Property 'map' does not exist on type 'never[] | { data: { id: string; dnNo: string; supplier: string; orderId: string | null; deliveryDate: string; items: number; status: "partial" | "pending" | "cancelled" | "delivered"; notes: string | null; createdBy: string; createdAt: string | null; updatedAt: string | null; }[]; total: number; }'.
  Property 'map' does not exist on type '{ data: { id: string; dnNo: string; supplier: string; orderId: string | null; deliveryDate: string; items: number; status: "partial" | "pending" | "cancelled" | "delivered"; notes: string | null; createdBy: string; createdAt: string | null; updatedAt: string | null; }[]; total: number; }'.
client/src/pages/ProcurementManagement.tsx(478,39): error TS2339: Property 'length' does not exist on type 'never[] | { data: { id: string; dnNo: string; supplier: string; orderId: string | null; deliveryDate: string; items: number; status: "partial" | "pending" | "cancelled" | "delivered"; notes: string | null; createdBy: string; createdAt: string | null; updatedAt: string | null; }[]; total: number; }'.
  Property 'length' does not exist on type '{ data: { id: string; dnNo: string; supplier: string; orderId: string | null; deliveryDate: string; items: number; status: "partial" | "pending" | "cancelled" | "delivered"; notes: string | null; createdBy: string; createdAt: string | null; updatedAt: string | null; }[]; total: number; }'.
client/src/pages/ProcurementManagement.tsx(511,18): error TS2339: Property 'map' does not exist on type 'never[] | { data: { id: string; organizationId: string | null; grnNo: string; supplier: string; invNo: string | null; receivedDate: string; items: number; value: number; status: "partial" | "pending" | "rejected" | "accepted"; notes: string | null; createdBy: string; createdAt: string | null; updatedAt: string | nul...'.
  Property 'map' does not exist on type '{ data: { id: string; organizationId: string | null; grnNo: string; supplier: string; invNo: string | null; receivedDate: string; items: number; value: number; status: "partial" | "pending" | "rejected" | "accepted"; notes: string | null; createdBy: string; createdAt: string | null; updatedAt: string | null; }[]; to...'.
client/src/pages/ProcurementManagement.tsx(533,27): error TS2339: Property 'length' does not exist on type 'never[] | { data: { id: string; organizationId: string | null; grnNo: string; supplier: string; invNo: string | null; receivedDate: string; items: number; value: number; status: "partial" | "pending" | "rejected" | "accepted"; notes: string | null; createdBy: string; createdAt: string | null; updatedAt: string | nul...'.
  Property 'length' does not exist on type '{ data: { id: string; organizationId: string | null; grnNo: string; supplier: string; invNo: string | null; receivedDate: string; items: number; value: number; status: "partial" | "pending" | "rejected" | "accepted"; notes: string | null; createdBy: string; createdAt: string | null; updatedAt: string | null; }[]; to...'.
client/src/pages/Products.tsx(170,153): error TS2802: Type 'Set<string>' can only be iterated through when using the '--downlevelIteration' flag or with a '--target' of 'es2015' or higher.
client/src/pages/Products.tsx(171,152): error TS2802: Type 'Set<string>' can only be iterated through when using the '--downlevelIteration' flag or with a '--target' of 'es2015' or higher.
client/src/pages/ProjectMilestones.tsx(381,26): error TS2345: Argument of type '(milestone: Milestone) => JSX.Element' is not assignable to parameter of type '(value: { id: string; projectId: string; phaseName: string; description: string | null; deliverables: string | null; status: "in_progress" | "completed" | "planning" | "on_hold" | "cancelled"; ... 10 more ...; updatedAt: string | null; }, index: number, array: { ...; }[]) => Element'.
  Types of parameters 'milestone' and 'value' are incompatible.
    Type '{ id: string; projectId: string; phaseName: string; description: string | null; deliverables: string | null; status: "in_progress" | "completed" | "planning" | "on_hold" | "cancelled"; ... 10 more ...; updatedAt: string | null; }' is not assignable to type 'Milestone'.
      Types of property 'actualCost' are incompatible.
        Type 'number | null' is not assignable to type 'number'.
          Type 'null' is not assignable to type 'number'.
client/src/pages/Proposals.tsx(443,94): error TS2322: Type '{ columns: ColumnConfig[]; visibleColumns: Set<string>; toggleColumn: (key: string) => void; }' is not assignable to type 'IntrinsicAttributes & TableColumnSettingsProps'.
  Property 'toggleColumn' does not exist on type 'IntrinsicAttributes & TableColumnSettingsProps'. Did you mean 'onToggleColumn'?
client/src/pages/Proposals.tsx(488,47): error TS2322: Type '{ actions: ({ label: string; onClick: () => void; } | { label: string; onClick: () => void; variant: any; })[]; }' is not assignable to type 'IntrinsicAttributes & RowActionsMenuProps'.
  Property 'actions' does not exist on type 'IntrinsicAttributes & RowActionsMenuProps'.
client/src/pages/ProposalTemplates.tsx(245,104): error TS7006: Parameter 'n' implicitly has an 'any' type.
client/src/pages/QuoteDetails.tsx(60,25): error TS2339: Property 'quotes' does not exist on type '"The property 'useContext' in your router collides with a built-in method, rename this router or procedure on your backend." | "The property 'useUtils' in your router collides with a built-in method, rename this router or procedure on your backend." | "The property 'Provider' in your router collides with a built-in ...'.
  Property 'quotes' does not exist on type '"The property 'useContext' in your router collides with a built-in method, rename this router or procedure on your backend."'.
client/src/pages/QuoteDetails.tsx(61,29): error TS2339: Property 'quotes' does not exist on type '"The property 'useContext' in your router collides with a built-in method, rename this router or procedure on your backend." | "The property 'useUtils' in your router collides with a built-in method, rename this router or procedure on your backend." | "The property 'Provider' in your router collides with a built-in ...'.
  Property 'quotes' does not exist on type '"The property 'useContext' in your router collides with a built-in method, rename this router or procedure on your backend."'.
client/src/pages/QuoteDetails.tsx(62,31): error TS2339: Property 'quotes' does not exist on type '"The property 'useContext' in your router collides with a built-in method, rename this router or procedure on your backend." | "The property 'useUtils' in your router collides with a built-in method, rename this router or procedure on your backend." | "The property 'Provider' in your router collides with a built-in ...'.
  Property 'quotes' does not exist on type '"The property 'useContext' in your router collides with a built-in method, rename this router or procedure on your backend."'.
client/src/pages/QuoteDetails.tsx(63,32): error TS2339: Property 'quotes' does not exist on type '"The property 'useContext' in your router collides with a built-in method, rename this router or procedure on your backend." | "The property 'useUtils' in your router collides with a built-in method, rename this router or procedure on your backend." | "The property 'Provider' in your router collides with a built-in ...'.
  Property 'quotes' does not exist on type '"The property 'useContext' in your router collides with a built-in method, rename this router or procedure on your backend."'.
client/src/pages/QuoteDetails.tsx(64,32): error TS2339: Property 'quotes' does not exist on type '"The property 'useContext' in your router collides with a built-in method, rename this router or procedure on your backend." | "The property 'useUtils' in your router collides with a built-in method, rename this router or procedure on your backend." | "The property 'Provider' in your router collides with a built-in ...'.
  Property 'quotes' does not exist on type '"The property 'useContext' in your router collides with a built-in method, rename this router or procedure on your backend."'.
client/src/pages/QuoteDetails.tsx(65,34): error TS2339: Property 'quotes' does not exist on type '"The property 'useContext' in your router collides with a built-in method, rename this router or procedure on your backend." | "The property 'useUtils' in your router collides with a built-in method, rename this router or procedure on your backend." | "The property 'Provider' in your router collides with a built-in ...'.
  Property 'quotes' does not exist on type '"The property 'useContext' in your router collides with a built-in method, rename this router or procedure on your backend."'.
client/src/pages/QuoteDetails.tsx(66,31): error TS2339: Property 'quotes' does not exist on type '"The property 'useContext' in your router collides with a built-in method, rename this router or procedure on your backend." | "The property 'useUtils' in your router collides with a built-in method, rename this router or procedure on your backend." | "The property 'Provider' in your router collides with a built-in ...'.
  Property 'quotes' does not exist on type '"The property 'useContext' in your router collides with a built-in method, rename this router or procedure on your backend."'.
client/src/pages/QuoteDetails.tsx(417,9): error TS2322: Type '{ isOpen: boolean; onClose: () => void; title: string; message: string; requiresReason: boolean; reason: string; onReasonChange: Dispatch<SetStateAction<string>>; onConfirm: () => Promise<...>; loading: any; }' is not assignable to type 'IntrinsicAttributes & ApprovalModalProps'.
  Property 'onClose' does not exist on type 'IntrinsicAttributes & ApprovalModalProps'.
client/src/pages/Quotes.tsx(66,26): error TS2339: Property 'quotes' does not exist on type '"The property 'useContext' in your router collides with a built-in method, rename this router or procedure on your backend." | "The property 'useUtils' in your router collides with a built-in method, rename this router or procedure on your backend." | "The property 'Provider' in your router collides with a built-in ...'.
  Property 'quotes' does not exist on type '"The property 'useContext' in your router collides with a built-in method, rename this router or procedure on your backend."'.
client/src/pages/Quotes.tsx(71,36): error TS2339: Property 'quotes' does not exist on type '"The property 'useContext' in your router collides with a built-in method, rename this router or procedure on your backend." | "The property 'useUtils' in your router collides with a built-in method, rename this router or procedure on your backend." | "The property 'Provider' in your router collides with a built-in ...'.
  Property 'quotes' does not exist on type '"The property 'useContext' in your router collides with a built-in method, rename this router or procedure on your backend."'.
client/src/pages/Quotes.tsx(81,34): error TS2339: Property 'quotes' does not exist on type '"The property 'useContext' in your router collides with a built-in method, rename this router or procedure on your backend." | "The property 'useUtils' in your router collides with a built-in method, rename this router or procedure on your backend." | "The property 'Provider' in your router collides with a built-in ...'.
  Property 'quotes' does not exist on type '"The property 'useContext' in your router collides with a built-in method, rename this router or procedure on your backend."'.
client/src/pages/QuoteTemplate.tsx(26,26): error TS2339: Property 'quotes' does not exist on type '"The property 'useContext' in your router collides with a built-in method, rename this router or procedure on your backend." | "The property 'useUtils' in your router collides with a built-in method, rename this router or procedure on your backend." | "The property 'Provider' in your router collides with a built-in ...'.
  Property 'quotes' does not exist on type '"The property 'useContext' in your router collides with a built-in method, rename this router or procedure on your backend."'.
client/src/pages/Recruitment.tsx(107,49): error TS2339: Property 'hiredCount' does not exist on type '{ totalPostings: number; openPostings: number; totalOpenings: number; totalApplicants: number; newApplicants: number; inInterview: number; hired: number; } | { totalPostings: number; openPostings: number; totalApplicants: number; hiredCount: number; }'.
  Property 'hiredCount' does not exist on type '{ totalPostings: number; openPostings: number; totalOpenings: number; totalApplicants: number; newApplicants: number; inInterview: number; hired: number; }'.
client/src/pages/Recruitment.tsx(156,132): error TS2345: Argument of type '{ id: any; }' is not assignable to parameter of type 'string'.
client/src/pages/Recruitment.tsx(206,136): error TS2345: Argument of type '{ id: any; }' is not assignable to parameter of type 'string'.
client/src/pages/Recruitment.tsx(296,55): error TS2345: Argument of type '{ jobPostingId: string; firstName: string; lastName: string; email: string; phone: string; resumeUrl: string; stage: string; notes: string; id: any; }' is not assignable to parameter of type '{ id: string; stage?: "rejected" | "applied" | "screening" | "shortlisted" | "interview" | "assessment" | "offer" | "hired" | "withdrawn" | undefined; rating?: number | undefined; ... 4 more ...; offerDate?: string | undefined; }'.
  Types of property 'stage' are incompatible.
    Type 'string' is not assignable to type '"rejected" | "applied" | "screening" | "shortlisted" | "interview" | "assessment" | "offer" | "hired" | "withdrawn" | undefined'.
client/src/pages/RecurringInvoices.tsx(189,7): error TS2322: Type '"weekly" | "biweekly" | "monthly" | "quarterly" | "annually"' is not assignable to type '"monthly"'.
  Type '"weekly"' is not assignable to type '"monthly"'.
client/src/pages/ReportBuilder.tsx(386,32): error TS2339: Property 'nextRun' does not exist on type '{ dataSources: any; layout: any; id: string; name: string; description: string | null; category: string; format: "PDF" | "Excel" | "CSV" | "HTML"; isTemplate: number; status: "active" | "archived" | "draft"; owner: string | null; createdBy: string; createdAt: Date | null; updatedAt: Date | null; }'.
client/src/pages/ReportBuilder.tsx(396,44): error TS2339: Property 'frequency' does not exist on type '{ dataSources: any; layout: any; id: string; name: string; description: string | null; category: string; format: "PDF" | "Excel" | "CSV" | "HTML"; isTemplate: number; status: "active" | "archived" | "draft"; owner: string | null; createdBy: string; createdAt: Date | null; updatedAt: Date | null; }'.
client/src/pages/ReportBuilder.tsx(396,92): error TS2339: Property 'nextRun' does not exist on type '{ dataSources: any; layout: any; id: string; name: string; description: string | null; category: string; format: "PDF" | "Excel" | "CSV" | "HTML"; isTemplate: number; status: "active" | "archived" | "draft"; owner: string | null; createdBy: string; createdAt: Date | null; updatedAt: Date | null; }'.
client/src/pages/RevenueForecasting.tsx(95,62): error TS2345: Argument of type 'ValueType' is not assignable to parameter of type 'number'.
  Type 'string' is not assignable to type 'number'.
client/src/pages/RuleBuilder.tsx(8,78): error TS2345: Argument of type '{}' is not assignable to parameter of type 'void | unique symbol'.
client/src/pages/SdkGenerator.tsx(54,52): error TS2322: Type 'string' is not assignable to type '"typescript" | "python" | "java" | "go" | "ruby"'.
client/src/pages/Search.tsx(27,35): error TS2769: No overload matches this call.
  Overload 1 of 2, '(input: { query: string; modules?: ("clients" | "projects" | "invoices" | "expenses" | "products")[] | undefined; limit?: number | undefined; } | typeof skipToken, opts: DefinedUseTRPCQueryOptions<any[], any[], TRPCClientErrorLike<...>, any[]>): DefinedUseTRPCQueryResult<...>', gave the following error.
    Object literal may only specify known properties, and 'keepPreviousData' does not exist in type 'DefinedUseTRPCQueryOptions<any[], any[], TRPCClientErrorLike<{ errorShape: DefaultErrorShape; transformer: true; }>, any[]>'.
  Overload 2 of 2, '(input: { query: string; modules?: ("clients" | "projects" | "invoices" | "expenses" | "products")[] | undefined; limit?: number | undefined; } | typeof skipToken, opts?: UseTRPCQueryOptions<...> | undefined): UseTRPCQueryResult<...>', gave the following error.
    Object literal may only specify known properties, and 'keepPreviousData' does not exist in type 'UseTRPCQueryOptions<any[], any[], TRPCClientErrorLike<{ input: { query: string; modules?: ("clients" | "projects" | "invoices" | "expenses" | "products")[] | undefined; limit?: number | undefined; }; output: any[]; transformer: true; errorShape: DefaultErrorShape; }>, any[]>'.
client/src/pages/Search.tsx(30,37): error TS2339: Property 'results' does not exist on type 'any[]'.
client/src/pages/SecurityCompliance.tsx(23,73): error TS2339: Property 'query' does not exist on type 'DecoratedQuery<{ input: Record<string, never>; output: { overallSecureScore: number; summary: { vulnerabilities: number; criticalVulnerabilities: number; complianceStatus: string; encryptionCoverage: number; twoFactorAdoption: number; }; recentActivity: { ...; }[]; complianceChecklist: Record<...>; }; transformer: t...'.
client/src/pages/SecurityCompliance.tsx(31,72): error TS2339: Property 'query' does not exist on type 'DecoratedQuery<{ input: { standard: string; period?: { start: string; end: string; } | undefined; }; output: { standard: string; status: string; score: number; requirements: any; recommendations: any; }; transformer: true; errorShape: DefaultErrorShape; }>'.
client/src/pages/SecurityCompliance.tsx(83,61): error TS2322: Type 'unknown' is not assignable to type 'ReactNode'.
client/src/pages/SecurityCompliance.tsx(116,61): error TS7006: Parameter 'r' implicitly has an 'any' type.
client/src/pages/ServiceInvoiceDetails.tsx(51,9): error TS2322: Type 'string' is not assignable to type '{ label: string; href: string; }'.
client/src/pages/ServiceInvoiceDetails.tsx(69,9): error TS2322: Type 'string' is not assignable to type '{ label: string; href: string; }'.
client/src/pages/ServiceInvoiceDetails.tsx(88,7): error TS2322: Type 'string' is not assignable to type '{ label: string; href: string; }'.
client/src/pages/ServiceTemplateDetails.tsx(26,5): error TS2769: No overload matches this call.
  Overload 1 of 2, '(input: string | typeof skipToken, opts: DefinedUseTRPCQueryOptions<{ id: string; organizationId: string | null; name: string; description: string | null; category: string | null; hourlyRate: number | null; ... 9 more ...; updatedAt: string | null; } | null, { ...; } | null, TRPCClientErrorLike<...>, { ...; } | null>): DefinedUseTRPCQueryResult<...>', gave the following error.
    Object literal may only specify known properties, and 'onError' does not exist in type 'DefinedUseTRPCQueryOptions<{ id: string; organizationId: string | null; name: string; description: string | null; category: string | null; hourlyRate: number | null; fixedPrice: number | null; unit: string | null; ... 7 more ...; updatedAt: string | null; } | null, { ...; } | null, TRPCClientErrorLike<...>, { ...; }...'.
  Overload 2 of 2, '(input: string | typeof skipToken, opts?: UseTRPCQueryOptions<{ id: string; organizationId: string | null; name: string; description: string | null; category: string | null; hourlyRate: number | null; ... 9 more ...; updatedAt: string | null; } | null, { ...; } | null, TRPCClientErrorLike<...>, { ...; } | null> | undefined): UseTRPCQueryResult<...>', gave the following error.
    Object literal may only specify known properties, and 'onError' does not exist in type 'UseTRPCQueryOptions<{ id: string; organizationId: string | null; name: string; description: string | null; category: string | null; hourlyRate: number | null; fixedPrice: number | null; unit: string | null; ... 7 more ...; updatedAt: string | null; } | null, { ...; } | null, TRPCClientErrorLike<...>, { ...; } | null>'.
client/src/pages/ServiceTemplateDetails.tsx(26,15): error TS7006: Parameter 'error' implicitly has an 'any' type.
client/src/pages/ServiceTemplateDetails.tsx(67,7): error TS2322: Type '{ children: (false | "" | Element | null | undefined)[]; pageTitle: string; pageDescription: string; breadcrumbs: { label: string; href: string; }[]; secondaryAction: { label: string; icon: ForwardRefExoticComponent<...>; onClick: () => void; }; primaryAction: { ...; } | undefined; }' is not assignable to type 'IntrinsicAttributes & UnifiedModuleLayoutProps'.
  Property 'pageTitle' does not exist on type 'IntrinsicAttributes & UnifiedModuleLayoutProps'.
client/src/pages/ServiceTemplateDetails.tsx(86,23): error TS2322: Type '"card"' is not assignable to type '"default" | "minimal" | "highlighted" | undefined'.
client/src/pages/ServiceTemplateDetails.tsx(101,47): error TS2322: Type '"card"' is not assignable to type '"default" | "minimal" | "highlighted" | undefined'.
client/src/pages/ServiceTemplateDetails.tsx(107,41): error TS2322: Type '"card"' is not assignable to type '"default" | "minimal" | "highlighted" | undefined'.
client/src/pages/ServiceTemplateDetails.tsx(134,38): error TS2322: Type '"card"' is not assignable to type '"default" | "minimal" | "highlighted" | undefined'.
client/src/pages/ServiceTemplateDetails.tsx(137,47): error TS2322: Type '"card"' is not assignable to type '"default" | "minimal" | "highlighted" | undefined'.
client/src/pages/ServiceTemplateDetails.tsx(142,41): error TS2322: Type '"card"' is not assignable to type '"default" | "minimal" | "highlighted" | undefined'.
client/src/pages/ServiceTemplateDetails.tsx(144,23): error TS2769: No overload matches this call.
  Overload 1 of 4, '(value: string | number | Date): Date', gave the following error.
    Argument of type 'string | null' is not assignable to parameter of type 'string | number | Date'.
      Type 'null' is not assignable to type 'string | number | Date'.
  Overload 2 of 4, '(value: string | number): Date', gave the following error.
    Argument of type 'string | null' is not assignable to parameter of type 'string | number'.
      Type 'null' is not assignable to type 'string | number'.
client/src/pages/ServiceTemplateDetails.tsx(151,46): error TS2322: Type '"card"' is not assignable to type '"default" | "minimal" | "highlighted" | undefined'.
client/src/pages/ServiceTemplateDetails.tsx(153,32): error TS7006: Parameter 'd' implicitly has an 'any' type.
client/src/pages/ServiceTemplateDetails.tsx(153,35): error TS7006: Parameter 'i' implicitly has an 'any' type.
client/src/pages/ServiceTemplateDetails.tsx(165,52): error TS2322: Type '"card"' is not assignable to type '"default" | "minimal" | "highlighted" | undefined'.
client/src/pages/ServiceTemplateDetails.tsx(172,50): error TS2322: Type '"card"' is not assignable to type '"default" | "minimal" | "highlighted" | undefined'.
client/src/pages/ServiceTemplateDetails.tsx(200,23): error TS2322: Type '"card"' is not assignable to type '"default" | "minimal" | "highlighted" | undefined'.
client/src/pages/ServiceTemplateDetails.tsx(222,11): error TS2353: Object literal may only specify known properties, and '"Template ID"' does not exist in type 'MetadataItem[]'.
client/src/pages/ServiceTemplateDetails.tsx(223,31): error TS2769: No overload matches this call.
  Overload 1 of 4, '(value: string | number | Date): Date', gave the following error.
    Argument of type 'string | null' is not assignable to parameter of type 'string | number | Date'.
      Type 'null' is not assignable to type 'string | number | Date'.
  Overload 2 of 4, '(value: string | number): Date', gave the following error.
    Argument of type 'string | null' is not assignable to parameter of type 'string | number'.
      Type 'null' is not assignable to type 'string | number'.
client/src/pages/ServiceTemplateDetails.tsx(224,36): error TS2769: No overload matches this call.
  Overload 1 of 4, '(value: string | number | Date): Date', gave the following error.
    Argument of type 'string | null' is not assignable to parameter of type 'string | number | Date'.
      Type 'null' is not assignable to type 'string | number | Date'.
  Overload 2 of 4, '(value: string | number): Date', gave the following error.
    Argument of type 'string | null' is not assignable to parameter of type 'string | number'.
      Type 'null' is not assignable to type 'string | number'.
client/src/pages/ServiceTemplates.tsx(58,5): error TS2769: No overload matches this call.
  Overload 1 of 2, '(input: void | { limit?: number | undefined; offset?: number | undefined; category?: string | undefined; search?: string | undefined; } | typeof skipToken | undefined, opts: DefinedUseTRPCQueryOptions<...>): DefinedUseTRPCQueryResult<...>', gave the following error.
    Object literal may only specify known properties, and 'onSuccess' does not exist in type 'DefinedUseTRPCQueryOptions<any, any, TRPCClientErrorLike<{ errorShape: DefaultErrorShape; transformer: true; }>, any>'.
  Overload 2 of 2, '(input: void | { limit?: number | undefined; offset?: number | undefined; category?: string | undefined; search?: string | undefined; } | typeof skipToken | undefined, opts?: UseTRPCQueryOptions<...> | undefined): UseTRPCQueryResult<...>', gave the following error.
    Object literal may only specify known properties, and 'onSuccess' does not exist in type 'UseTRPCQueryOptions<any, any, TRPCClientErrorLike<{ input: void | { limit?: number | undefined; offset?: number | undefined; category?: string | undefined; search?: string | undefined; } | undefined; output: any; transformer: true; errorShape: DefaultErrorShape; }>, any>'.
client/src/pages/ServiceTemplates.tsx(58,17): error TS7006: Parameter 'data' implicitly has an 'any' type.
client/src/pages/ServiceTemplates.tsx(63,34): error TS7006: Parameter 't' implicitly has an 'any' type.
client/src/pages/ServiceTemplates.tsx(69,15): error TS7006: Parameter 'error' implicitly has an 'any' type.
client/src/pages/ServiceTemplates.tsx(167,39): error TS2322: Type '"card"' is not assignable to type '"default" | "minimal" | "highlighted" | undefined'.
client/src/pages/ServiceTemplates.tsx(190,25): error TS2322: Type '"card"' is not assignable to type '"default" | "minimal" | "highlighted" | undefined'.
client/src/pages/ServiceTemplates.tsx(196,25): error TS2322: Type '"card"' is not assignable to type '"default" | "minimal" | "highlighted" | undefined'.
client/src/pages/ServiceTemplates.tsx(204,51): error TS2322: Type '{ children: Element; title: string; className: string; }' is not assignable to type 'IntrinsicAttributes & SectionConfig'.
  Property 'className' does not exist on type 'IntrinsicAttributes & SectionConfig'.
client/src/pages/ServiceTemplates.tsx(207,54): error TS2322: Type 'number' is not assignable to type 'string'.
client/src/pages/ServiceTemplates.tsx(208,53): error TS2322: Type 'number' is not assignable to type 'string'.
client/src/pages/ServiceTemplates.tsx(209,51): error TS2322: Type 'number' is not assignable to type 'string'.
client/src/pages/ServiceTemplates.tsx(210,45): error TS2322: Type 'number' is not assignable to type 'string'.
client/src/pages/ServiceTemplates.tsx(211,52): error TS2322: Type 'number' is not assignable to type 'string'.
client/src/pages/ServiceTemplates.tsx(212,49): error TS2322: Type 'number' is not assignable to type 'string'.
client/src/pages/ServiceTemplates.tsx(213,51): error TS2322: Type 'number' is not assignable to type 'string'.
client/src/pages/Settings.tsx(1430,26): error TS2345: Argument of type '{ mainTheme: string; resetUsersTheme: boolean; primaryColor: string; sidebarColor: string; headerColor: string; fontFamily: string; borderRadius: string; sidebarStyle: string; compactMode: boolean; htmlHead: string; htmlBody: string; cssStyle: string; colorMode: "light" | "dark"; }' is not assignable to parameter of type 'SetStateAction<{ mainTheme: string; resetUsersTheme: boolean; primaryColor: string; sidebarColor: string; headerColor: string; fontFamily: string; borderRadius: string; sidebarStyle: string; compactMode: boolean; ... 28 more ...; inputBackgroundDark: string; }>'.
  Type '{ mainTheme: string; resetUsersTheme: boolean; primaryColor: string; sidebarColor: string; headerColor: string; fontFamily: string; borderRadius: string; sidebarStyle: string; compactMode: boolean; htmlHead: string; htmlBody: string; cssStyle: string; colorMode: "light" | "dark"; }' is missing the following properties from type '{ mainTheme: string; resetUsersTheme: boolean; primaryColor: string; sidebarColor: string; headerColor: string; fontFamily: string; borderRadius: string; sidebarStyle: string; compactMode: boolean; ... 28 more ...; inputBackgroundDark: string; }': bodyBackground, bodyBackgroundDark, cardBackground, cardBackgroundDark, and 21 more.
client/src/pages/Settings.tsx(1491,26): error TS2345: Argument of type '{ mainTheme: string; resetUsersTheme: boolean; primaryColor: string; sidebarColor: string; headerColor: string; fontFamily: string; borderRadius: string; sidebarStyle: string; compactMode: boolean; htmlHead: string; htmlBody: string; cssStyle: string; colorMode: "light" | "dark"; }' is not assignable to parameter of type 'SetStateAction<{ mainTheme: string; resetUsersTheme: boolean; primaryColor: string; sidebarColor: string; headerColor: string; fontFamily: string; borderRadius: string; sidebarStyle: string; compactMode: boolean; ... 28 more ...; inputBackgroundDark: string; }>'.
  Type '{ mainTheme: string; resetUsersTheme: boolean; primaryColor: string; sidebarColor: string; headerColor: string; fontFamily: string; borderRadius: string; sidebarStyle: string; compactMode: boolean; htmlHead: string; htmlBody: string; cssStyle: string; colorMode: "light" | "dark"; }' is missing the following properties from type '{ mainTheme: string; resetUsersTheme: boolean; primaryColor: string; sidebarColor: string; headerColor: string; fontFamily: string; borderRadius: string; sidebarStyle: string; compactMode: boolean; ... 28 more ...; inputBackgroundDark: string; }': bodyBackground, bodyBackgroundDark, cardBackground, cardBackgroundDark, and 21 more.
client/src/pages/Settings.tsx(1511,22): error TS2345: Argument of type '{ mainTheme: string; resetUsersTheme: boolean; primaryColor: string; sidebarColor: string; headerColor: string; fontFamily: string; borderRadius: string; sidebarStyle: string; compactMode: boolean; htmlHead: string; htmlBody: string; cssStyle: string; colorMode: "light" | "dark"; }' is not assignable to parameter of type 'SetStateAction<{ mainTheme: string; resetUsersTheme: boolean; primaryColor: string; sidebarColor: string; headerColor: string; fontFamily: string; borderRadius: string; sidebarStyle: string; compactMode: boolean; ... 28 more ...; inputBackgroundDark: string; }>'.
  Type '{ mainTheme: string; resetUsersTheme: boolean; primaryColor: string; sidebarColor: string; headerColor: string; fontFamily: string; borderRadius: string; sidebarStyle: string; compactMode: boolean; htmlHead: string; htmlBody: string; cssStyle: string; colorMode: "light" | "dark"; }' is missing the following properties from type '{ mainTheme: string; resetUsersTheme: boolean; primaryColor: string; sidebarColor: string; headerColor: string; fontFamily: string; borderRadius: string; sidebarStyle: string; compactMode: boolean; ... 28 more ...; inputBackgroundDark: string; }': bodyBackground, bodyBackgroundDark, cardBackground, cardBackgroundDark, and 21 more.
client/src/pages/Settings.tsx(2650,29): error TS2339: Property 'annualPrice' does not exist on type '{ id: any; name: any; tier: any; price: string; annualPrice: string | undefined; features: any; maxUsers: any; key: any; } | { name: any; price: string; annualPrice: string | undefined; features: any[]; key: string; } | { ...; }'.
  Property 'annualPrice' does not exist on type '{ name: string; price: string; features: string[]; key: string; maxUsers: number; }'.
client/src/pages/Settings.tsx(2651,76): error TS2339: Property 'annualPrice' does not exist on type '{ id: any; name: any; tier: any; price: string; annualPrice: string | undefined; features: any; maxUsers: any; key: any; } | { name: any; price: string; annualPrice: string | undefined; features: any[]; key: string; } | { ...; }'.
  Property 'annualPrice' does not exist on type '{ name: string; price: string; features: string[]; key: string; maxUsers: number; }'.
client/src/pages/Settings.tsx(2653,29): error TS2339: Property 'maxUsers' does not exist on type '{ id: any; name: any; tier: any; price: string; annualPrice: string | undefined; features: any; maxUsers: any; key: any; } | { name: any; price: string; annualPrice: string | undefined; features: any[]; key: string; } | { ...; }'.
  Property 'maxUsers' does not exist on type '{ name: any; price: string; annualPrice: string | undefined; features: any[]; key: string; }'.
client/src/pages/Settings.tsx(2655,33): error TS2339: Property 'maxUsers' does not exist on type '{ id: any; name: any; tier: any; price: string; annualPrice: string | undefined; features: any; maxUsers: any; key: any; } | { name: any; price: string; annualPrice: string | undefined; features: any[]; key: string; } | { ...; }'.
  Property 'maxUsers' does not exist on type '{ name: any; price: string; annualPrice: string | undefined; features: any[]; key: string; }'.
client/src/pages/Settings.tsx(2655,70): error TS2339: Property 'maxUsers' does not exist on type '{ id: any; name: any; tier: any; price: string; annualPrice: string | undefined; features: any; maxUsers: any; key: any; } | { name: any; price: string; annualPrice: string | undefined; features: any[]; key: string; } | { ...; }'.
  Property 'maxUsers' does not exist on type '{ name: any; price: string; annualPrice: string | undefined; features: any[]; key: string; }'.
client/src/pages/Settings.tsx(2662,35): error TS2339: Property 'maxUsers' does not exist on type '{ id: any; name: any; tier: any; price: string; annualPrice: string | undefined; features: any; maxUsers: any; key: any; } | { name: any; price: string; annualPrice: string | undefined; features: any[]; key: string; } | { ...; }'.
  Property 'maxUsers' does not exist on type '{ name: any; price: string; annualPrice: string | undefined; features: any[]; key: string; }'.
client/src/pages/Settings.tsx(4148,112): error TS2322: Type 'string' is not assignable to type '"custom" | "webhook" | "api" | "api_key" | "oauth" | "smtp"'.
client/src/pages/SettingsIntegrationExample.tsx(7,21): error TS2307: Cannot find module '@/utils/api' or its corresponding type declarations.
client/src/pages/SettingsIntegrationExample.tsx(37,13): error TS2345: Argument of type '{ title: string; description: string; }' is not assignable to parameter of type 'string'.
client/src/pages/SettingsIntegrationExample.tsx(43,15): error TS7006: Parameter 'error' implicitly has an 'any' type.
client/src/pages/SettingsIntegrationExample.tsx(44,13): error TS2345: Argument of type '{ title: string; description: any; variant: string; }' is not assignable to parameter of type 'string'.
client/src/pages/SettingsIntegrationExample.tsx(54,13): error TS2345: Argument of type '{ title: string; description: string; }' is not assignable to parameter of type 'string'.
client/src/pages/SettingsIntegrationExample.tsx(60,15): error TS7006: Parameter 'error' implicitly has an 'any' type.
client/src/pages/SettingsIntegrationExample.tsx(61,13): error TS2345: Argument of type '{ title: string; description: any; variant: string; }' is not assignable to parameter of type 'string'.
client/src/pages/SettingsIntegrationExample.tsx(71,13): error TS2345: Argument of type '{ title: string; description: string; }' is not assignable to parameter of type 'string'.
client/src/pages/SettingsIntegrationExample.tsx(77,15): error TS7006: Parameter 'error' implicitly has an 'any' type.
client/src/pages/SettingsIntegrationExample.tsx(78,13): error TS2345: Argument of type '{ title: string; description: any; variant: string; }' is not assignable to parameter of type 'string'.
client/src/pages/SettingsIntegrationExample.tsx(156,15): error TS2345: Argument of type '{ title: string; description: string; }' is not assignable to parameter of type 'string'.
client/src/pages/SettingsIntegrationExample.tsx(162,15): error TS2345: Argument of type '{ title: string; description: string; variant: string; }' is not assignable to parameter of type 'string'.
client/src/pages/SmsQueue.tsx(53,50): error TS2339: Property 'sent' does not exist on type '{ pending: number; sending: number; delivered: number; failed: number; total: number; totalLastDay: number; provider: string; }'.
client/src/pages/StrategicPlanning.tsx(9,79): error TS2345: Argument of type '{}' is not assignable to parameter of type '{ period: "MONTHLY" | "DAILY" | "WEEKLY" | "QUARTERLY"; } | unique symbol'.
client/src/pages/Subscriptions.tsx(345,26): error TS7053: Element implicitly has an 'any' type because expression of type 'any' can't be used to index type '{ weekly: string; biweekly: string; monthly: string; quarterly: string; annual: string; }'.
client/src/pages/Subscriptions.tsx(378,35): error TS2345: Argument of type '{ clientId: any; frequency: "monthly" | "annually"; startDate: string; endDate: string; description: any; noteToInvoice: string; }' is not assignable to parameter of type 'SetStateAction<{ clientId: string; description: string; frequency: "weekly" | "biweekly" | "monthly" | "quarterly" | "annually"; startDate: string; endDate: string; autoRenew: boolean; contactPerson: string; ... 11 more ...; noteToInvoice: string; }>'.
  Type '{ clientId: any; frequency: "monthly" | "annually"; startDate: string; endDate: string; description: any; noteToInvoice: string; }' is missing the following properties from type '{ clientId: string; description: string; frequency: "weekly" | "biweekly" | "monthly" | "quarterly" | "annually"; startDate: string; endDate: string; autoRenew: boolean; contactPerson: string; ... 11 more ...; noteToInvoice: string; }': autoRenew, contactPerson, contactEmail, contactPhone, and 9 more.
client/src/pages/Subscriptions.tsx(803,120): error TS7053: Element implicitly has an 'any' type because expression of type 'any' can't be used to index type '{ weekly: string; biweekly: string; monthly: string; quarterly: string; annual: string; }'.
client/src/pages/SupplierDetails.tsx(179,65): error TS2345: Argument of type 'number | null' is not assignable to parameter of type 'number'.
  Type 'null' is not assignable to type 'number'.
client/src/pages/SupplierDetails.tsx(183,65): error TS2345: Argument of type 'number | null' is not assignable to parameter of type 'number'.
  Type 'null' is not assignable to type 'number'.
client/src/pages/SupplierDetails.tsx(187,65): error TS2345: Argument of type 'number | null' is not assignable to parameter of type 'number'.
  Type 'null' is not assignable to type 'number'.
client/src/pages/SupplierDetails.tsx(191,65): error TS2345: Argument of type 'number | null' is not assignable to parameter of type 'number'.
  Type 'null' is not assignable to type 'number'.
client/src/pages/Suppliers.tsx(170,32): error TS2322: Type 'string | { id: string; organizationId: string | null; supplierNumber: string; companyName: string; registrationNumber: string | null; taxId: string | null; contactPerson: string | null; ... 31 more ...; updatedAt: string | null; }[]' is not assignable to type 'BlobPart'.
  Type '{ id: string; organizationId: string | null; supplierNumber: string; companyName: string; registrationNumber: string | null; taxId: string | null; contactPerson: string | null; contactTitle: string | null; ... 30 more ...; updatedAt: string | null; }[]' is not assignable to type 'BlobPart'.
    Type '{ id: string; organizationId: string | null; supplierNumber: string; companyName: string; registrationNumber: string | null; taxId: string | null; contactPerson: string | null; contactTitle: string | null; ... 30 more ...; updatedAt: string | null; }[]' is missing the following properties from type 'Blob': size, type, arrayBuffer, bytes, and 2 more.
client/src/pages/TaxComplianceReports.tsx(136,60): error TS2339: Property 'grossSalary' does not exist on type '{}'.
client/src/pages/TaxComplianceReports.tsx(139,52): error TS2339: Property 'payeeTax' does not exist on type '{}'.
client/src/pages/TaxComplianceReports.tsx(142,52): error TS2339: Property 'nssfContribution' does not exist on type '{}'.
client/src/pages/TaxComplianceReports.tsx(145,52): error TS2339: Property 'shifContribution' does not exist on type '{}'.
client/src/pages/TaxComplianceReports.tsx(148,60): error TS2339: Property 'housingLevy' does not exist on type '{}'.
client/src/pages/ThirdPartyIntegrations.tsx(31,25): error TS2352: Conversion of type '{ integrations: { config: any; id: string; provider: string; name: string | null; service: string | null; integrationType: string | null; status: string | null; isActive: number; lastSync: string | null; lastSyncAt: string | null; createdBy: string; createdAt: string | null; updatedAt: string | null; }[]; total: num...' to type 'any[]' may be a mistake because neither type sufficiently overlaps with the other. If this was intentional, convert the expression to 'unknown' first.
  Type '{ integrations: { config: any; id: string; provider: string; name: string | null; service: string | null; integrationType: string | null; status: string | null; isActive: number; lastSync: string | null; lastSyncAt: string | null; createdBy: string; createdAt: string | null; updatedAt: string | null; }[]; total: num...' is missing the following properties from type 'any[]': length, pop, push, concat, and 35 more.
client/src/pages/Tickets.tsx(74,50): error TS2339: Property 'tickets' does not exist on type '"The property 'useContext' in your router collides with a built-in method, rename this router or procedure on your backend." | "The property 'useUtils' in your router collides with a built-in method, rename this router or procedure on your backend." | "The property 'Provider' in your router collides with a built-in ...'.
  Property 'tickets' does not exist on type '"The property 'useContext' in your router collides with a built-in method, rename this router or procedure on your backend."'.
client/src/pages/Tickets.tsx(75,39): error TS2339: Property 'tickets' does not exist on type '"The property 'useContext' in your router collides with a built-in method, rename this router or procedure on your backend." | "The property 'useUtils' in your router collides with a built-in method, rename this router or procedure on your backend." | "The property 'Provider' in your router collides with a built-in ...'.
  Property 'tickets' does not exist on type '"The property 'useContext' in your router collides with a built-in method, rename this router or procedure on your backend."'.
client/src/pages/Tickets.tsx(80,29): error TS2339: Property 'tickets' does not exist on type '"The property 'useContext' in your router collides with a built-in method, rename this router or procedure on your backend." | "The property 'useUtils' in your router collides with a built-in method, rename this router or procedure on your backend." | "The property 'Provider' in your router collides with a built-in ...'.
  Property 'tickets' does not exist on type '"The property 'useContext' in your router collides with a built-in method, rename this router or procedure on your backend."'.
client/src/pages/Tickets.tsx(85,15): error TS7006: Parameter 'error' implicitly has an 'any' type.
client/src/pages/Tickets.tsx(90,29): error TS2339: Property 'tickets' does not exist on type '"The property 'useContext' in your router collides with a built-in method, rename this router or procedure on your backend." | "The property 'useUtils' in your router collides with a built-in method, rename this router or procedure on your backend." | "The property 'Provider' in your router collides with a built-in ...'.
  Property 'tickets' does not exist on type '"The property 'useContext' in your router collides with a built-in method, rename this router or procedure on your backend."'.
client/src/pages/Tickets.tsx(94,15): error TS7006: Parameter 'error' implicitly has an 'any' type.
client/src/pages/Tickets.tsx(99,29): error TS2339: Property 'tickets' does not exist on type '"The property 'useContext' in your router collides with a built-in method, rename this router or procedure on your backend." | "The property 'useUtils' in your router collides with a built-in method, rename this router or procedure on your backend." | "The property 'Provider' in your router collides with a built-in ...'.
  Property 'tickets' does not exist on type '"The property 'useContext' in your router collides with a built-in method, rename this router or procedure on your backend."'.
client/src/pages/Tickets.tsx(103,15): error TS7006: Parameter 'error' implicitly has an 'any' type.
client/src/pages/Tickets.tsx(109,36): error TS7006: Parameter 'ticket' implicitly has an 'any' type.
client/src/pages/Tickets.tsx(122,27): error TS7006: Parameter 't' implicitly has an 'any' type.
client/src/pages/Tickets.tsx(123,28): error TS7006: Parameter 't' implicitly has an 'any' type.
client/src/pages/Tickets.tsx(124,34): error TS7006: Parameter 't' implicitly has an 'any' type.
client/src/pages/Tickets.tsx(125,33): error TS7006: Parameter 't' implicitly has an 'any' type.
client/src/pages/Tickets.tsx(287,43): error TS7006: Parameter 'ticket' implicitly has an 'any' type.
client/src/pages/Tickets.tsx(377,29): error TS2339: Property 'tickets' does not exist on type '"The property 'useContext' in your router collides with a built-in method, rename this router or procedure on your backend." | "The property 'useUtils' in your router collides with a built-in method, rename this router or procedure on your backend." | "The property 'Provider' in your router collides with a built-in ...'.
  Property 'tickets' does not exist on type '"The property 'useContext' in your router collides with a built-in method, rename this router or procedure on your backend."'.
client/src/pages/Tickets.tsx(388,15): error TS7006: Parameter 'error' implicitly has an 'any' type.
client/src/pages/Tickets.tsx(496,29): error TS2339: Property 'tickets' does not exist on type '"The property 'useContext' in your router collides with a built-in method, rename this router or procedure on your backend." | "The property 'useUtils' in your router collides with a built-in method, rename this router or procedure on your backend." | "The property 'Provider' in your router collides with a built-in ...'.
  Property 'tickets' does not exist on type '"The property 'useContext' in your router collides with a built-in method, rename this router or procedure on your backend."'.
client/src/pages/Tickets.tsx(500,15): error TS7006: Parameter 'error' implicitly has an 'any' type.
client/src/pages/TimesheetDetails.tsx(57,9): error TS2322: Type 'string' is not assignable to type '{ label: string; href: string; }'.
client/src/pages/TimesheetDetails.tsx(75,9): error TS2322: Type 'string' is not assignable to type '{ label: string; href: string; }'.
client/src/pages/TimesheetDetails.tsx(95,7): error TS2322: Type 'string' is not assignable to type '{ label: string; href: string; }'.
client/src/pages/Tools.tsx(124,38): error TS2339: Property 'disabled' does not exist on type '{ id: string; title: string; description: string; icon: Element; href: string; borderColor: string; iconBg: string; iconColor: string; badge: string; } | { id: string; title: string; description: string; ... 5 more ...; badge?: undefined; }'.
  Property 'disabled' does not exist on type '{ id: string; title: string; description: string; icon: Element; href: string; borderColor: string; iconBg: string; iconColor: string; badge: string; }'.
client/src/pages/Tools.tsx(125,32): error TS2339: Property 'disabled' does not exist on type '{ id: string; title: string; description: string; icon: Element; href: string; borderColor: string; iconBg: string; iconColor: string; badge: string; } | { id: string; title: string; description: string; ... 5 more ...; badge?: undefined; }'.
  Property 'disabled' does not exist on type '{ id: string; title: string; description: string; icon: Element; href: string; borderColor: string; iconBg: string; iconColor: string; badge: string; }'.
client/src/pages/Tools.tsx(130,24): error TS2339: Property 'disabled' does not exist on type '{ id: string; title: string; description: string; icon: Element; href: string; borderColor: string; iconBg: string; iconColor: string; badge: string; } | { id: string; title: string; description: string; ... 5 more ...; badge?: undefined; }'.
  Property 'disabled' does not exist on type '{ id: string; title: string; description: string; icon: Element; href: string; borderColor: string; iconBg: string; iconColor: string; badge: string; }'.
client/src/pages/tools/BrandCustomization.tsx(894,64): error TS2362: The left-hand side of an arithmetic operation must be of type 'any', 'number', 'bigint' or an enum type.
client/src/pages/tools/BrandCustomization.tsx(907,64): error TS2362: The left-hand side of an arithmetic operation must be of type 'any', 'number', 'bigint' or an enum type.
client/src/pages/tools/BrandCustomization.tsx(920,64): error TS2362: The left-hand side of an arithmetic operation must be of type 'any', 'number', 'bigint' or an enum type.
client/src/pages/tools/BrandCustomization.tsx(943,64): error TS2362: The left-hand side of an arithmetic operation must be of type 'any', 'number', 'bigint' or an enum type.
client/src/pages/tools/BrandCustomization.tsx(956,64): error TS2362: The left-hand side of an arithmetic operation must be of type 'any', 'number', 'bigint' or an enum type.
client/src/pages/tools/BrandCustomization.tsx(969,64): error TS2362: The left-hand side of an arithmetic operation must be of type 'any', 'number', 'bigint' or an enum type.
client/src/pages/tools/CustomFields.tsx(11,18): error TS2352: Conversion of type 'Record<string, string> | undefined' to type 'any[]' may be a mistake because neither type sufficiently overlaps with the other. If this was intentional, convert the expression to 'unknown' first.
  Type 'Record<string, string>' is missing the following properties from type 'any[]': length, pop, push, concat, and 35 more.
client/src/pages/tools/CustomHomepageBuilder.tsx(59,3): error TS2724: '"lucide-react"' has no exported member named 'GitmergeIcon'. Did you mean 'GitMergeIcon'?
client/src/pages/tools/Permissions.tsx(68,5): error TS2769: No overload matches this call.
  Overload 1 of 2, '(input: string | typeof skipToken, opts: DefinedUseTRPCQueryOptions<Record<string, Record<string, boolean>>, Record<string, Record<string, boolean>>, TRPCClientErrorLike<...>, Record<...>>): DefinedUseTRPCQueryResult<...>', gave the following error.
    Argument of type '{ userId: string; }' is not assignable to parameter of type 'string | unique symbol'.
  Overload 2 of 2, '(input: string | typeof skipToken, opts?: UseTRPCQueryOptions<Record<string, Record<string, boolean>>, Record<string, Record<string, boolean>>, TRPCClientErrorLike<...>, Record<...>> | undefined): UseTRPCQueryResult<...>', gave the following error.
    Argument of type '{ userId: string; }' is not assignable to parameter of type 'string | unique symbol'.
client/src/pages/tools/Permissions.tsx(240,51): error TS2367: This comparison appears to be unintentional because the types 'Record<string, boolean>' and 'number' have no overlap.
client/src/pages/tools/Permissions.tsx(261,52): error TS2349: This expression is not callable.
  Type 'Record<string, boolean>' has no call signatures.
client/src/pages/tools/Permissions.tsx(261,57): error TS7006: Parameter 'perm' implicitly has an 'any' type.
client/src/pages/tools/SystemSettings.tsx(92,41): error TS2322: Type 'string | null' is not assignable to type 'string | undefined'.
  Type 'null' is not assignable to type 'string | undefined'.
client/src/pages/tools/SystemSettings.tsx(93,48): error TS2322: Type 'string | null' is not assignable to type 'string | undefined'.
  Type 'null' is not assignable to type 'string | undefined'.
client/src/pages/tools/SystemSettings.tsx(95,52): error TS2322: Type 'string | null' is not assignable to type 'string | undefined'.
  Type 'null' is not assignable to type 'string | undefined'.
client/src/pages/tools/SystemSettings.tsx(98,100): error TS2345: Argument of type 'string | null' is not assignable to parameter of type 'string'.
  Type 'null' is not assignable to type 'string'.
client/src/pages/tools/SystemSettings.tsx(101,95): error TS2345: Argument of type 'string | null' is not assignable to parameter of type 'string'.
  Type 'null' is not assignable to type 'string'.
client/src/pages/tools/SystemSettings.tsx(102,96): error TS2345: Argument of type 'string | null' is not assignable to parameter of type 'string'.
  Type 'null' is not assignable to type 'string'.
client/src/pages/tools/SystemSettings.tsx(104,97): error TS2345: Argument of type 'string | null' is not assignable to parameter of type 'string'.
  Type 'null' is not assignable to type 'string'.
client/src/pages/Training.tsx(30,11): error TS2339: Property 'formatAmount' does not exist on type '{ code: string; symbol: string; position: "before" | "after"; }'.
client/src/pages/Training.tsx(104,42): error TS2339: Property 'filter' does not exist on type 'QueryResult'.
  Property 'filter' does not exist on type 'ResultSetHeader'.
client/src/pages/Training.tsx(108,55): error TS2339: Property 'find' does not exist on type 'QueryResult'.
  Property 'find' does not exist on type 'ResultSetHeader'.
client/src/pages/Training.tsx(109,64): error TS2339: Property 'find' does not exist on type 'QueryResult'.
  Property 'find' does not exist on type 'ResultSetHeader'.
client/src/pages/Training.tsx(110,60): error TS2339: Property 'reduce' does not exist on type 'QueryResult'.
  Property 'reduce' does not exist on type 'ResultSetHeader'.
client/src/pages/Training.tsx(118,12): error TS2322: Type 'ForwardRefExoticComponent<Omit<LucideProps, "ref"> & RefAttributes<SVGSVGElement>>' is not assignable to type 'ReactNode'.
  Type 'ForwardRefExoticComponent<Omit<LucideProps, "ref"> & RefAttributes<SVGSVGElement>>' is missing the following properties from type 'ReactPortal': children, type, props, key
client/src/pages/Training.tsx(125,66): error TS2339: Property 'length' does not exist on type 'QueryResult'.
  Property 'length' does not exist on type 'ResultSetHeader'.
client/src/pages/UsageMetering.tsx(22,63): error TS2339: Property 'total' does not exist on type '{ totalApis: number; apis: { id: string; name: string; pricingModel: string; basePrice: string | null; status: string; }[]; }'.
client/src/pages/website/About.tsx(142,26): error TS7006: Parameter 'v' implicitly has an 'any' type.
client/src/pages/website/Features.tsx(255,42): error TS7006: Parameter 'f' implicitly has an 'any' type.
client/src/pages/website/Pricing.tsx(307,39): error TS7006: Parameter 'f' implicitly has an 'any' type.
client/src/pages/website/Pricing.tsx(351,39): error TS7006: Parameter 'row' implicitly has an 'any' type.
client/src/pages/website/Pricing.tsx(351,44): error TS7006: Parameter 'i' implicitly has an 'any' type.
client/src/pages/website/WebsiteFooter.tsx(104,67): error TS7006: Parameter 'col' implicitly has an 'any' type.
client/src/pages/website/WebsiteFooter.tsx(108,33): error TS7006: Parameter 'link' implicitly has an 'any' type.
client/src/pages/website/WebsiteNav.tsx(205,29): error TS7006: Parameter 'link' implicitly has an 'any' type.
client/src/pages/website/WebsiteNav.tsx(227,40): error TS7006: Parameter 'r' implicitly has an 'any' type.
client/src/pages/website/WebsiteNav.tsx(238,40): error TS7006: Parameter 'link' implicitly has an 'any' type.
client/src/pages/website/WebsiteNav.tsx(315,27): error TS7006: Parameter 'link' implicitly has an 'any' type.
client/src/pages/website/WebsiteNav.tsx(329,32): error TS7006: Parameter 'link' implicitly has an 'any' type.
client/src/pages/WorkflowAutomation.tsx(471,37): error TS2339: Property 'id' does not exist on type 'WorkflowAction'.
client/src/pages/WorkflowAutomation.tsx(648,33): error TS2345: Argument of type '{ workflowId: any; }' is not assignable to parameter of type '{ workflowId: string; entityType: string; entityId: string; triggerData?: Record<string, any> | undefined; }'.
  Type '{ workflowId: any; }' is missing the following properties from type '{ workflowId: string; entityType: string; entityId: string; triggerData?: Record<string, any> | undefined; }': entityType, entityId
client/src/pages/WorkflowBuilder.tsx(71,7): error TS2322: Type '"manual"' is not assignable to type '"invoice_created" | "invoice_paid" | "invoice_overdue" | "payment_received" | "opportunity_moved" | "task_completed" | "project_milestone_reached" | "reminder_time"'.
client/src/pages/WorkOrders.tsx(36,5): error TS2769: No overload matches this call.
  Overload 1 of 2, '(input: void | typeof skipToken, opts: DefinedUseTRPCQueryOptions<{ id: string; organizationId: string | null; workOrderNumber: string; issueDate: string; description: string; assignedTo: string; priority: "low" | ... 2 more ... | "critical"; ... 9 more ...; updatedAt: string | null; }[], { ...; }[], TRPCClientErrorLike<...>, { ...; }[]>): DefinedUseTRPCQueryResult<...>', gave the following error.
    Object literal may only specify known properties, and 'onSuccess' does not exist in type 'DefinedUseTRPCQueryOptions<{ id: string; organizationId: string | null; workOrderNumber: string; issueDate: string; description: string; assignedTo: string; priority: "low" | "medium" | "high" | "critical"; startDate: string; ... 8 more ...; updatedAt: string | null; }[], { ...; }[], TRPCClientErrorLike<...>, { ...;...'.
  Overload 2 of 2, '(input: void | typeof skipToken, opts?: UseTRPCQueryOptions<{ id: string; organizationId: string | null; workOrderNumber: string; issueDate: string; description: string; assignedTo: string; priority: "low" | ... 2 more ... | "critical"; ... 9 more ...; updatedAt: string | null; }[], { ...; }[], TRPCClientErrorLike<...>, { ...; }[]> | undefined): UseTRPCQueryResult<...>', gave the following error.
    Object literal may only specify known properties, and 'onSuccess' does not exist in type 'UseTRPCQueryOptions<{ id: string; organizationId: string | null; workOrderNumber: string; issueDate: string; description: string; assignedTo: string; priority: "low" | "medium" | "high" | "critical"; startDate: string; ... 8 more ...; updatedAt: string | null; }[], { ...; }[], TRPCClientErrorLike<...>, { ...; }[]>'.
client/src/pages/WorkOrders.tsx(36,17): error TS7006: Parameter 'data' implicitly has an 'any' type.
client/src/pages/WorkOrders.tsx(40,15): error TS7006: Parameter 'error' implicitly has an 'any' type.
client/src/stores/brandStore.ts(1,24): error TS2307: Cannot find module 'zustand' or its corresponding type declarations.
client/src/stores/brandStore.ts(2,25): error TS2307: Cannot find module 'zustand/middleware' or its corresponding type declarations.
client/src/stores/brandStore.ts(94,6): error TS7006: Parameter 'set' implicitly has an 'any' type.
client/src/stores/brandStore.ts(94,11): error TS7006: Parameter 'get' implicitly has an 'any' type.
client/src/stores/brandStore.ts(98,27): error TS7006: Parameter 'config' implicitly has an 'any' type.
client/src/stores/brandStore.ts(99,14): error TS7006: Parameter 'state' implicitly has an 'any' type.
client/src/stores/brandStore.ts(113,28): error TS7006: Parameter 'guide' implicitly has an 'any' type.
client/src/stores/brandStore.ts(114,14): error TS7006: Parameter 'state' implicitly has an 'any' type.
client/src/stores/homepageBuilderStore.ts(1,24): error TS2307: Cannot find module 'zustand' or its corresponding type declarations.
client/src/stores/homepageBuilderStore.ts(2,25): error TS2307: Cannot find module 'zustand/middleware' or its corresponding type declarations.
client/src/stores/homepageBuilderStore.ts(108,6): error TS7006: Parameter 'set' implicitly has an 'any' type.
client/src/stores/homepageBuilderStore.ts(108,11): error TS7006: Parameter 'get' implicitly has an 'any' type.
client/src/stores/homepageBuilderStore.ts(114,22): error TS7006: Parameter 'id' implicitly has an 'any' type.
client/src/stores/homepageBuilderStore.ts(115,14): error TS7006: Parameter 'state' implicitly has an 'any' type.
client/src/stores/homepageBuilderStore.ts(126,22): error TS7006: Parameter 'id' implicitly has an 'any' type.
client/src/stores/homepageBuilderStore.ts(127,14): error TS7006: Parameter 'state' implicitly has an 'any' type.
client/src/stores/homepageBuilderStore.ts(138,23): error TS7006: Parameter 'id' implicitly has an 'any' type.
client/src/stores/homepageBuilderStore.ts(139,14): error TS7006: Parameter 'state' implicitly has an 'any' type.
client/src/stores/homepageBuilderStore.ts(150,24): error TS7006: Parameter 'order' implicitly has an 'any' type.
client/src/stores/homepageBuilderStore.ts(151,14): error TS7006: Parameter 'state' implicitly has an 'any' type.
client/src/stores/homepageBuilderStore.ts(153,26): error TS7006: Parameter 'id' implicitly has an 'any' type.
client/src/stores/homepageBuilderStore.ts(153,30): error TS7006: Parameter 'index' implicitly has an 'any' type.
client/src/stores/homepageBuilderStore.ts(168,22): error TS7006: Parameter 'id' implicitly has an 'any' type.
client/src/stores/homepageBuilderStore.ts(181,24): error TS7006: Parameter 'id' implicitly has an 'any' type.
client/src/stores/homepageBuilderStore.ts(206,20): error TS7006: Parameter 'id' implicitly has an 'any' type.
client/src/stores/homepageBuilderStore.ts(207,17): error TS7006: Parameter 'id' implicitly has an 'any' type.
client/src/stores/homepageBuilderStore.ts(211,30): error TS7006: Parameter 'category' implicitly has an 'any' type.
client/src/stores/homepageBuilderStore.ts(214,17): error TS7006: Parameter 'id' implicitly has an 'any' type.
client/src/stores/homepageBuilderStore.ts(215,20): error TS7006: Parameter 'w' implicitly has an 'any' type.
client/src/stores/homepageBuilderStore.ts(216,18): error TS7006: Parameter 'a' implicitly has an 'any' type.
client/src/stores/homepageBuilderStore.ts(216,21): error TS7006: Parameter 'b' implicitly has an 'any' type.
client/src/stores/systemSettingsStore.ts(1,24): error TS2307: Cannot find module 'zustand' or its corresponding type declarations.
client/src/stores/systemSettingsStore.ts(2,25): error TS2307: Cannot find module 'zustand/middleware' or its corresponding type declarations.
client/src/stores/systemSettingsStore.ts(47,6): error TS7006: Parameter 'set' implicitly has an 'any' type.
client/src/stores/systemSettingsStore.ts(47,11): error TS7006: Parameter 'get' implicitly has an 'any' type.
client/src/stores/systemSettingsStore.ts(50,24): error TS7006: Parameter 'updates' implicitly has an 'any' type.
client/src/stores/systemSettingsStore.ts(51,14): error TS7006: Parameter 'state' implicitly has an 'any' type.
client/src/stores/themeStore.ts(1,24): error TS2307: Cannot find module 'zustand' or its corresponding type declarations.
client/src/stores/themeStore.ts(2,25): error TS2307: Cannot find module 'zustand/middleware' or its corresponding type declarations.
client/src/stores/themeStore.ts(70,6): error TS7006: Parameter 'set' implicitly has an 'any' type.
client/src/stores/themeStore.ts(70,11): error TS7006: Parameter 'get' implicitly has an 'any' type.
client/src/stores/themeStore.ts(73,27): error TS7006: Parameter 'config' implicitly has an 'any' type.
client/src/stores/themeStore.ts(74,14): error TS7006: Parameter 'state' implicitly has an 'any' type.
client/src/utils/trpc.ts(2,32): error TS2307: Cannot find module '../../../server/src/routers' or its corresponding type declarations.
drizzle/schema.ts(1,10): error TS2300: Duplicate identifier 'mysqlTable'.
drizzle/schema.ts(1,51): error TS2300: Duplicate identifier 'index'.
drizzle/schema.ts(1,58): error TS2300: Duplicate identifier 'varchar'.
drizzle/schema.ts(1,67): error TS2300: Duplicate identifier 'mysqlEnum'.
drizzle/schema.ts(1,78): error TS2300: Duplicate identifier 'int'.
drizzle/schema.ts(1,83): error TS2300: Duplicate identifier 'text'.
drizzle/schema.ts(1,89): error TS2300: Duplicate identifier 'longtext'.
drizzle/schema.ts(1,99): error TS2300: Duplicate identifier 'timestamp'.
drizzle/schema.ts(1,110): error TS2300: Duplicate identifier 'datetime'.
drizzle/schema.ts(1,120): error TS2300: Duplicate identifier 'tinyint'.
drizzle/schema.ts(1,129): error TS2300: Duplicate identifier 'json'.
drizzle/schema.ts(2,10): error TS2300: Duplicate identifier 'sql'.
drizzle/schema.ts(2064,13): error TS2300: Duplicate identifier 'InsertEmailLog'.
drizzle/schema.ts(2280,10): error TS2300: Duplicate identifier 'mysqlTable'.
drizzle/schema.ts(2280,22): error TS2300: Duplicate identifier 'index'.
drizzle/schema.ts(2280,29): error TS2300: Duplicate identifier 'varchar'.
drizzle/schema.ts(2280,38): error TS2300: Duplicate identifier 'mysqlEnum'.
drizzle/schema.ts(2280,49): error TS2300: Duplicate identifier 'int'.
drizzle/schema.ts(2280,54): error TS2300: Duplicate identifier 'text'.
drizzle/schema.ts(2280,60): error TS2300: Duplicate identifier 'longtext'.
drizzle/schema.ts(2280,70): error TS2300: Duplicate identifier 'timestamp'.
drizzle/schema.ts(2280,81): error TS2300: Duplicate identifier 'tinyint'.
drizzle/schema.ts(2280,90): error TS2300: Duplicate identifier 'json'.
drizzle/schema.ts(2280,96): error TS2300: Duplicate identifier 'datetime'.
drizzle/schema.ts(2281,10): error TS2300: Duplicate identifier 'sql'.
drizzle/schema.ts(2725,13): error TS2300: Duplicate identifier 'InsertEmailLog'.
server/_core/context.ts(25,23): error TS2339: Property 'csrfToken' does not exist on type 'Request<ParamsDictionary, any, any, ParsedQs, Record<string, any>>'.
server/_core/context.ts(27,32): error TS2339: Property 'csrfToken' does not exist on type 'Request<ParamsDictionary, any, any, ParsedQs, Record<string, any>>'.
server/_core/index.ts(3,25): error TS7016: Could not find a declaration file for module 'compression'. 'E:/Nexus360/node_modules/.pnpm/compression@1.8.1/node_modules/compression/index.js' implicitly has an 'any' type.
  Try `npm i --save-dev @types/compression` if it exists or add a new declaration (.d.ts) file containing `declare module 'compression';`
server/_core/index.ts(4,26): error TS7016: Could not find a declaration file for module 'cookie-parser'. 'E:/Nexus360/node_modules/.pnpm/cookie-parser@1.4.7/node_modules/cookie-parser/index.js' implicitly has an 'any' type.
  Try `npm i --save-dev @types/cookie-parser` if it exists or add a new declaration (.d.ts) file containing `declare module 'cookie-parser';`
server/_core/index.ts(5,19): error TS7016: Could not find a declaration file for module 'csurf'. 'E:/Nexus360/node_modules/.pnpm/csurf@1.11.0/node_modules/csurf/index.js' implicitly has an 'any' type.
  Try `npm i --save-dev @types/csurf` if it exists or add a new declaration (.d.ts) file containing `declare module 'csurf';`
server/_core/index.ts(6,26): error TS7016: Could not find a declaration file for module 'sanitize-html'. 'E:/Nexus360/node_modules/.pnpm/sanitize-html@2.17.1/node_modules/sanitize-html/index.js' implicitly has an 'any' type.
  Try `npm i --save-dev @types/sanitize-html` if it exists or add a new declaration (.d.ts) file containing `declare module 'sanitize-html';`
server/_core/index.ts(67,14): error TS7006: Parameter 'req' implicitly has an 'any' type.
server/_core/index.ts(67,19): error TS7006: Parameter 'res' implicitly has an 'any' type.
server/_core/index.ts(138,13): error TS2339: Property 'session' does not exist on type 'Request<ParamsDictionary, any, any, ParsedQs, Record<string, any>>'.
server/_core/index.ts(138,28): error TS2339: Property 'session' does not exist on type 'Request<ParamsDictionary, any, any, ParsedQs, Record<string, any>>'.
server/_core/index.ts(140,24): error TS2339: Property 'session' does not exist on type 'Request<ParamsDictionary, any, any, ParsedQs, Record<string, any>>'.
server/_core/index.ts(143,20): error TS2339: Property 'session' does not exist on type 'Request<ParamsDictionary, any, any, ParsedQs, Record<string, any>>'.
server/_core/index.ts(146,11): error TS2339: Property 'session' does not exist on type 'Request<ParamsDictionary, any, any, ParsedQs, Record<string, any>>'.
server/db-users.ts(159,76): error TS2322: Type 'Date' is not assignable to type 'string | SQL<unknown> | null | undefined'.
server/db.ts(123,7): error TS2322: Type 'MySql2Database<Record<string, unknown>> & { $client: Pool; }' is not assignable to type '(MySql2Database<Record<string, unknown>> & { $client: Pool; }) | null'.
  Type 'import("E:/Nexus360/node_modules/.pnpm/drizzle-orm@0.44.7_mysql2@3.19.1_@types+node@24.12.0_/node_modules/drizzle-orm/mysql2/driver").MySql2Database<Record<string, unknown>> & { ...; }' is not assignable to type 'import("E:/Nexus360/node_modules/.pnpm/drizzle-orm@0.44.7_mysql2@3.19.1_@types+node@24.12.0_/node_modules/drizzle-orm/mysql2/driver").MySql2Database<Record<string, unknown>> & { ...; }'. Two different types with this name exist, but they are unrelated.
    Type 'MySql2Database<Record<string, unknown>> & { $client: Pool; }' is not assignable to type '{ $client: Pool; }'.
      Types of property '$client' are incompatible.
        Type 'Pool' is missing the following properties from type 'Pool': promise, [Symbol.dispose]
server/db.ts(166,16): error TS2307: Cannot find module 'sqlite3' or its corresponding type declarations.
server/db.ts(385,29): error TS2339: Property 'recipientId' does not exist on type 'MySqlTableWithColumns<{ name: "notifications"; schema: undefined; columns: { id: MySqlColumn<{ name: "id"; tableName: "notifications"; dataType: "string"; columnType: "MySqlVarChar"; data: string; driverParam: string | number; ... 8 more ...; generated: undefined; }, {}, {}>; ... 14 more ...; createdAt: MySqlColumn<...'.
server/db.ts(422,24): error TS2339: Property 'recipientId' does not exist on type 'MySqlTableWithColumns<{ name: "notifications"; schema: undefined; columns: { id: MySqlColumn<{ name: "id"; tableName: "notifications"; dataType: "string"; columnType: "MySqlVarChar"; data: string; driverParam: string | number; ... 8 more ...; generated: undefined; }, {}, {}>; ... 14 more ...; createdAt: MySqlColumn<...'.
server/db.ts(423,7): error TS2304: Cannot find name 'isNull'.
server/db.ts(1318,23): error TS2552: Cannot find name 'permissions'. Did you mean 'getPermissions'?
server/db.ts(1319,20): error TS2552: Cannot find name 'permissions'. Did you mean 'getPermissions'?
server/db.ts(1320,17): error TS2552: Cannot find name 'permissions'. Did you mean 'getPermissions'?
server/db.ts(1323,16): error TS2552: Cannot find name 'permissions'. Did you mean 'getPermissions'?
server/db.ts(1323,62): error TS2552: Cannot find name 'permissions'. Did you mean 'getPermissions'?
server/db.ts(1325,14): error TS2552: Cannot find name 'permissions'. Did you mean 'getPermissions'?
server/db.ts(1325,36): error TS2552: Cannot find name 'permissions'. Did you mean 'getPermissions'?
server/db.ts(1398,19): error TS2304: Cannot find name 'permissions'.
server/db.ts(1739,9): error TS2322: Type 'Date' is not assignable to type 'string | SQL<unknown> | null | undefined'.
server/jobs/invoiceReminders.ts(375,35): error TS2769: No overload matches this call.
  Overload 1 of 2, '(value: { id: string | SQL<unknown> | Placeholder<string, any>; total: number | SQL<unknown> | Placeholder<string, any>; clientId: string | SQL<unknown> | Placeholder<...>; ... 19 more ...; clientSubscriptionId?: string | ... 3 more ... | undefined; }): MySqlInsertBase<...>', gave the following error.
    Object literal may only specify known properties, and 'createdFromRecurring' does not exist in type '{ id: string | SQL<unknown> | Placeholder<string, any>; total: number | SQL<unknown> | Placeholder<string, any>; clientId: string | SQL<unknown> | Placeholder<string, any>; ... 19 more ...; clientSubscriptionId?: string | ... 3 more ... | undefined; }'.
  Overload 2 of 2, '(values: { id: string | SQL<unknown> | Placeholder<string, any>; total: number | SQL<unknown> | Placeholder<string, any>; clientId: string | SQL<unknown> | Placeholder<...>; ... 19 more ...; clientSubscriptionId?: string | ... 3 more ... | undefined; }[]): MySqlInsertBase<...>', gave the following error.
    Object literal may only specify known properties, and 'id' does not exist in type '{ id: string | SQL<unknown> | Placeholder<string, any>; total: number | SQL<unknown> | Placeholder<string, any>; clientId: string | SQL<unknown> | Placeholder<string, any>; ... 19 more ...; clientSubscriptionId?: string | ... 3 more ... | undefined; }[]'.
server/jobs/payrollJobs.ts(40,90): error TS2339: Property 'firstName' does not exist on type 'MySqlTableWithColumns<{ name: "users"; schema: undefined; columns: { id: MySqlColumn<{ name: "id"; tableName: "users"; dataType: "string"; columnType: "MySqlVarChar"; data: string; driverParam: string | number; notNull: true; ... 7 more ...; generated: undefined; }, {}, {}>; ... 22 more ...; customRoleId: MySqlColum...'.
server/jobs/payrollJobs.ts(187,37): error TS2802: Type 'MapIterator<[string, number]>' can only be iterated through when using the '--downlevelIteration' flag or with a '--target' of 'es2015' or higher.
server/jobs/payrollJobs.ts(189,67): error TS2345: Argument of type 'string' is not assignable to parameter of type 'number'.
server/jobs/payrollJobs.ts(191,43): error TS2339: Property 'id' does not exist on type 'BudgetCheckResult'.
server/jobs/payrollJobs.ts(203,27): error TS2802: Type 'MapIterator<[string, number]>' can only be iterated through when using the '--downlevelIteration' flag or with a '--target' of 'es2015' or higher.
server/jobs/payrollJobs.ts(386,13): error TS2353: Object literal may only specify known properties, and 'to' does not exist in type 'QueueEmailInput'.
server/jobs/recurringInvoicesJob.ts(83,24): error TS1252: Function declarations are not allowed inside blocks in strict mode when targeting 'ES5'. Modules are automatically in strict mode.
server/jobs/recurringInvoicesJob.ts(85,34): error TS18047: 'db' is possibly 'null'.
server/lib/queryCache.ts(34,21): error TS2802: Type 'MapIterator<string>' can only be iterated through when using the '--downlevelIteration' flag or with a '--target' of 'es2015' or higher.
server/lib/queryCache.ts(49,30): error TS2802: Type 'MapIterator<[string, CacheEntry<unknown>]>' can only be iterated through when using the '--downlevelIteration' flag or with a '--target' of 'es2015' or higher.
server/lib/rateLimitConfig.ts(81,30): error TS2802: Type 'MapIterator<[string, UserOrgEntry]>' can only be iterated through when using the '--downlevelIteration' flag or with a '--target' of 'es2015' or higher.
server/lib/rateLimitConfig.ts(179,26): error TS2802: Type 'MapIterator<[string, OrgCounter]>' can only be iterated through when using the '--downlevelIteration' flag or with a '--target' of 'es2015' or higher.
server/lib/rateLimitConfig.ts(204,32): error TS2802: Type 'MapIterator<[string, OrgCounter]>' can only be iterated through when using the '--downlevelIteration' flag or with a '--target' of 'es2015' or higher.
server/lib/rateLimitConfig.ts(236,15): error TS2322: Type '() => number' is not assignable to type 'number'.
server/middleware/orgIsolation.ts(70,3): error TS2322: Type 'SQL<unknown> | undefined' is not assignable to type 'SQL<unknown>'.
  Type 'undefined' is not assignable to type 'SQL<unknown>'.
server/routers/activityTrail.ts(22,28): error TS2339: Property 'limit' does not exist on type '{}'.
server/routers/activityTrail.ts(23,29): error TS2339: Property 'page' does not exist on type '{}'.
server/routers/activityTrail.ts(23,44): error TS2339: Property 'page' does not exist on type '{}'.
server/routers/activityTrail.ts(23,72): error TS2339: Property 'offset' does not exist on type '{}'.
server/routers/activityTrail.ts(26,20): error TS2339: Property 'userId' does not exist on type '{}'.
server/routers/activityTrail.ts(26,66): error TS2339: Property 'userId' does not exist on type '{}'.
server/routers/activityTrail.ts(27,20): error TS2339: Property 'entityType' does not exist on type '{}'.
server/routers/activityTrail.ts(27,74): error TS2339: Property 'entityType' does not exist on type '{}'.
server/routers/activityTrail.ts(28,20): error TS2339: Property 'action' does not exist on type '{}'.
server/routers/activityTrail.ts(28,66): error TS2339: Property 'action' does not exist on type '{}'.
server/routers/activityTrail.ts(29,20): error TS2339: Property 'search' does not exist on type '{}'.
server/routers/activityTrail.ts(29,78): error TS2339: Property 'search' does not exist on type '{}'.
server/routers/activityTrail.ts(30,20): error TS2339: Property 'startDate' does not exist on type '{}'.
server/routers/activityTrail.ts(30,73): error TS2339: Property 'startDate' does not exist on type '{}'.
server/routers/activityTrail.ts(31,20): error TS2339: Property 'endDate' does not exist on type '{}'.
server/routers/activityTrail.ts(31,71): error TS2339: Property 'endDate' does not exist on type '{}'.
server/routers/activityTrail.ts(37,30): error TS18047: 'db' is possibly 'null'.
server/routers/activityTrail.ts(41,37): error TS18047: 'db' is possibly 'null'.
server/routers/activityTrail.ts(44,24): error TS2352: Conversion of type 'ResultSetHeader' to type 'any[]' may be a mistake because neither type sufficiently overlaps with the other. If this was intentional, convert the expression to 'unknown' first.
  Type 'ResultSetHeader' is missing the following properties from type 'any[]': length, pop, push, concat, and 35 more.
server/routers/activityTrail.ts(46,30): error TS2352: Conversion of type 'ResultSetHeader' to type 'any[]' may be a mistake because neither type sufficiently overlaps with the other. If this was intentional, convert the expression to 'unknown' first.
  Type 'ResultSetHeader' is missing the following properties from type 'any[]': length, pop, push, concat, and 35 more.
server/routers/activityTrail.ts(61,34): error TS18047: 'db' is possibly 'null'.
server/routers/activityTrail.ts(64,28): error TS2352: Conversion of type 'ResultSetHeader' to type 'any[]' may be a mistake because neither type sufficiently overlaps with the other. If this was intentional, convert the expression to 'unknown' first.
  Type 'ResultSetHeader' is missing the following properties from type 'any[]': length, pop, push, concat, and 35 more.
server/routers/activityTrail.ts(66,35): error TS18047: 'db' is possibly 'null'.
server/routers/activityTrail.ts(69,24): error TS2352: Conversion of type 'ResultSetHeader' to type 'any[]' may be a mistake because neither type sufficiently overlaps with the other. If this was intentional, convert the expression to 'unknown' first.
  Type 'ResultSetHeader' is missing the following properties from type 'any[]': length, pop, push, concat, and 35 more.
server/routers/activityTrail.ts(86,28): error TS18047: 'db' is possibly 'null'.
server/routers/activityTrail.ts(89,16): error TS2352: Conversion of type 'ResultSetHeader' to type 'any[]' may be a mistake because neither type sufficiently overlaps with the other. If this was intentional, convert the expression to 'unknown' first.
  Type 'ResultSetHeader' is missing the following properties from type 'any[]': length, pop, push, concat, and 35 more.
server/routers/activityTrail.ts(102,28): error TS18047: 'db' is possibly 'null'.
server/routers/activityTrail.ts(105,16): error TS2352: Conversion of type 'ResultSetHeader' to type 'any[]' may be a mistake because neither type sufficiently overlaps with the other. If this was intentional, convert the expression to 'unknown' first.
  Type 'ResultSetHeader' is missing the following properties from type 'any[]': length, pop, push, concat, and 35 more.
server/routers/advancedAnalytics.ts(15,83): error TS2554: Expected 1 arguments, but got 2.
server/routers/advancedAutomation.ts(26,13): error TS18047: 'db' is possibly 'null'.
server/routers/advancedAutomation.ts(44,26): error TS18047: 'db' is possibly 'null'.
server/routers/advancedAutomation.ts(54,26): error TS18047: 'db' is possibly 'null'.
server/routers/advancedAutomation.ts(65,13): error TS18047: 'db' is possibly 'null'.
server/routers/advancedExport.ts(27,13): error TS18047: 'db' is possibly 'null'.
server/routers/advancedExport.ts(42,26): error TS18047: 'db' is possibly 'null'.
server/routers/advancedExport.ts(59,13): error TS18047: 'db' is possibly 'null'.
server/routers/advancedExport.ts(76,26): error TS18047: 'db' is possibly 'null'.
server/routers/advancedReporting.ts(59,26): error TS2339: Property 'invoiceDate' does not exist on type 'MySqlTableWithColumns<{ name: "invoices"; schema: undefined; columns: { id: MySqlColumn<{ name: "id"; tableName: "invoices"; dataType: "string"; columnType: "MySqlVarChar"; data: string; driverParam: string | number; notNull: true; ... 7 more ...; generated: undefined; }, {}, {}>; ... 21 more ...; clientSubscription...'.
server/routers/advancedReporting.ts(60,26): error TS2339: Property 'invoiceDate' does not exist on type 'MySqlTableWithColumns<{ name: "invoices"; schema: undefined; columns: { id: MySqlColumn<{ name: "id"; tableName: "invoices"; dataType: "string"; columnType: "MySqlVarChar"; data: string; driverParam: string | number; notNull: true; ... 7 more ...; generated: undefined; }, {}, {}>; ... 21 more ...; clientSubscription...'.
server/routers/advancedReporting.ts(75,73): error TS2551: Property 'totalAmount' does not exist on type '{ id: string; organizationId: string | null; invoiceNumber: string; clientId: string; estimateId: string | null; title: string | null; status: "sent" | "draft" | "paid" | "partial" | "overdue" | "cancelled"; ... 15 more ...; clientSubscriptionId: string | null; }'. Did you mean 'taxAmount'?
server/routers/advancedReporting.ts(89,26): error TS2339: Property 'invoiceDate' does not exist on type 'MySqlTableWithColumns<{ name: "invoices"; schema: undefined; columns: { id: MySqlColumn<{ name: "id"; tableName: "invoices"; dataType: "string"; columnType: "MySqlVarChar"; data: string; driverParam: string | number; notNull: true; ... 7 more ...; generated: undefined; }, {}, {}>; ... 21 more ...; clientSubscription...'.
server/routers/advancedReporting.ts(90,26): error TS2339: Property 'invoiceDate' does not exist on type 'MySqlTableWithColumns<{ name: "invoices"; schema: undefined; columns: { id: MySqlColumn<{ name: "id"; tableName: "invoices"; dataType: "string"; columnType: "MySqlVarChar"; data: string; driverParam: string | number; notNull: true; ... 7 more ...; generated: undefined; }, {}, {}>; ... 21 more ...; clientSubscription...'.
server/routers/advancedReporting.ts(94,78): error TS2551: Property 'totalAmount' does not exist on type '{ id: string; organizationId: string | null; invoiceNumber: string; clientId: string; estimateId: string | null; title: string | null; status: "sent" | "draft" | "paid" | "partial" | "overdue" | "cancelled"; ... 15 more ...; clientSubscriptionId: string | null; }'. Did you mean 'taxAmount'?
server/routers/advancedReporting.ts(132,26): error TS2339: Property 'invoiceDate' does not exist on type 'MySqlTableWithColumns<{ name: "invoices"; schema: undefined; columns: { id: MySqlColumn<{ name: "id"; tableName: "invoices"; dataType: "string"; columnType: "MySqlVarChar"; data: string; driverParam: string | number; notNull: true; ... 7 more ...; generated: undefined; }, {}, {}>; ... 21 more ...; clientSubscription...'.
server/routers/advancedReporting.ts(133,26): error TS2339: Property 'invoiceDate' does not exist on type 'MySqlTableWithColumns<{ name: "invoices"; schema: undefined; columns: { id: MySqlColumn<{ name: "id"; tableName: "invoices"; dataType: "string"; columnType: "MySqlVarChar"; data: string; driverParam: string | number; notNull: true; ... 7 more ...; generated: undefined; }, {}, {}>; ... 21 more ...; clientSubscription...'.
server/routers/advancedReporting.ts(138,72): error TS2551: Property 'totalAmount' does not exist on type '{ id: string; organizationId: string | null; invoiceNumber: string; clientId: string; estimateId: string | null; title: string | null; status: "sent" | "draft" | "paid" | "partial" | "overdue" | "cancelled"; ... 15 more ...; clientSubscriptionId: string | null; }'. Did you mean 'taxAmount'?
server/routers/advancedReporting.ts(204,30): error TS2339: Property 'invoiceDate' does not exist on type 'MySqlTableWithColumns<{ name: "invoices"; schema: undefined; columns: { id: MySqlColumn<{ name: "id"; tableName: "invoices"; dataType: "string"; columnType: "MySqlVarChar"; data: string; driverParam: string | number; notNull: true; ... 7 more ...; generated: undefined; }, {}, {}>; ... 21 more ...; clientSubscription...'.
server/routers/advancedReporting.ts(205,30): error TS2339: Property 'invoiceDate' does not exist on type 'MySqlTableWithColumns<{ name: "invoices"; schema: undefined; columns: { id: MySqlColumn<{ name: "id"; tableName: "invoices"; dataType: "string"; columnType: "MySqlVarChar"; data: string; driverParam: string | number; notNull: true; ... 7 more ...; generated: undefined; }, {}, {}>; ... 21 more ...; clientSubscription...'.
server/routers/advancedReporting.ts(214,77): error TS2551: Property 'totalAmount' does not exist on type '{ id: string; organizationId: string | null; invoiceNumber: string; clientId: string; estimateId: string | null; title: string | null; status: "sent" | "draft" | "paid" | "partial" | "overdue" | "cancelled"; ... 15 more ...; clientSubscriptionId: string | null; }'. Did you mean 'taxAmount'?
server/routers/advancedReporting.ts(220,32): error TS2339: Property 'name' does not exist on type '{ id: string; organizationId: string | null; companyName: string; contactPerson: string | null; email: string | null; phone: string | null; secondaryPhone: string | null; address: string | null; ... 24 more ...; currency: string | null; }'.
server/routers/advancedReporting.ts(256,11): error TS2769: No overload matches this call.
  Overload 1 of 3, '(left: MySqlColumn<{ name: "status"; tableName: "invoices"; dataType: "string"; columnType: "MySqlEnumColumn"; data: "sent" | "draft" | "paid" | "partial" | "overdue" | "cancelled"; driverParam: string; ... 8 more ...; generated: undefined; }, {}, {}>, right: SQLWrapper | ... 5 more ... | "cancelled"): SQL<...>', gave the following error.
    Argument of type '"pending"' is not assignable to parameter of type 'SQLWrapper | "sent" | "draft" | "paid" | "partial" | "overdue" | "cancelled"'.
  Overload 2 of 3, '(left: Aliased<string>, right: string | SQLWrapper): SQL<unknown>', gave the following error.
    Argument of type 'MySqlColumn<{ name: "status"; tableName: "invoices"; dataType: "string"; columnType: "MySqlEnumColumn"; data: "sent" | "draft" | "paid" | "partial" | "overdue" | "cancelled"; driverParam: string; ... 8 more ...; generated: undefined; }, {}, {}>' is not assignable to parameter of type 'Aliased<string>'.
      Type 'MySqlColumn<{ name: "status"; tableName: "invoices"; dataType: "string"; columnType: "MySqlEnumColumn"; data: "sent" | "draft" | "paid" | "partial" | "overdue" | "cancelled"; driverParam: string; ... 8 more ...; generated: undefined; }, {}, {}>' is missing the following properties from type 'Aliased<string>': sql, fieldAlias
  Overload 3 of 3, '(left: never, right: unknown): SQL<unknown>', gave the following error.
    Argument of type 'MySqlColumn<{ name: "status"; tableName: "invoices"; dataType: "string"; columnType: "MySqlEnumColumn"; data: "sent" | "draft" | "paid" | "partial" | "overdue" | "cancelled"; driverParam: string; ... 8 more ...; generated: undefined; }, {}, {}>' is not assignable to parameter of type 'never'.
server/routers/advancedReporting.ts(257,11): error TS2304: Cannot find name 'lt'.
server/routers/advancedReporting.ts(264,27): error TS2339: Property 'invoiceDate' does not exist on type 'MySqlTableWithColumns<{ name: "invoices"; schema: undefined; columns: { id: MySqlColumn<{ name: "id"; tableName: "invoices"; dataType: "string"; columnType: "MySqlVarChar"; data: string; driverParam: string | number; notNull: true; ... 7 more ...; generated: undefined; }, {}, {}>; ... 21 more ...; clientSubscription...'.
server/routers/advancedReporting.ts(269,27): error TS2339: Property 'invoiceDate' does not exist on type 'MySqlTableWithColumns<{ name: "invoices"; schema: undefined; columns: { id: MySqlColumn<{ name: "id"; tableName: "invoices"; dataType: "string"; columnType: "MySqlVarChar"; data: string; driverParam: string | number; notNull: true; ... 7 more ...; generated: undefined; }, {}, {}>; ... 21 more ...; clientSubscription...'.
server/routers/advancedReporting.ts(272,76): error TS2551: Property 'totalAmount' does not exist on type '{ id: string; organizationId: string | null; invoiceNumber: string; clientId: string; estimateId: string | null; title: string | null; status: "sent" | "draft" | "paid" | "partial" | "overdue" | "cancelled"; ... 15 more ...; clientSubscriptionId: string | null; }'. Did you mean 'taxAmount'?
server/routers/advancedReporting.ts(273,74): error TS2551: Property 'totalAmount' does not exist on type '{ id: string; organizationId: string | null; invoiceNumber: string; clientId: string; estimateId: string | null; title: string | null; status: "sent" | "draft" | "paid" | "partial" | "overdue" | "cancelled"; ... 15 more ...; clientSubscriptionId: string | null; }'. Did you mean 'taxAmount'?
server/routers/advancedReporting.ts(275,75): error TS2551: Property 'totalAmount' does not exist on type '{ id: string; organizationId: string | null; invoiceNumber: string; clientId: string; estimateId: string | null; title: string | null; status: "sent" | "draft" | "paid" | "partial" | "overdue" | "cancelled"; ... 15 more ...; clientSubscriptionId: string | null; }'. Did you mean 'taxAmount'?
server/routers/advancedReporting.ts(276,57): error TS2367: This comparison appears to be unintentional because the types '"sent" | "draft" | "paid" | "partial" | "overdue" | "cancelled"' and '"pending"' have no overlap.
server/routers/advancedReporting.ts(345,29): error TS2339: Property 'date' does not exist on type 'MySqlTableWithColumns<{ name: "timeEntries"; schema: undefined; columns: { id: MySqlColumn<{ name: "id"; tableName: "timeEntries"; dataType: "string"; columnType: "MySqlVarChar"; data: string; driverParam: string | number; ... 8 more ...; generated: undefined; }, {}, {}>; ... 16 more ...; updatedAt: MySqlColumn<...>...'.
server/routers/advancedReporting.ts(346,29): error TS2339: Property 'date' does not exist on type 'MySqlTableWithColumns<{ name: "timeEntries"; schema: undefined; columns: { id: MySqlColumn<{ name: "id"; tableName: "timeEntries"; dataType: "string"; columnType: "MySqlVarChar"; data: string; driverParam: string | number; ... 8 more ...; generated: undefined; }, {}, {}>; ... 16 more ...; updatedAt: MySqlColumn<...>...'.
server/routers/advancedReporting.ts(362,59): error TS2339: Property 'hoursWorked' does not exist on type '{ id: string; projectId: string; projectTaskId: string | null; userId: string; entryDate: string; durationMinutes: number; description: string; billable: number; hourlyRate: number | null; ... 8 more ...; updatedAt: string | null; }'.
server/routers/advancedReports.ts(34,42): error TS2339: Property 'quotes' does not exist on type '{}'.
server/routers/advancedReports.ts(41,35): error TS7006: Parameter 'q' implicitly has an 'any' type.
server/routers/advancedReports.ts(42,34): error TS7006: Parameter 'q' implicitly has an 'any' type.
server/routers/advancedReports.ts(43,38): error TS7006: Parameter 'q' implicitly has an 'any' type.
server/routers/advancedReports.ts(44,38): error TS7006: Parameter 'q' implicitly has an 'any' type.
server/routers/advancedReports.ts(45,37): error TS7006: Parameter 'q' implicitly has an 'any' type.
server/routers/advancedReports.ts(46,39): error TS7006: Parameter 'q' implicitly has an 'any' type.
server/routers/advancedReports.ts(47,41): error TS7006: Parameter 'sum' implicitly has an 'any' type.
server/routers/advancedReports.ts(47,46): error TS7006: Parameter 'q' implicitly has an 'any' type.
server/routers/advancedReports.ts(49,33): error TS7006: Parameter 'sum' implicitly has an 'any' type.
server/routers/advancedReports.ts(49,38): error TS7006: Parameter 'q' implicitly has an 'any' type.
server/routers/advancedReports.ts(79,42): error TS2339: Property 'quotes' does not exist on type '{}'.
server/routers/advancedReports.ts(84,44): error TS7006: Parameter 'q' implicitly has an 'any' type.
server/routers/advancedReports.ts(91,27): error TS7006: Parameter 'q' implicitly has an 'any' type.
server/routers/advancedReports.ts(112,35): error TS7006: Parameter 'q' implicitly has an 'any' type.
server/routers/advancedReports.ts(113,34): error TS7006: Parameter 'q' implicitly has an 'any' type.
server/routers/advancedReports.ts(114,38): error TS7006: Parameter 'q' implicitly has an 'any' type.
server/routers/advancedReports.ts(115,38): error TS7006: Parameter 'q' implicitly has an 'any' type.
server/routers/advancedReports.ts(116,37): error TS7006: Parameter 'q' implicitly has an 'any' type.
server/routers/advancedReports.ts(117,39): error TS7006: Parameter 'q' implicitly has an 'any' type.
server/routers/advancedReports.ts(127,21): error TS7006: Parameter 'q' implicitly has an 'any' type.
server/routers/advancedReports.ts(128,20): error TS7006: Parameter 'a' implicitly has an 'any' type.
server/routers/advancedReports.ts(128,23): error TS7006: Parameter 'b' implicitly has an 'any' type.
server/routers/advancedReports.ts(151,42): error TS2339: Property 'quotes' does not exist on type '{}'.
server/routers/advancedReports.ts(159,27): error TS7006: Parameter 'q' implicitly has an 'any' type.
server/routers/advancedReports.ts(232,42): error TS2339: Property 'quotes' does not exist on type '{}'.
server/routers/advancedReports.ts(246,27): error TS7006: Parameter 'q' implicitly has an 'any' type.
server/routers/advancedReports.ts(299,42): error TS2339: Property 'quotes' does not exist on type '{}'.
server/routers/advancedReports.ts(312,27): error TS7006: Parameter 'q' implicitly has an 'any' type.
server/routers/advancedReports.ts(364,42): error TS2339: Property 'quotes' does not exist on type '{}'.
server/routers/advancedReports.ts(369,35): error TS7006: Parameter 'q' implicitly has an 'any' type.
server/routers/advancedReports.ts(370,34): error TS7006: Parameter 'q' implicitly has an 'any' type.
server/routers/advancedReports.ts(371,38): error TS7006: Parameter 'q' implicitly has an 'any' type.
server/routers/advancedReports.ts(372,38): error TS7006: Parameter 'q' implicitly has an 'any' type.
server/routers/advancedReports.ts(373,37): error TS7006: Parameter 'q' implicitly has an 'any' type.
server/routers/advancedReports.ts(374,39): error TS7006: Parameter 'q' implicitly has an 'any' type.
server/routers/advancedSecurity.ts(21,13): error TS18047: 'db' is possibly 'null'.
server/routers/advancedSecurity.ts(30,13): error TS18047: 'db' is possibly 'null'.
server/routers/advancedSecurity.ts(51,13): error TS18047: 'db' is possibly 'null'.
server/routers/advancedSecurity.ts(59,26): error TS18047: 'db' is possibly 'null'.
server/routers/aiAgents.ts(22,13): error TS18047: 'db' is possibly 'null'.
server/routers/aiAgents.ts(31,13): error TS18047: 'db' is possibly 'null'.
server/routers/aiAgents.ts(41,13): error TS18047: 'db' is possibly 'null'.
server/routers/aiAgents.ts(49,26): error TS18047: 'db' is possibly 'null'.
server/routers/aiInsights.ts(22,26): error TS18047: 'db' is possibly 'null'.
server/routers/aiInsights.ts(52,26): error TS18047: 'db' is possibly 'null'.
server/routers/aiInsights.ts(76,26): error TS18047: 'db' is possibly 'null'.
server/routers/aiInsights.ts(103,26): error TS18047: 'db' is possibly 'null'.
server/routers/aiInsights.ts(131,26): error TS18047: 'db' is possibly 'null'.
server/routers/aiInsights.ts(154,26): error TS18047: 'db' is possibly 'null'.
server/routers/aiml.ts(20,26): error TS18047: 'db' is possibly 'null'.
server/routers/aiml.ts(41,13): error TS18047: 'db' is possibly 'null'.
server/routers/aiml.ts(49,26): error TS18047: 'db' is possibly 'null'.
server/routers/aiml.ts(59,26): error TS18047: 'db' is possibly 'null'.
server/routers/analyticsEngine.ts(24,26): error TS18047: 'db' is possibly 'null'.
server/routers/analyticsEngine.ts(45,26): error TS18047: 'db' is possibly 'null'.
server/routers/analyticsEngine.ts(68,26): error TS18047: 'db' is possibly 'null'.
server/routers/analyticsEngine.ts(94,26): error TS18047: 'db' is possibly 'null'.
server/routers/analyticsEngine.ts(119,26): error TS18047: 'db' is possibly 'null'.
server/routers/analyticsEngine.ts(144,26): error TS18047: 'db' is possibly 'null'.
server/routers/apiMonetization.ts(20,26): error TS18047: 'db' is possibly 'null'.
server/routers/apiMonetization.ts(29,13): error TS18047: 'db' is possibly 'null'.
server/routers/apiMonetization.ts(37,26): error TS18047: 'db' is possibly 'null'.
server/routers/apiMonetization.ts(46,26): error TS18047: 'db' is possibly 'null'.
server/routers/apiMonetization.ts(55,13): error TS18047: 'db' is possibly 'null'.
server/routers/apiMonetization.ts(63,26): error TS18047: 'db' is possibly 'null'.
server/routers/approvals.ts(98,13): error TS2322: Type 'string | null' is not assignable to type 'string'.
  Type 'null' is not assignable to type 'string'.
server/routers/approvals.ts(112,13): error TS2345: Argument of type 'string | null' is not assignable to parameter of type 'string'.
  Type 'null' is not assignable to type 'string'.
server/routers/approvals.ts(167,13): error TS2322: Type 'string | null' is not assignable to type 'string'.
  Type 'null' is not assignable to type 'string'.
server/routers/approvals.ts(181,13): error TS2345: Argument of type 'string | null' is not assignable to parameter of type 'string'.
  Type 'null' is not assignable to type 'string'.
server/routers/approvals.ts(314,13): error TS2322: Type 'string | null' is not assignable to type 'string'.
  Type 'null' is not assignable to type 'string'.
server/routers/approvals.ts(371,13): error TS2322: Type 'string | null' is not assignable to type 'string'.
  Type 'null' is not assignable to type 'string'.
server/routers/approvals.ts(558,24): error TS2339: Property 'raw' does not exist on type 'MySql2Database<Record<string, unknown>> & { $client: Pool; }'.
server/routers/approvals.ts(594,24): error TS2339: Property 'raw' does not exist on type 'MySql2Database<Record<string, unknown>> & { $client: Pool; }'.
server/routers/approvals.ts(630,24): error TS2339: Property 'raw' does not exist on type 'MySql2Database<Record<string, unknown>> & { $client: Pool; }'.
server/routers/approvals.ts(666,24): error TS2339: Property 'raw' does not exist on type 'MySql2Database<Record<string, unknown>> & { $client: Pool; }'.
server/routers/approvals.ts(702,24): error TS2339: Property 'raw' does not exist on type 'MySql2Database<Record<string, unknown>> & { $client: Pool; }'.
server/routers/approvals.ts(738,24): error TS2339: Property 'raw' does not exist on type 'MySql2Database<Record<string, unknown>> & { $client: Pool; }'.
server/routers/approvals.ts(766,45): error TS2345: Argument of type '"leave_request"' is not assignable to parameter of type '"expense" | "payroll" | "invoice" | "estimate" | "payment" | "leave"'.
server/routers/approvals.ts(824,45): error TS2345: Argument of type '"leave_request"' is not assignable to parameter of type '"expense" | "payroll" | "invoice" | "estimate" | "payment" | "leave"'.
server/routers/approvals.ts(955,44): error TS2339: Property 'approvedBy' does not exist on type '{ id: string; organizationId: string | null; invoiceNumber: string; clientId: string; estimateId: string | null; title: string | null; status: "sent" | "draft" | "paid" | "partial" | "overdue" | "cancelled"; ... 15 more ...; clientSubscriptionId: string | null; }'.
server/routers/approvals.ts(955,120): error TS2339: Property 'approvedBy' does not exist on type '{ id: string; organizationId: string | null; invoiceNumber: string; clientId: string; estimateId: string | null; title: string | null; status: "sent" | "draft" | "paid" | "partial" | "overdue" | "cancelled"; ... 15 more ...; clientSubscriptionId: string | null; }'.
server/routers/approvals.ts(966,35): error TS2339: Property 'approvedAt' does not exist on type '{ id: string; organizationId: string | null; invoiceNumber: string; clientId: string; estimateId: string | null; title: string | null; status: "sent" | "draft" | "paid" | "partial" | "overdue" | "cancelled"; ... 15 more ...; clientSubscriptionId: string | null; }'.
server/routers/approvals.ts(1062,48): error TS2339: Property 'description' does not exist on type '{ id: string; organizationId: string | null; invoiceId: string; clientId: string; accountId: string | null; amount: number; paymentDate: string; paymentMethod: "other" | "cash" | "bank_transfer" | "cheque" | "card" | "mpesa"; ... 7 more ...; createdAt: string | null; }'.
server/routers/approvals.ts(1107,51): error TS2367: This comparison appears to be unintentional because the types '"expense" | "invoice" | "estimate" | "payment" | "purchase_order" | "leave_request" | "timesheet"' and '"budget"' have no overlap.
server/routers/approvals.ts(1156,51): error TS2367: This comparison appears to be unintentional because the types '"expense" | "invoice" | "estimate" | "payment" | "purchase_order" | "leave_request" | "timesheet"' and '"lpo"' have no overlap.
server/routers/approvals.ts(1187,47): error TS2339: Property 'raw' does not exist on type 'MySql2Database<Record<string, unknown>> & { $client: Pool; }'.
server/routers/approvals.ts(1231,30): error TS2339: Property 'raw' does not exist on type 'MySql2Database<Record<string, unknown>> & { $client: Pool; }'.
server/routers/approvals.ts(1232,30): error TS2339: Property 'raw' does not exist on type 'MySql2Database<Record<string, unknown>> & { $client: Pool; }'.
server/routers/approvals.ts(1272,51): error TS2367: This comparison appears to be unintentional because the types '"expense" | "invoice" | "estimate" | "payment" | "purchase_order" | "leave_request" | "timesheet"' and '"imprest"' have no overlap.
server/routers/approvals.ts(1274,49): error TS2339: Property 'raw' does not exist on type 'MySql2Database<Record<string, unknown>> & { $client: Pool; }'.
server/routers/assets.ts(37,11): error TS18047: 'db' is possibly 'null'.
server/routers/assets.ts(38,11): error TS18047: 'db' is possibly 'null'.
server/routers/assets.ts(55,28): error TS18047: 'db' is possibly 'null'.
server/routers/assets.ts(114,15): error TS18047: 'db' is possibly 'null'.
server/routers/assets.ts(115,28): error TS18047: 'db' is possibly 'null'.
server/routers/assets.ts(139,32): error TS18047: 'db' is possibly 'null'.
server/routers/assets.ts(157,17): error TS18047: 'db' is possibly 'null'.
server/routers/assets.ts(160,28): error TS18047: 'db' is possibly 'null'.
server/routers/assets.ts(173,32): error TS18047: 'db' is possibly 'null'.
server/routers/assets.ts(177,15): error TS18047: 'db' is possibly 'null'.
server/routers/auditTrail.ts(31,30): error TS18047: 'db' is possibly 'null'.
server/routers/auditTrail.ts(34,37): error TS18047: 'db' is possibly 'null'.
server/routers/auditTrail.ts(37,24): error TS2352: Conversion of type 'ResultSetHeader' to type 'any[]' may be a mistake because neither type sufficiently overlaps with the other. If this was intentional, convert the expression to 'unknown' first.
  Type 'ResultSetHeader' is missing the following properties from type 'any[]': length, pop, push, concat, and 35 more.
server/routers/auditTrail.ts(38,30): error TS2352: Conversion of type 'ResultSetHeader' to type 'any[]' may be a mistake because neither type sufficiently overlaps with the other. If this was intentional, convert the expression to 'unknown' first.
  Type 'ResultSetHeader' is missing the following properties from type 'any[]': length, pop, push, concat, and 35 more.
server/routers/auditTrail.ts(88,30): error TS18047: 'db' is possibly 'null'.
server/routers/auditTrail.ts(91,35): error TS18047: 'db' is possibly 'null'.
server/routers/auditTrail.ts(94,28): error TS2352: Conversion of type 'ResultSetHeader' to type 'any[]' may be a mistake because neither type sufficiently overlaps with the other. If this was intentional, convert the expression to 'unknown' first.
  Type 'ResultSetHeader' is missing the following properties from type 'any[]': length, pop, push, concat, and 35 more.
server/routers/auditTrail.ts(95,35): error TS18047: 'db' is possibly 'null'.
server/routers/auditTrail.ts(98,35): error TS2352: Conversion of type 'ResultSetHeader' to type 'any[]' may be a mistake because neither type sufficiently overlaps with the other. If this was intentional, convert the expression to 'unknown' first.
  Type 'ResultSetHeader' is missing the following properties from type 'any[]': length, pop, push, concat, and 35 more.
server/routers/auditTrail.ts(100,30): error TS2352: Conversion of type 'ResultSetHeader' to type 'any[]' may be a mistake because neither type sufficiently overlaps with the other. If this was intentional, convert the expression to 'unknown' first.
  Type 'ResultSetHeader' is missing the following properties from type 'any[]': length, pop, push, concat, and 35 more.
server/routers/auditTrail.ts(138,30): error TS18047: 'db' is possibly 'null'.
server/routers/auditTrail.ts(141,26): error TS2352: Conversion of type 'ResultSetHeader' to type 'any[]' may be a mistake because neither type sufficiently overlaps with the other. If this was intentional, convert the expression to 'unknown' first.
  Type 'ResultSetHeader' is missing the following properties from type 'any[]': length, pop, push, concat, and 35 more.
server/routers/auditTrail.ts(180,37): error TS18047: 'db' is possibly 'null'.
server/routers/auditTrail.ts(183,26): error TS2352: Conversion of type 'ResultSetHeader' to type 'any[]' may be a mistake because neither type sufficiently overlaps with the other. If this was intentional, convert the expression to 'unknown' first.
  Type 'ResultSetHeader' is missing the following properties from type 'any[]': length, pop, push, concat, and 35 more.
server/routers/auditTrail.ts(185,38): error TS18047: 'db' is possibly 'null'.
server/routers/auditTrail.ts(189,28): error TS2352: Conversion of type 'ResultSetHeader' to type 'any[]' may be a mistake because neither type sufficiently overlaps with the other. If this was intentional, convert the expression to 'unknown' first.
  Type 'ResultSetHeader' is missing the following properties from type 'any[]': length, pop, push, concat, and 35 more.
server/routers/auditTrail.ts(193,38): error TS18047: 'db' is possibly 'null'.
server/routers/auditTrail.ts(197,28): error TS2352: Conversion of type 'ResultSetHeader' to type 'any[]' may be a mistake because neither type sufficiently overlaps with the other. If this was intentional, convert the expression to 'unknown' first.
  Type 'ResultSetHeader' is missing the following properties from type 'any[]': length, pop, push, concat, and 35 more.
server/routers/auditTrail.ts(201,37): error TS18047: 'db' is possibly 'null'.
server/routers/auditTrail.ts(205,28): error TS2352: Conversion of type 'ResultSetHeader' to type 'any[]' may be a mistake because neither type sufficiently overlaps with the other. If this was intentional, convert the expression to 'unknown' first.
  Type 'ResultSetHeader' is missing the following properties from type 'any[]': length, pop, push, concat, and 35 more.
server/routers/auditTrail.ts(251,30): error TS18047: 'db' is possibly 'null'.
server/routers/auditTrail.ts(254,27): error TS2352: Conversion of type 'ResultSetHeader' to type 'any[]' may be a mistake because neither type sufficiently overlaps with the other. If this was intentional, convert the expression to 'unknown' first.
  Type 'ResultSetHeader' is missing the following properties from type 'any[]': length, pop, push, concat, and 35 more.
server/routers/auditTrail.ts(293,37): error TS18047: 'db' is possibly 'null'.
server/routers/auditTrail.ts(296,30): error TS2352: Conversion of type 'ResultSetHeader' to type 'any[]' may be a mistake because neither type sufficiently overlaps with the other. If this was intentional, convert the expression to 'unknown' first.
  Type 'ResultSetHeader' is missing the following properties from type 'any[]': length, pop, push, concat, and 35 more.
server/routers/auth.ts(701,32): error TS2339: Property 'logo' does not exist on type 'CompanyInfo'.
server/routers/auth.ts(1005,31): error TS2339: Property 'csrfToken' does not exist on type '{ user: any; req: Request<ParamsDictionary, any, any, ParsedQs, Record<string, any>>; res: Response<any, Record<string, any>>; }'.
server/routers/automationRulesEngine.ts(108,32): error TS2339: Property 'trigger' does not exist on type '{ id: string; name: string; description: string | null; status: "active" | "inactive" | "draft"; triggerType: "invoice_created" | "invoice_paid" | "invoice_overdue" | "payment_received" | "opportunity_moved" | "task_completed" | "project_milestone_reached" | "reminder_time"; ... 5 more ...; updatedAt: string | null; }'.
server/routers/automationRulesEngine.ts(109,35): error TS2339: Property 'conditions' does not exist on type '{ id: string; name: string; description: string | null; status: "active" | "inactive" | "draft"; triggerType: "invoice_created" | "invoice_paid" | "invoice_overdue" | "payment_received" | "opportunity_moved" | "task_completed" | "project_milestone_reached" | "reminder_time"; ... 5 more ...; updatedAt: string | null; }'.
server/routers/automationRulesEngine.ts(110,32): error TS2339: Property 'actions' does not exist on type '{ id: string; name: string; description: string | null; status: "active" | "inactive" | "draft"; triggerType: "invoice_created" | "invoice_paid" | "invoice_overdue" | "payment_received" | "opportunity_moved" | "task_completed" | "project_milestone_reached" | "reminder_time"; ... 5 more ...; updatedAt: string | null; }'.
server/routers/automationRulesEngine.ts(138,31): error TS2339: Property 'trigger' does not exist on type '{ id: string; name: string; description: string | null; status: "active" | "inactive" | "draft"; triggerType: "invoice_created" | "invoice_paid" | "invoice_overdue" | "payment_received" | "opportunity_moved" | "task_completed" | "project_milestone_reached" | "reminder_time"; ... 5 more ...; updatedAt: string | null; }'.
server/routers/automationRulesEngine.ts(139,34): error TS2339: Property 'conditions' does not exist on type '{ id: string; name: string; description: string | null; status: "active" | "inactive" | "draft"; triggerType: "invoice_created" | "invoice_paid" | "invoice_overdue" | "payment_received" | "opportunity_moved" | "task_completed" | "project_milestone_reached" | "reminder_time"; ... 5 more ...; updatedAt: string | null; }'.
server/routers/automationRulesEngine.ts(140,31): error TS2339: Property 'actions' does not exist on type '{ id: string; name: string; description: string | null; status: "active" | "inactive" | "draft"; triggerType: "invoice_created" | "invoice_paid" | "invoice_overdue" | "payment_received" | "opportunity_moved" | "task_completed" | "project_milestone_reached" | "reminder_time"; ... 5 more ...; updatedAt: string | null; }'.
server/routers/automationRulesEngine.ts(206,11): error TS2353: Object literal may only specify known properties, and 'isActive' does not exist in type '{ id?: string | SQL<unknown> | undefined; name?: string | SQL<unknown> | undefined; createdBy?: string | SQL<unknown> | undefined; triggerType?: SQL<unknown> | "invoice_created" | "invoice_paid" | ... 6 more ... | undefined; ... 6 more ...; isRecurring?: number | ... 2 more ... | undefined; }'.
server/routers/automationRulesEngine.ts(279,42): error TS2339: Property 'conditions' does not exist on type '{ id: string; name: string; description: string | null; status: "active" | "inactive" | "draft"; triggerType: "invoice_created" | "invoice_paid" | "invoice_overdue" | "payment_received" | "opportunity_moved" | "task_completed" | "project_milestone_reached" | "reminder_time"; ... 5 more ...; updatedAt: string | null; }'.
server/routers/automationRulesEngine.ts(280,39): error TS2339: Property 'actions' does not exist on type '{ id: string; name: string; description: string | null; status: "active" | "inactive" | "draft"; triggerType: "invoice_created" | "invoice_paid" | "invoice_overdue" | "payment_received" | "opportunity_moved" | "task_completed" | "project_milestone_reached" | "reminder_time"; ... 5 more ...; updatedAt: string | null; }'.
server/routers/automationRulesEngine.ts(316,13): error TS2353: Object literal may only specify known properties, and 'isActive' does not exist in type '{ id?: string | SQL<unknown> | undefined; name?: string | SQL<unknown> | undefined; createdBy?: string | SQL<unknown> | undefined; triggerType?: SQL<unknown> | "invoice_created" | "invoice_paid" | ... 6 more ... | undefined; ... 6 more ...; isRecurring?: number | ... 2 more ... | undefined; }'.
server/routers/businessIntelligence.ts(20,26): error TS18047: 'db' is possibly 'null'.
server/routers/businessIntelligence.ts(29,13): error TS18047: 'db' is possibly 'null'.
server/routers/businessIntelligence.ts(50,13): error TS18047: 'db' is possibly 'null'.
server/routers/businessIntelligence.ts(64,26): error TS18047: 'db' is possibly 'null'.
server/routers/clientScoring.ts(18,29): error TS2339: Property 'getClient' does not exist on type 'MySql2Database<Record<string, unknown>> & { $client: Pool; }'.
server/routers/clientScoring.ts(22,31): error TS2339: Property 'getInvoicesByClient' does not exist on type 'MySql2Database<Record<string, unknown>> & { $client: Pool; }'.
server/routers/clientScoring.ts(45,43): error TS7006: Parameter 'sum' implicitly has an 'any' type.
server/routers/clientScoring.ts(45,48): error TS7006: Parameter 'inv' implicitly has an 'any' type.
server/routers/clientScoring.ts(54,15): error TS7006: Parameter 'inv' implicitly has an 'any' type.
server/routers/clientScoring.ts(55,16): error TS7006: Parameter 'sum' implicitly has an 'any' type.
server/routers/clientScoring.ts(55,21): error TS7006: Parameter 'inv' implicitly has an 'any' type.
server/routers/clientScoring.ts(63,31): error TS2339: Property 'getClientProjects' does not exist on type 'MySql2Database<Record<string, unknown>> & { $client: Pool; }'.
server/routers/clientScoring.ts(64,47): error TS7006: Parameter 'p' implicitly has an 'any' type.
server/routers/clientScoring.ts(88,14): error TS2339: Property 'insertClientHealthScore' does not exist on type 'MySql2Database<Record<string, unknown>> & { $client: Pool; }'.
server/routers/clientScoring.ts(132,30): error TS2339: Property 'getClientHealthScore' does not exist on type 'MySql2Database<Record<string, unknown>> & { $client: Pool; }'.
server/routers/clientScoring.ts(160,33): error TS2339: Property 'getClientHealthScores' does not exist on type 'MySql2Database<Record<string, unknown>> & { $client: Pool; }'.
server/routers/clientScoring.ts(183,33): error TS2339: Property 'getClientHealthScores' does not exist on type 'MySql2Database<Record<string, unknown>> & { $client: Pool; }'.
server/routers/clientScoring.ts(190,35): error TS2339: Property 'getClient' does not exist on type 'MySql2Database<Record<string, unknown>> & { $client: Pool; }'.
server/routers/clientScoring.ts(216,33): error TS2339: Property 'getClientHealthScoresByRevenue' does not exist on type 'MySql2Database<Record<string, unknown>> & { $client: Pool; }'.
server/routers/clientScoring.ts(220,35): error TS2339: Property 'getClient' does not exist on type 'MySql2Database<Record<string, unknown>> & { $client: Pool; }'.
server/routers/clientScoring.ts(247,33): error TS2339: Property 'getClientHealthScores' does not exist on type 'MySql2Database<Record<string, unknown>> & { $client: Pool; }'.
server/routers/clientScoring.ts(259,39): error TS2339: Property 'getClient' does not exist on type 'MySql2Database<Record<string, unknown>> & { $client: Pool; }'.
server/routers/clientScoring.ts(265,41): error TS2339: Property 'getLatestInvoice' does not exist on type 'MySql2Database<Record<string, unknown>> & { $client: Pool; }'.
server/routers/clientScoring.ts(295,33): error TS2339: Property 'getClientRevenueTrends' does not exist on type 'MySql2Database<Record<string, unknown>> & { $client: Pool; }'.
server/routers/clientScoring.ts(317,32): error TS2339: Property 'getClients' does not exist on type 'MySql2Database<Record<string, unknown>> & { $client: Pool; }'.
server/routers/cloudInfrastructure.ts(21,13): error TS18047: 'db' is possibly 'null'.
server/routers/cloudInfrastructure.ts(30,13): error TS18047: 'db' is possibly 'null'.
server/routers/cloudInfrastructure.ts(39,13): error TS18047: 'db' is possibly 'null'.
server/routers/cloudInfrastructure.ts(47,26): error TS18047: 'db' is possibly 'null'.
server/routers/cloudInfrastructure.ts(55,13): error TS18047: 'db' is possibly 'null'.
server/routers/cohortAnalytics.ts(20,26): error TS18047: 'db' is possibly 'null'.
server/routers/cohortAnalytics.ts(46,26): error TS18047: 'db' is possibly 'null'.
server/routers/cohortAnalytics.ts(71,26): error TS18047: 'db' is possibly 'null'.
server/routers/cohortAnalytics.ts(94,13): error TS18047: 'db' is possibly 'null'.
server/routers/cohortAnalytics.ts(122,26): error TS18047: 'db' is possibly 'null'.
server/routers/cohortAnalytics.ts(145,26): error TS18047: 'db' is possibly 'null'.
server/routers/contracts.ts(33,11): error TS18047: 'db' is possibly 'null'.
server/routers/contracts.ts(34,11): error TS18047: 'db' is possibly 'null'.
server/routers/contracts.ts(53,28): error TS18047: 'db' is possibly 'null'.
server/routers/contracts.ts(96,15): error TS18047: 'db' is possibly 'null'.
server/routers/contracts.ts(97,28): error TS18047: 'db' is possibly 'null'.
server/routers/contracts.ts(122,32): error TS18047: 'db' is possibly 'null'.
server/routers/contracts.ts(140,17): error TS18047: 'db' is possibly 'null'.
server/routers/contracts.ts(143,28): error TS18047: 'db' is possibly 'null'.
server/routers/contracts.ts(158,32): error TS18047: 'db' is possibly 'null'.
server/routers/contracts.ts(162,15): error TS18047: 'db' is possibly 'null'.
server/routers/creditNotes.ts(66,26): error TS18047: 'db' is possibly 'null'.
server/routers/creditNotes.ts(78,26): error TS18047: 'db' is possibly 'null'.
server/routers/creditNotes.ts(80,27): error TS18047: 'db' is possibly 'null'.
server/routers/creditNotes.ts(91,13): error TS18047: 'db' is possibly 'null'.
server/routers/creditNotes.ts(109,15): error TS18047: 'db' is possibly 'null'.
server/routers/creditNotes.ts(133,13): error TS18047: 'db' is possibly 'null'.
server/routers/creditNotes.ts(148,13): error TS18047: 'db' is possibly 'null'.
server/routers/creditNotes.ts(152,15): error TS18047: 'db' is possibly 'null'.
server/routers/creditNotes.ts(176,13): error TS18047: 'db' is possibly 'null'.
server/routers/creditNotes.ts(179,13): error TS18047: 'db' is possibly 'null'.
server/routers/csvImportExport.ts(337,87): error TS2339: Property 'productCode' does not exist on type 'MySqlTableWithColumns<{ name: "products"; schema: undefined; columns: { id: MySqlColumn<{ name: "id"; tableName: "products"; dataType: "string"; columnType: "MySqlVarChar"; data: string; driverParam: string | number; notNull: true; ... 7 more ...; generated: undefined; }, {}, {}>; ... 21 more ...; location: MySqlCol...'.
server/routers/csvImportExport.ts(534,33): error TS2304: Cannot find name 'payments'.
server/routers/dashboard.ts(105,31): error TS2339: Property 'updatedAt' does not exist on type '{ id: string; userId: string; action: string; entityType: string | null; entityId: string | null; description: string | null; metadata: string | null; ipAddress: string | null; createdAt: string | null; }'.
server/routers/dashboardBuilder.ts(21,13): error TS18047: 'db' is possibly 'null'.
server/routers/dashboardBuilder.ts(29,26): error TS18047: 'db' is possibly 'null'.
server/routers/dashboardBuilder.ts(34,13): error TS18047: 'db' is possibly 'null'.
server/routers/dashboardBuilder.ts(42,26): error TS18047: 'db' is possibly 'null'.
server/routers/dashboardBuilder.ts(53,13): error TS18047: 'db' is possibly 'null'.
server/routers/dashboardBuilder.ts(61,26): error TS18047: 'db' is possibly 'null'.
server/routers/dashboardBuilder.ts(69,13): error TS18047: 'db' is possibly 'null'.
server/routers/dataExport.ts(7,18): error TS2300: Duplicate identifier 'createFeatureRestrictedProcedure'.
server/routers/dataExport.ts(23,10): error TS2300: Duplicate identifier 'createFeatureRestrictedProcedure'.
server/routers/debitNotes.ts(91,20): error TS18047: 'db' is possibly 'null'.
server/routers/debitNotes.ts(106,26): error TS18047: 'db' is possibly 'null'.
server/routers/debitNotes.ts(108,27): error TS18047: 'db' is possibly 'null'.
server/routers/debitNotes.ts(109,49): error TS2769: No overload matches this call.
  Overload 1 of 3, '(left: MySqlColumn<{ name: "documentType"; tableName: "lineItems"; dataType: "string"; columnType: "MySqlEnumColumn"; data: "expense" | "invoice" | "estimate" | "receipt" | "credit_note" | "lpo"; ... 9 more ...; generated: undefined; }, {}, {}>, right: "expense" | ... 5 more ... | "lpo"): SQL<...>', gave the following error.
    Argument of type '"debit_note"' is not assignable to parameter of type '"expense" | SQLWrapper | "invoice" | "estimate" | "receipt" | "credit_note" | "lpo"'.
  Overload 2 of 3, '(left: Aliased<string>, right: string | SQLWrapper): SQL<unknown>', gave the following error.
    Argument of type 'MySqlColumn<{ name: "documentType"; tableName: "lineItems"; dataType: "string"; columnType: "MySqlEnumColumn"; data: "expense" | "invoice" | "estimate" | "receipt" | "credit_note" | "lpo"; driverParam: string; ... 8 more ...; generated: undefined; }, {}, {}>' is not assignable to parameter of type 'Aliased<string>'.
      Type 'MySqlColumn<{ name: "documentType"; tableName: "lineItems"; dataType: "string"; columnType: "MySqlEnumColumn"; data: "expense" | "invoice" | "estimate" | "receipt" | "credit_note" | "lpo"; driverParam: string; ... 8 more ...; generated: undefined; }, {}, {}>' is missing the following properties from type 'Aliased<string>': sql, fieldAlias
  Overload 3 of 3, '(left: never, right: unknown): SQL<unknown>', gave the following error.
    Argument of type 'MySqlColumn<{ name: "documentType"; tableName: "lineItems"; dataType: "string"; columnType: "MySqlEnumColumn"; data: "expense" | "invoice" | "estimate" | "receipt" | "credit_note" | "lpo"; driverParam: string; ... 8 more ...; generated: undefined; }, {}, {}>' is not assignable to parameter of type 'never'.
server/routers/debitNotes.ts(122,15): error TS18047: 'db' is possibly 'null'.
server/routers/debitNotes.ts(140,17): error TS18047: 'db' is possibly 'null'.
server/routers/debitNotes.ts(140,38): error TS2769: No overload matches this call.
  Overload 1 of 2, '(value: { id: string | SQL<unknown> | Placeholder<string, any>; description: string | SQL<unknown> | Placeholder<string, any>; quantity: number | SQL<unknown> | Placeholder<...>; ... 11 more ...; lineNumber?: number | ... 3 more ... | undefined; }): MySqlInsertBase<...>', gave the following error.
    Type '"debit_note"' is not assignable to type '"expense" | SQL<unknown> | "invoice" | "estimate" | "receipt" | "credit_note" | "lpo" | Placeholder<string, any>'.
  Overload 2 of 2, '(values: { id: string | SQL<unknown> | Placeholder<string, any>; description: string | SQL<unknown> | Placeholder<string, any>; quantity: number | SQL<unknown> | Placeholder<...>; ... 11 more ...; lineNumber?: number | ... 3 more ... | undefined; }[]): MySqlInsertBase<...>', gave the following error.
    Object literal may only specify known properties, and 'id' does not exist in type '{ id: string | SQL<unknown> | Placeholder<string, any>; description: string | SQL<unknown> | Placeholder<string, any>; quantity: number | SQL<unknown> | Placeholder<...>; ... 11 more ...; lineNumber?: number | ... 3 more ... | undefined; }[]'.
server/routers/debitNotes.ts(171,15): error TS18047: 'db' is possibly 'null'.
server/routers/debitNotes.ts(186,15): error TS18047: 'db' is possibly 'null'.
server/routers/debitNotes.ts(187,51): error TS2769: No overload matches this call.
  Overload 1 of 3, '(left: MySqlColumn<{ name: "documentType"; tableName: "lineItems"; dataType: "string"; columnType: "MySqlEnumColumn"; data: "expense" | "invoice" | "estimate" | "receipt" | "credit_note" | "lpo"; ... 9 more ...; generated: undefined; }, {}, {}>, right: "expense" | ... 5 more ... | "lpo"): SQL<...>', gave the following error.
    Argument of type '"debit_note"' is not assignable to parameter of type '"expense" | SQLWrapper | "invoice" | "estimate" | "receipt" | "credit_note" | "lpo"'.
  Overload 2 of 3, '(left: Aliased<string>, right: string | SQLWrapper): SQL<unknown>', gave the following error.
    Argument of type 'MySqlColumn<{ name: "documentType"; tableName: "lineItems"; dataType: "string"; columnType: "MySqlEnumColumn"; data: "expense" | "invoice" | "estimate" | "receipt" | "credit_note" | "lpo"; driverParam: string; ... 8 more ...; generated: undefined; }, {}, {}>' is not assignable to parameter of type 'Aliased<string>'.
      Type 'MySqlColumn<{ name: "documentType"; tableName: "lineItems"; dataType: "string"; columnType: "MySqlEnumColumn"; data: "expense" | "invoice" | "estimate" | "receipt" | "credit_note" | "lpo"; driverParam: string; ... 8 more ...; generated: undefined; }, {}, {}>' is missing the following properties from type 'Aliased<string>': sql, fieldAlias
  Overload 3 of 3, '(left: never, right: unknown): SQL<unknown>', gave the following error.
    Argument of type 'MySqlColumn<{ name: "documentType"; tableName: "lineItems"; dataType: "string"; columnType: "MySqlEnumColumn"; data: "expense" | "invoice" | "estimate" | "receipt" | "credit_note" | "lpo"; driverParam: string; ... 8 more ...; generated: undefined; }, {}, {}>' is not assignable to parameter of type 'never'.
server/routers/debitNotes.ts(190,17): error TS18047: 'db' is possibly 'null'.
server/routers/debitNotes.ts(190,38): error TS2769: No overload matches this call.
  Overload 1 of 2, '(value: { id: string | SQL<unknown> | Placeholder<string, any>; description: string | SQL<unknown> | Placeholder<string, any>; quantity: number | SQL<unknown> | Placeholder<...>; ... 11 more ...; lineNumber?: number | ... 3 more ... | undefined; }): MySqlInsertBase<...>', gave the following error.
    Type '"debit_note"' is not assignable to type '"expense" | SQL<unknown> | "invoice" | "estimate" | "receipt" | "credit_note" | "lpo" | Placeholder<string, any>'.
  Overload 2 of 2, '(values: { id: string | SQL<unknown> | Placeholder<string, any>; description: string | SQL<unknown> | Placeholder<string, any>; quantity: number | SQL<unknown> | Placeholder<...>; ... 11 more ...; lineNumber?: number | ... 3 more ... | undefined; }[]): MySqlInsertBase<...>', gave the following error.
    Object literal may only specify known properties, and 'id' does not exist in type '{ id: string | SQL<unknown> | Placeholder<string, any>; description: string | SQL<unknown> | Placeholder<string, any>; quantity: number | SQL<unknown> | Placeholder<...>; ... 11 more ...; lineNumber?: number | ... 3 more ... | undefined; }[]'.
server/routers/debitNotes.ts(219,15): error TS18047: 'db' is possibly 'null'.
server/routers/debitNotes.ts(220,51): error TS2769: No overload matches this call.
  Overload 1 of 3, '(left: MySqlColumn<{ name: "documentType"; tableName: "lineItems"; dataType: "string"; columnType: "MySqlEnumColumn"; data: "expense" | "invoice" | "estimate" | "receipt" | "credit_note" | "lpo"; ... 9 more ...; generated: undefined; }, {}, {}>, right: "expense" | ... 5 more ... | "lpo"): SQL<...>', gave the following error.
    Argument of type '"debit_note"' is not assignable to parameter of type '"expense" | SQLWrapper | "invoice" | "estimate" | "receipt" | "credit_note" | "lpo"'.
  Overload 2 of 3, '(left: Aliased<string>, right: string | SQLWrapper): SQL<unknown>', gave the following error.
    Argument of type 'MySqlColumn<{ name: "documentType"; tableName: "lineItems"; dataType: "string"; columnType: "MySqlEnumColumn"; data: "expense" | "invoice" | "estimate" | "receipt" | "credit_note" | "lpo"; driverParam: string; ... 8 more ...; generated: undefined; }, {}, {}>' is not assignable to parameter of type 'Aliased<string>'.
      Type 'MySqlColumn<{ name: "documentType"; tableName: "lineItems"; dataType: "string"; columnType: "MySqlEnumColumn"; data: "expense" | "invoice" | "estimate" | "receipt" | "credit_note" | "lpo"; driverParam: string; ... 8 more ...; generated: undefined; }, {}, {}>' is missing the following properties from type 'Aliased<string>': sql, fieldAlias
  Overload 3 of 3, '(left: never, right: unknown): SQL<unknown>', gave the following error.
    Argument of type 'MySqlColumn<{ name: "documentType"; tableName: "lineItems"; dataType: "string"; columnType: "MySqlEnumColumn"; data: "expense" | "invoice" | "estimate" | "receipt" | "credit_note" | "lpo"; driverParam: string; ... 8 more ...; generated: undefined; }, {}, {}>' is not assignable to parameter of type 'never'.
server/routers/debitNotes.ts(222,15): error TS18047: 'db' is possibly 'null'.
server/routers/developerTools.ts(34,15): error TS18047: 'db' is possibly 'null'.
server/routers/developerTools.ts(34,41): error TS2769: No overload matches this call.
  Overload 1 of 2, '(value: { id: string | SQL<unknown> | Placeholder<string, any>; createdBy: string | SQL<unknown> | Placeholder<string, any>; eventType: string | SQL<unknown> | Placeholder<...>; ... 8 more ...; lastTriggered?: string | ... 3 more ... | undefined; }): MySqlInsertBase<...>', gave the following error.
    Object literal may only specify known properties, and 'url' does not exist in type '{ id: string | SQL<unknown> | Placeholder<string, any>; createdBy: string | SQL<unknown> | Placeholder<string, any>; eventType: string | SQL<unknown> | Placeholder<...>; ... 8 more ...; lastTriggered?: string | ... 3 more ... | undefined; }'.
  Overload 2 of 2, '(values: { id: string | SQL<unknown> | Placeholder<string, any>; createdBy: string | SQL<unknown> | Placeholder<string, any>; eventType: string | SQL<unknown> | Placeholder<...>; ... 8 more ...; lastTriggered?: string | ... 3 more ... | undefined; }[]): MySqlInsertBase<...>', gave the following error.
    Object literal may only specify known properties, and 'id' does not exist in type '{ id: string | SQL<unknown> | Placeholder<string, any>; createdBy: string | SQL<unknown> | Placeholder<string, any>; eventType: string | SQL<unknown> | Placeholder<...>; ... 8 more ...; lastTriggered?: string | ... 3 more ... | undefined; }[]'.
server/routers/developerTools.ts(38,15): error TS18047: 'db' is possibly 'null'.
server/routers/developerTools.ts(46,15): error TS18047: 'db' is possibly 'null'.
server/routers/developerTools.ts(56,26): error TS18047: 'db' is possibly 'null'.
server/routers/developerTools.ts(57,59): error TS2339: Property 'events' does not exist on type '{ id: string; name: string | null; eventType: string; targetUrl: string; secret: string | null; isActive: number; retryCount: number | null; lastTriggered: string | null; config: string | null; createdBy: string; createdAt: string | null; updatedAt: string | null; }'.
server/routers/developerTools.ts(57,81): error TS2339: Property 'events' does not exist on type '{ id: string; name: string | null; eventType: string; targetUrl: string; secret: string | null; isActive: number; retryCount: number | null; lastTriggered: string | null; config: string | null; createdBy: string; createdAt: string | null; updatedAt: string | null; }'.
server/routers/email.ts(644,13): error TS2322: Type 'string | null' is not assignable to type 'string'.
  Type 'null' is not assignable to type 'string'.
server/routers/email.ts(760,13): error TS2322: Type 'string | null' is not assignable to type 'string'.
  Type 'null' is not assignable to type 'string'.
server/routers/emailCalendar.ts(20,26): error TS18047: 'db' is possibly 'null'.
server/routers/emailCalendar.ts(29,13): error TS18047: 'db' is possibly 'null'.
server/routers/emailCalendar.ts(29,42): error TS2769: No overload matches this call.
  Overload 1 of 2, '(value: { id: string | SQL<unknown> | Placeholder<string, any>; createdBy: string | SQL<unknown> | Placeholder<string, any>; provider: string | SQL<unknown> | Placeholder<...>; ... 10 more ...; syncStatus?: string | ... 2 more ... | undefined; }): MySqlInsertBase<...>', gave the following error.
    Object literal may only specify known properties, and 'accountEmail' does not exist in type '{ id: string | SQL<unknown> | Placeholder<string, any>; createdBy: string | SQL<unknown> | Placeholder<string, any>; provider: string | SQL<unknown> | Placeholder<...>; ... 10 more ...; syncStatus?: string | ... 2 more ... | undefined; }'.
  Overload 2 of 2, '(values: { id: string | SQL<unknown> | Placeholder<string, any>; createdBy: string | SQL<unknown> | Placeholder<string, any>; provider: string | SQL<unknown> | Placeholder<...>; ... 10 more ...; syncStatus?: string | ... 2 more ... | undefined; }[]): MySqlInsertBase<...>', gave the following error.
    Object literal may only specify known properties, and 'id' does not exist in type '{ id: string | SQL<unknown> | Placeholder<string, any>; createdBy: string | SQL<unknown> | Placeholder<string, any>; provider: string | SQL<unknown> | Placeholder<...>; ... 10 more ...; syncStatus?: string | ... 2 more ... | undefined; }[]'.
server/routers/emailCalendar.ts(38,13): error TS18047: 'db' is possibly 'null'.
server/routers/emailCalendar.ts(38,42): error TS2769: No overload matches this call.
  Overload 1 of 2, '(value: { id: string | SQL<unknown> | Placeholder<string, any>; createdBy: string | SQL<unknown> | Placeholder<string, any>; provider: string | SQL<unknown> | Placeholder<...>; ... 10 more ...; syncStatus?: string | ... 2 more ... | undefined; }): MySqlInsertBase<...>', gave the following error.
    Object literal may only specify known properties, and 'accountEmail' does not exist in type '{ id: string | SQL<unknown> | Placeholder<string, any>; createdBy: string | SQL<unknown> | Placeholder<string, any>; provider: string | SQL<unknown> | Placeholder<...>; ... 10 more ...; syncStatus?: string | ... 2 more ... | undefined; }'.
  Overload 2 of 2, '(values: { id: string | SQL<unknown> | Placeholder<string, any>; createdBy: string | SQL<unknown> | Placeholder<string, any>; provider: string | SQL<unknown> | Placeholder<...>; ... 10 more ...; syncStatus?: string | ... 2 more ... | undefined; }[]): MySqlInsertBase<...>', gave the following error.
    Object literal may only specify known properties, and 'id' does not exist in type '{ id: string | SQL<unknown> | Placeholder<string, any>; createdBy: string | SQL<unknown> | Placeholder<string, any>; provider: string | SQL<unknown> | Placeholder<...>; ... 10 more ...; syncStatus?: string | ... 2 more ... | undefined; }[]'.
server/routers/emailCalendar.ts(52,26): error TS18047: 'db' is possibly 'null'.
server/routers/emailCalendar.ts(53,57): error TS2339: Property 'metadata' does not exist on type '{ id: string; provider: string; email: string | null; title: string | null; description: string | null; startTime: string | null; endTime: string | null; attendees: string | null; location: string | null; ... 4 more ...; updatedAt: string | null; }'.
server/routers/emailCalendar.ts(53,81): error TS2339: Property 'metadata' does not exist on type '{ id: string; provider: string; email: string | null; title: string | null; description: string | null; startTime: string | null; endTime: string | null; attendees: string | null; location: string | null; ... 4 more ...; updatedAt: string | null; }'.
server/routers/emailRouter.ts(132,25): error TS2339: Property 'toEmail' does not exist on type '{ id: string; recipientEmail: string; recipientName: string | null; subject: string; htmlContent: string; textContent: string | null; eventType: string; entityType: string | null; entityId: string | null; ... 10 more ...; updatedAt: string | null; }'.
server/routers/emailRouter.ts(136,31): error TS2339: Property 'failureReason' does not exist on type '{ id: string; recipientEmail: string; recipientName: string | null; subject: string; htmlContent: string; textContent: string | null; eventType: string; entityType: string | null; entityId: string | null; ... 10 more ...; updatedAt: string | null; }'.
server/routers/emailRouter.ts(137,28): error TS2339: Property 'retryCount' does not exist on type '{ id: string; recipientEmail: string; recipientName: string | null; subject: string; htmlContent: string; textContent: string | null; eventType: string; entityType: string | null; entityId: string | null; ... 10 more ...; updatedAt: string | null; }'.
server/routers/emailRouter.ts(157,69): error TS2339: Property 'emailTemplates' does not exist on type 'typeof import("E:/Nexus360/drizzle/schema")'.
server/routers/emailRouter.ts(194,69): error TS2339: Property 'emailTemplates' does not exist on type 'typeof import("E:/Nexus360/drizzle/schema")'.
server/routers/emailRouter.ts(261,24): error TS2769: No overload matches this call.
  Overload 1 of 3, '(left: MySqlColumn<{ name: "status"; tableName: "emailQueue"; dataType: "string"; columnType: "MySqlEnumColumn"; data: "pending" | "sent" | "failed" | "retrying"; driverParam: string; notNull: true; ... 7 more ...; generated: undefined; }, {}, {}>, right: SQLWrapper | ... 3 more ... | "retrying"): SQL<...>', gave the following error.
    Argument of type '"pending" | "failed" | "sending" | "delivered"' is not assignable to parameter of type 'SQLWrapper | "pending" | "sent" | "failed" | "retrying"'.
      Type '"sending"' is not assignable to type 'SQLWrapper | "pending" | "sent" | "failed" | "retrying"'. Did you mean '"pending"'?
  Overload 2 of 3, '(left: Aliased<"pending" | "failed" | "sending" | "delivered">, right: SQLWrapper | "pending" | "failed" | "sending" | "delivered"): SQL<unknown>', gave the following error.
    Argument of type 'MySqlColumn<{ name: "status"; tableName: "emailQueue"; dataType: "string"; columnType: "MySqlEnumColumn"; data: "pending" | "sent" | "failed" | "retrying"; driverParam: string; notNull: true; hasDefault: true; ... 6 more ...; generated: undefined; }, {}, {}>' is not assignable to parameter of type 'Aliased<"pending" | "failed" | "sending" | "delivered">'.
      Type 'MySqlColumn<{ name: "status"; tableName: "emailQueue"; dataType: "string"; columnType: "MySqlEnumColumn"; data: "pending" | "sent" | "failed" | "retrying"; driverParam: string; notNull: true; hasDefault: true; ... 6 more ...; generated: undefined; }, {}, {}>' is missing the following properties from type 'Aliased<"pending" | "failed" | "sending" | "delivered">': sql, fieldAlias
  Overload 3 of 3, '(left: never, right: unknown): SQL<unknown>', gave the following error.
    Argument of type 'MySqlColumn<{ name: "status"; tableName: "emailQueue"; dataType: "string"; columnType: "MySqlEnumColumn"; data: "pending" | "sent" | "failed" | "retrying"; driverParam: string; notNull: true; hasDefault: true; ... 6 more ...; generated: undefined; }, {}, {}>' is not assignable to parameter of type 'never'.
server/routers/emailRouter.ts(262,47): error TS2339: Property 'relatedEntityId' does not exist on type 'MySqlTableWithColumns<{ name: "emailQueue"; schema: undefined; columns: { id: MySqlColumn<{ name: "id"; tableName: "emailQueue"; dataType: "string"; columnType: "MySqlVarChar"; data: string; driverParam: string | number; notNull: true; ... 7 more ...; generated: undefined; }, {}, {}>; ... 18 more ...; updatedAt: MyS...'.
server/routers/emailRouter.ts(274,20): error TS2339: Property 'toEmail' does not exist on type '{ id: string; recipientEmail: string; recipientName: string | null; subject: string; htmlContent: string; textContent: string | null; eventType: string; entityType: string | null; entityId: string | null; ... 10 more ...; updatedAt: string | null; }'.
server/routers/emailRouter.ts(279,26): error TS2339: Property 'failureReason' does not exist on type '{ id: string; recipientEmail: string; recipientName: string | null; subject: string; htmlContent: string; textContent: string | null; eventType: string; entityType: string | null; entityId: string | null; ... 10 more ...; updatedAt: string | null; }'.
server/routers/emailRouter.ts(280,23): error TS2339: Property 'retryCount' does not exist on type '{ id: string; recipientEmail: string; recipientName: string | null; subject: string; htmlContent: string; textContent: string | null; eventType: string; entityType: string | null; entityId: string | null; ... 10 more ...; updatedAt: string | null; }'.
server/routers/emailRouter.ts(316,16): error TS2769: No overload matches this call.
  Overload 1 of 3, '(left: MySqlColumn<{ name: "createdAt"; tableName: "emailQueue"; dataType: "string"; columnType: "MySqlTimestampString"; data: string; driverParam: string | number; notNull: false; hasDefault: true; isPrimaryKey: false; ... 5 more ...; generated: undefined; }, {}, {}>, right: string | SQLWrapper): SQL<...>', gave the following error.
    Argument of type 'Date' is not assignable to parameter of type 'string | SQLWrapper'.
  Overload 2 of 3, '(left: Aliased<Date>, right: SQLWrapper | Date): SQL<unknown>', gave the following error.
    Argument of type 'MySqlColumn<{ name: "createdAt"; tableName: "emailQueue"; dataType: "string"; columnType: "MySqlTimestampString"; data: string; driverParam: string | number; notNull: false; hasDefault: true; isPrimaryKey: false; ... 5 more ...; generated: undefined; }, {}, {}>' is not assignable to parameter of type 'Aliased<Date>'.
      Type 'MySqlColumn<{ name: "createdAt"; tableName: "emailQueue"; dataType: "string"; columnType: "MySqlTimestampString"; data: string; driverParam: string | number; notNull: false; hasDefault: true; isPrimaryKey: false; ... 5 more ...; generated: undefined; }, {}, {}>' is missing the following properties from type 'Aliased<Date>': sql, fieldAlias
  Overload 3 of 3, '(left: never, right: unknown): SQL<unknown>', gave the following error.
    Argument of type 'MySqlColumn<{ name: "createdAt"; tableName: "emailQueue"; dataType: "string"; columnType: "MySqlTimestampString"; data: string; driverParam: string | number; notNull: false; hasDefault: true; isPrimaryKey: false; ... 5 more ...; generated: undefined; }, {}, {}>' is not assignable to parameter of type 'never'.
server/routers/emailRouter.ts(367,11): error TS2353: Object literal may only specify known properties, and 'retryCount' does not exist in type '{ id?: string | SQL<unknown> | undefined; subject?: string | SQL<unknown> | undefined; eventType?: string | SQL<unknown> | undefined; recipientEmail?: string | SQL<unknown> | undefined; htmlContent?: string | ... 1 more ... | undefined; ... 14 more ...; lastAttemptAt?: string | ... 2 more ... | undefined; }'.
server/routers/emailRouter.ts(367,31): error TS2339: Property 'retryCount' does not exist on type '{ id: string; recipientEmail: string; recipientName: string | null; subject: string; htmlContent: string; textContent: string | null; eventType: string; entityType: string | null; entityId: string | null; ... 10 more ...; updatedAt: string | null; }'.
server/routers/employees.ts(479,16): error TS2339: Property 'logActivity' does not exist on type 'MySql2Database<Record<string, unknown>> & { $client: Pool; }'.
server/routers/employees.ts(549,16): error TS2339: Property 'logActivity' does not exist on type 'MySql2Database<Record<string, unknown>> & { $client: Pool; }'.
server/routers/enhancedDashboard.ts(161,9): error TS2783: 'id' is specified more than once, so this usage will be overwritten.
server/routers/enhancedDashboard.ts(175,13): error TS2769: No overload matches this call.
  Overload 1 of 3, '(left: MySqlColumn<{ name: "id"; tableName: "dashboardLayouts"; dataType: "string"; columnType: "MySqlVarChar"; data: string; driverParam: string | number; notNull: true; hasDefault: false; isPrimaryKey: true; ... 5 more ...; generated: undefined; }, {}, {}>, right: string | SQLWrapper): SQL<...>', gave the following error.
    Argument of type 'string | undefined' is not assignable to parameter of type 'string | SQLWrapper'.
      Type 'undefined' is not assignable to type 'string | SQLWrapper'.
  Overload 2 of 3, '(left: Aliased<string | undefined>, right: string | SQLWrapper | undefined): SQL<unknown>', gave the following error.
    Argument of type 'MySqlColumn<{ name: "id"; tableName: "dashboardLayouts"; dataType: "string"; columnType: "MySqlVarChar"; data: string; driverParam: string | number; notNull: true; hasDefault: false; isPrimaryKey: true; ... 5 more ...; generated: undefined; }, {}, {}>' is not assignable to parameter of type 'Aliased<string | undefined>'.
      Type 'MySqlColumn<{ name: "id"; tableName: "dashboardLayouts"; dataType: "string"; columnType: "MySqlVarChar"; data: string; driverParam: string | number; notNull: true; hasDefault: false; isPrimaryKey: true; ... 5 more ...; generated: undefined; }, {}, {}>' is missing the following properties from type 'Aliased<string | undefined>': sql, fieldAlias
  Overload 3 of 3, '(left: never, right: unknown): SQL<unknown>', gave the following error.
    Argument of type 'MySqlColumn<{ name: "id"; tableName: "dashboardLayouts"; dataType: "string"; columnType: "MySqlVarChar"; data: string; driverParam: string | number; notNull: true; hasDefault: false; isPrimaryKey: true; ... 5 more ...; generated: undefined; }, {}, {}>' is not assignable to parameter of type 'never'.
server/routers/enhancedDashboard.ts(207,16): error TS2769: No overload matches this call.
  Overload 1 of 3, '(left: MySqlColumn<{ name: "id"; tableName: "dashboardLayouts"; dataType: "string"; columnType: "MySqlVarChar"; data: string; driverParam: string | number; notNull: true; hasDefault: false; isPrimaryKey: true; ... 5 more ...; generated: undefined; }, {}, {}>, right: string | SQLWrapper): SQL<...>', gave the following error.
    Argument of type 'string | undefined' is not assignable to parameter of type 'string | SQLWrapper'.
      Type 'undefined' is not assignable to type 'string | SQLWrapper'.
  Overload 2 of 3, '(left: Aliased<string | undefined>, right: string | SQLWrapper | undefined): SQL<unknown>', gave the following error.
    Argument of type 'MySqlColumn<{ name: "id"; tableName: "dashboardLayouts"; dataType: "string"; columnType: "MySqlVarChar"; data: string; driverParam: string | number; notNull: true; hasDefault: false; isPrimaryKey: true; ... 5 more ...; generated: undefined; }, {}, {}>' is not assignable to parameter of type 'Aliased<string | undefined>'.
      Type 'MySqlColumn<{ name: "id"; tableName: "dashboardLayouts"; dataType: "string"; columnType: "MySqlVarChar"; data: string; driverParam: string | number; notNull: true; hasDefault: false; isPrimaryKey: true; ... 5 more ...; generated: undefined; }, {}, {}>' is missing the following properties from type 'Aliased<string | undefined>': sql, fieldAlias
  Overload 3 of 3, '(left: never, right: unknown): SQL<unknown>', gave the following error.
    Argument of type 'MySqlColumn<{ name: "id"; tableName: "dashboardLayouts"; dataType: "string"; columnType: "MySqlVarChar"; data: string; driverParam: string | number; notNull: true; hasDefault: false; isPrimaryKey: true; ... 5 more ...; generated: undefined; }, {}, {}>' is not assignable to parameter of type 'never'.
server/routers/enhancedDashboard.ts(212,16): error TS2769: No overload matches this call.
  Overload 1 of 3, '(left: MySqlColumn<{ name: "layoutId"; tableName: "dashboardWidgets"; dataType: "string"; columnType: "MySqlVarChar"; data: string; driverParam: string | number; notNull: true; hasDefault: false; isPrimaryKey: false; ... 5 more ...; generated: undefined; }, {}, {}>, right: string | SQLWrapper): SQL<...>', gave the following error.
    Argument of type 'string | undefined' is not assignable to parameter of type 'string | SQLWrapper'.
      Type 'undefined' is not assignable to type 'string | SQLWrapper'.
  Overload 2 of 3, '(left: Aliased<string | undefined>, right: string | SQLWrapper | undefined): SQL<unknown>', gave the following error.
    Argument of type 'MySqlColumn<{ name: "layoutId"; tableName: "dashboardWidgets"; dataType: "string"; columnType: "MySqlVarChar"; data: string; driverParam: string | number; notNull: true; hasDefault: false; isPrimaryKey: false; ... 5 more ...; generated: undefined; }, {}, {}>' is not assignable to parameter of type 'Aliased<string | undefined>'.
      Type 'MySqlColumn<{ name: "layoutId"; tableName: "dashboardWidgets"; dataType: "string"; columnType: "MySqlVarChar"; data: string; driverParam: string | number; notNull: true; hasDefault: false; isPrimaryKey: false; ... 5 more ...; generated: undefined; }, {}, {}>' is missing the following properties from type 'Aliased<string | undefined>': sql, fieldAlias
  Overload 3 of 3, '(left: never, right: unknown): SQL<unknown>', gave the following error.
    Argument of type 'MySqlColumn<{ name: "layoutId"; tableName: "dashboardWidgets"; dataType: "string"; columnType: "MySqlVarChar"; data: string; driverParam: string | number; notNull: true; hasDefault: false; isPrimaryKey: false; ... 5 more ...; generated: undefined; }, {}, {}>' is not assignable to parameter of type 'never'.
server/routers/enhancedDashboard.ts(216,43): error TS2769: No overload matches this call.
  Overload 1 of 2, '(value: { id: string | SQL<unknown> | Placeholder<string, any>; layoutId: string | SQL<unknown> | Placeholder<string, any>; widgetType: string | SQL<unknown> | Placeholder<...>; ... 7 more ...; config?: unknown; }): MySqlInsertBase<...>', gave the following error.
    Type 'string | undefined' is not assignable to type 'string | SQL<unknown> | Placeholder<string, any>'.
      Type 'undefined' is not assignable to type 'string | SQL<unknown> | Placeholder<string, any>'.
  Overload 2 of 2, '(values: { id: string | SQL<unknown> | Placeholder<string, any>; layoutId: string | SQL<unknown> | Placeholder<string, any>; widgetType: string | SQL<unknown> | Placeholder<...>; ... 7 more ...; config?: unknown; }[]): MySqlInsertBase<...>', gave the following error.
    Object literal may only specify known properties, and 'id' does not exist in type '{ id: string | SQL<unknown> | Placeholder<string, any>; layoutId: string | SQL<unknown> | Placeholder<string, any>; widgetType: string | SQL<unknown> | Placeholder<...>; ... 7 more ...; config?: unknown; }[]'.
server/routers/enhancedDashboard.ts(467,23): error TS2339: Property 'where' does not exist on type 'Omit<MySqlSelectBase<"dashboardWidgetData", { id: MySqlColumn<{ name: "id"; tableName: "dashboardWidgetData"; dataType: "string"; columnType: "MySqlVarChar"; data: string; driverParam: string | number; notNull: true; ... 7 more ...; generated: undefined; }, {}, {}>; ... 4 more ...; expiresAt: MySqlColumn<...>; }, .....'.
server/routers/enhancedPayments.ts(127,31): error TS18047: 'invoice.paidAmount' is possibly 'null'.
server/routers/enhancedPayments.ts(287,18): error TS2769: No overload matches this call.
  Overload 1 of 3, '(left: MySqlColumn<{ name: "id"; tableName: "accounts"; dataType: "string"; columnType: "MySqlVarChar"; data: string; driverParam: string | number; notNull: true; hasDefault: false; isPrimaryKey: true; isAutoincrement: false; ... 4 more ...; generated: undefined; }, {}, {}>, right: string | SQLWrapper): SQL<...>', gave the following error.
    Argument of type 'string | null' is not assignable to parameter of type 'string | SQLWrapper'.
      Type 'null' is not assignable to type 'string | SQLWrapper'.
  Overload 2 of 3, '(left: Aliased<string | null>, right: string | SQLWrapper | null): SQL<unknown>', gave the following error.
    Argument of type 'MySqlColumn<{ name: "id"; tableName: "accounts"; dataType: "string"; columnType: "MySqlVarChar"; data: string; driverParam: string | number; notNull: true; hasDefault: false; isPrimaryKey: true; isAutoincrement: false; ... 4 more ...; generated: undefined; }, {}, {}>' is not assignable to parameter of type 'Aliased<string | null>'.
      Type 'MySqlColumn<{ name: "id"; tableName: "accounts"; dataType: "string"; columnType: "MySqlVarChar"; data: string; driverParam: string | number; notNull: true; hasDefault: false; isPrimaryKey: true; isAutoincrement: false; ... 4 more ...; generated: undefined; }, {}, {}>' is missing the following properties from type 'Aliased<string | null>': sql, fieldAlias
  Overload 3 of 3, '(left: never, right: unknown): SQL<unknown>', gave the following error.
    Argument of type 'MySqlColumn<{ name: "id"; tableName: "accounts"; dataType: "string"; columnType: "MySqlVarChar"; data: string; driverParam: string | number; notNull: true; hasDefault: false; isPrimaryKey: true; isAutoincrement: false; ... 4 more ...; generated: undefined; }, {}, {}>' is not assignable to parameter of type 'never'.
server/routers/enhancedPayments.ts(310,18): error TS2769: No overload matches this call.
  Overload 1 of 3, '(left: MySqlColumn<{ name: "id"; tableName: "accounts"; dataType: "string"; columnType: "MySqlVarChar"; data: string; driverParam: string | number; notNull: true; hasDefault: false; isPrimaryKey: true; isAutoincrement: false; ... 4 more ...; generated: undefined; }, {}, {}>, right: string | SQLWrapper): SQL<...>', gave the following error.
    Argument of type 'string | null' is not assignable to parameter of type 'string | SQLWrapper'.
      Type 'null' is not assignable to type 'string | SQLWrapper'.
  Overload 2 of 3, '(left: Aliased<string | null>, right: string | SQLWrapper | null): SQL<unknown>', gave the following error.
    Argument of type 'MySqlColumn<{ name: "id"; tableName: "accounts"; dataType: "string"; columnType: "MySqlVarChar"; data: string; driverParam: string | number; notNull: true; hasDefault: false; isPrimaryKey: true; isAutoincrement: false; ... 4 more ...; generated: undefined; }, {}, {}>' is not assignable to parameter of type 'Aliased<string | null>'.
      Type 'MySqlColumn<{ name: "id"; tableName: "accounts"; dataType: "string"; columnType: "MySqlVarChar"; data: string; driverParam: string | number; notNull: true; hasDefault: false; isPrimaryKey: true; isAutoincrement: false; ... 4 more ...; generated: undefined; }, {}, {}>' is missing the following properties from type 'Aliased<string | null>': sql, fieldAlias
  Overload 3 of 3, '(left: never, right: unknown): SQL<unknown>', gave the following error.
    Argument of type 'MySqlColumn<{ name: "id"; tableName: "accounts"; dataType: "string"; columnType: "MySqlVarChar"; data: string; driverParam: string | number; notNull: true; hasDefault: false; isPrimaryKey: true; isAutoincrement: false; ... 4 more ...; generated: undefined; }, {}, {}>' is not assignable to parameter of type 'never'.
server/routers/enhancedPayments.ts(338,13): error TS2353: Object literal may only specify known properties, and 'updatedAt' does not exist in type '{ id?: string | SQL<unknown> | undefined; clientId?: string | SQL<unknown> | undefined; amount?: number | SQL<unknown> | undefined; paymentMethod?: SQL<unknown> | "other" | "cash" | "bank_transfer" | "cheque" | "card" | "mpesa" | undefined; ... 11 more ...; chartOfAccountType?: SQL<...> | ... 3 more ... | undefined; }'.
server/routers/enhancedPermissions.ts(62,28): error TS2802: Type 'Set<string>' can only be iterated through when using the '--downlevelIteration' flag or with a '--target' of 'es2015' or higher.
server/routers/enhancedPermissions.ts(144,43): error TS2339: Property 'inList' does not exist on type 'MySqlColumn<{ name: "permissionId"; tableName: "permission_metadata"; dataType: "string"; columnType: "MySqlVarChar"; data: string; driverParam: string | number; notNull: true; hasDefault: false; ... 6 more ...; generated: undefined; }, {}, {}>'.
server/routers/enhancedPermissions.ts(145,45): error TS2339: Property 'inList' does not exist on type 'MySqlColumn<{ name: "permissionId"; tableName: "permission_metadata"; dataType: "string"; columnType: "MySqlVarChar"; data: string; driverParam: string | number; notNull: true; hasDefault: false; ... 6 more ...; generated: undefined; }, {}, {}>'.
server/routers/enhancedPermissions.ts(282,9): error TS2740: Type 'Omit<MySqlSelectBase<"permissionAuditLog", { id: MySqlColumn<{ name: "id"; tableName: "permissionAuditLog"; dataType: "string"; columnType: "MySqlVarChar"; data: string; driverParam: string | number; notNull: true; ... 7 more ...; generated: undefined; }, {}, {}>; ... 9 more ...; createdAt: MySqlColumn<...>; }, ... ...' is missing the following properties from type 'MySqlSelectBase<"permissionAuditLog", { id: MySqlColumn<{ name: "id"; tableName: "permissionAuditLog"; dataType: "string"; columnType: "MySqlVarChar"; data: string; driverParam: string | number; notNull: true; ... 7 more ...; generated: undefined; }, {}, {}>; ... 9 more ...; createdAt: MySqlColumn<...>; }, ... 6 mor...': createIterator, config, joinsNotNullableMap, tableName, and 6 more.
server/routers/enterpriseSecurity.ts(17,13): error TS18047: 'db' is possibly 'null'.
server/routers/enterpriseSecurity.ts(17,42): error TS2769: No overload matches this call.
  Overload 1 of 2, '(value: { id: string | SQL<unknown> | Placeholder<string, any>; createdBy: string | SQL<unknown> | Placeholder<string, any>; title: string | SQL<unknown> | Placeholder<...>; ... 8 more ...; scanConfig?: string | ... 3 more ... | undefined; }): MySqlInsertBase<...>', gave the following error.
    Object literal may only specify known properties, and 'type' does not exist in type '{ id: string | SQL<unknown> | Placeholder<string, any>; createdBy: string | SQL<unknown> | Placeholder<string, any>; title: string | SQL<unknown> | Placeholder<string, any>; ... 8 more ...; scanConfig?: string | ... 3 more ... | undefined; }'.
  Overload 2 of 2, '(values: { id: string | SQL<unknown> | Placeholder<string, any>; createdBy: string | SQL<unknown> | Placeholder<string, any>; title: string | SQL<unknown> | Placeholder<...>; ... 8 more ...; scanConfig?: string | ... 3 more ... | undefined; }[]): MySqlInsertBase<...>', gave the following error.
    Object literal may only specify known properties, and 'id' does not exist in type '{ id: string | SQL<unknown> | Placeholder<string, any>; createdBy: string | SQL<unknown> | Placeholder<string, any>; title: string | SQL<unknown> | Placeholder<string, any>; ... 8 more ...; scanConfig?: string | ... 3 more ... | undefined; }[]'.
server/routers/enterpriseSecurity.ts(26,13): error TS18047: 'db' is possibly 'null'.
server/routers/enterpriseSecurity.ts(26,42): error TS2769: No overload matches this call.
  Overload 1 of 2, '(value: { id: string | SQL<unknown> | Placeholder<string, any>; createdBy: string | SQL<unknown> | Placeholder<string, any>; title: string | SQL<unknown> | Placeholder<...>; ... 8 more ...; scanConfig?: string | ... 3 more ... | undefined; }): MySqlInsertBase<...>', gave the following error.
    Object literal may only specify known properties, and 'type' does not exist in type '{ id: string | SQL<unknown> | Placeholder<string, any>; createdBy: string | SQL<unknown> | Placeholder<string, any>; title: string | SQL<unknown> | Placeholder<string, any>; ... 8 more ...; scanConfig?: string | ... 3 more ... | undefined; }'.
  Overload 2 of 2, '(values: { id: string | SQL<unknown> | Placeholder<string, any>; createdBy: string | SQL<unknown> | Placeholder<string, any>; title: string | SQL<unknown> | Placeholder<...>; ... 8 more ...; scanConfig?: string | ... 3 more ... | undefined; }[]): MySqlInsertBase<...>', gave the following error.
    Object literal may only specify known properties, and 'id' does not exist in type '{ id: string | SQL<unknown> | Placeholder<string, any>; createdBy: string | SQL<unknown> | Placeholder<string, any>; title: string | SQL<unknown> | Placeholder<string, any>; ... 8 more ...; scanConfig?: string | ... 3 more ... | undefined; }[]'.
server/routers/enterpriseSecurity.ts(35,13): error TS18047: 'db' is possibly 'null'.
server/routers/enterpriseSecurity.ts(35,42): error TS2769: No overload matches this call.
  Overload 1 of 2, '(value: { id: string | SQL<unknown> | Placeholder<string, any>; createdBy: string | SQL<unknown> | Placeholder<string, any>; title: string | SQL<unknown> | Placeholder<...>; ... 8 more ...; scanConfig?: string | ... 3 more ... | undefined; }): MySqlInsertBase<...>', gave the following error.
    Object literal may only specify known properties, and 'type' does not exist in type '{ id: string | SQL<unknown> | Placeholder<string, any>; createdBy: string | SQL<unknown> | Placeholder<string, any>; title: string | SQL<unknown> | Placeholder<string, any>; ... 8 more ...; scanConfig?: string | ... 3 more ... | undefined; }'.
  Overload 2 of 2, '(values: { id: string | SQL<unknown> | Placeholder<string, any>; createdBy: string | SQL<unknown> | Placeholder<string, any>; title: string | SQL<unknown> | Placeholder<...>; ... 8 more ...; scanConfig?: string | ... 3 more ... | undefined; }[]): MySqlInsertBase<...>', gave the following error.
    Object literal may only specify known properties, and 'id' does not exist in type '{ id: string | SQL<unknown> | Placeholder<string, any>; createdBy: string | SQL<unknown> | Placeholder<string, any>; title: string | SQL<unknown> | Placeholder<string, any>; ... 8 more ...; scanConfig?: string | ... 3 more ... | undefined; }[]'.
server/routers/enterpriseSecurity.ts(43,19): error TS18047: 'db' is possibly 'null'.
server/routers/enterpriseSecurity.ts(45,9): error TS2741: Property 'where' is missing in type 'Omit<import("E:/Nexus360/node_modules/.pnpm/drizzle-orm@0.44.7_mysql2@3.19.1_@types+node@24.12.0_/node_modules/drizzle-orm/mysql-core/query-builders/select").MySqlSelectBase<"security_incidents", { id: import("E:/Nexus360/node_modules/.pnpm/drizzle-orm@0.44.7_mysql2@3.19.1_@types+node@24.12.0_/node_modules/drizzle-o...' but required in type 'Omit<import("E:/Nexus360/node_modules/.pnpm/drizzle-orm@0.44.7_mysql2@3.19.1_@types+node@24.12.0_/node_modules/drizzle-orm/mysql-core/query-builders/select").MySqlSelectBase<"security_incidents", { id: import("E:/Nexus360/node_modules/.pnpm/drizzle-orm@0.44.7_mysql2@3.19.1_@types+node@24.12.0_/node_modules/drizzle-o...'.
server/routers/enterpriseSecurity.ts(45,17): error TS18047: 'db' is possibly 'null'.
server/routers/enterpriseSecurity.ts(55,13): error TS18047: 'db' is possibly 'null'.
server/routers/enterpriseSecurity.ts(55,68): error TS2353: Object literal may only specify known properties, and 'resolution' does not exist in type '{ id?: string | SQL<unknown> | undefined; createdBy?: string | SQL<unknown> | undefined; title?: string | SQL<unknown> | undefined; threatType?: string | SQL<unknown> | undefined; createdAt?: string | ... 2 more ... | undefined; ... 6 more ...; scanConfig?: string | ... 2 more ... | undefined; }'.
server/routers/enterpriseTenants.ts(60,11): error TS2740: Type 'Omit<MySqlSelectBase<"organizations", { id: MySqlColumn<{ name: "id"; tableName: "organizations"; dataType: "string"; columnType: "MySqlVarChar"; data: string; driverParam: string | number; notNull: true; hasDefault: false; ... 6 more ...; generated: undefined; }, {}, {}>; ... 8 more ...; updatedAt: MySqlColumn<...>...' is missing the following properties from type 'MySqlSelectBase<"organizations", { id: MySqlColumn<{ name: "id"; tableName: "organizations"; dataType: "string"; columnType: "MySqlVarChar"; data: string; driverParam: string | number; notNull: true; hasDefault: false; ... 6 more ...; generated: undefined; }, {}, {}>; ... 8 more ...; updatedAt: MySqlColumn<...>; }, ...': createIterator, config, joinsNotNullableMap, tableName, and 6 more.
server/routers/enterpriseTenants.ts(70,11): error TS2740: Type 'Omit<MySqlSelectBase<"organizations", { id: MySqlColumn<{ name: "id"; tableName: "organizations"; dataType: "string"; columnType: "MySqlVarChar"; data: string; driverParam: string | number; notNull: true; hasDefault: false; ... 6 more ...; generated: undefined; }, {}, {}>; ... 8 more ...; updatedAt: MySqlColumn<...>...' is missing the following properties from type 'MySqlSelectBase<"organizations", { id: MySqlColumn<{ name: "id"; tableName: "organizations"; dataType: "string"; columnType: "MySqlVarChar"; data: string; driverParam: string | number; notNull: true; hasDefault: false; ... 6 more ...; generated: undefined; }, {}, {}>; ... 8 more ...; updatedAt: MySqlColumn<...>; }, ...': createIterator, config, joinsNotNullableMap, tableName, and 6 more.
server/routers/enterpriseTenants.ts(74,11): error TS2740: Type 'Omit<MySqlSelectBase<"organizations", { id: MySqlColumn<{ name: "id"; tableName: "organizations"; dataType: "string"; columnType: "MySqlVarChar"; data: string; driverParam: string | number; notNull: true; hasDefault: false; ... 6 more ...; generated: undefined; }, {}, {}>; ... 8 more ...; updatedAt: MySqlColumn<...>...' is missing the following properties from type 'MySqlSelectBase<"organizations", { id: MySqlColumn<{ name: "id"; tableName: "organizations"; dataType: "string"; columnType: "MySqlVarChar"; data: string; driverParam: string | number; notNull: true; hasDefault: false; ... 6 more ...; generated: undefined; }, {}, {}>; ... 8 more ...; updatedAt: MySqlColumn<...>; }, ...': createIterator, config, joinsNotNullableMap, tableName, and 6 more.
server/routers/enterpriseTenants.ts(86,9): error TS2740: Type 'Omit<MySqlSelectBase<"organizations", { id: MySqlColumn<{ name: "id"; tableName: "organizations"; dataType: "string"; columnType: "MySqlVarChar"; data: string; driverParam: string | number; notNull: true; hasDefault: false; ... 6 more ...; generated: undefined; }, {}, {}>; ... 8 more ...; updatedAt: MySqlColumn<...>...' is missing the following properties from type 'MySqlSelectBase<"organizations", { id: MySqlColumn<{ name: "id"; tableName: "organizations"; dataType: "string"; columnType: "MySqlVarChar"; data: string; driverParam: string | number; notNull: true; hasDefault: false; ... 6 more ...; generated: undefined; }, {}, {}>; ... 8 more ...; updatedAt: MySqlColumn<...>; }, ...': createIterator, config, joinsNotNullableMap, tableName, and 6 more.
server/routers/enterpriseTenants.ts(152,32): error TS2769: No overload matches this call.
  Overload 1 of 4, '(value: string | number | Date): Date', gave the following error.
    Argument of type 'string | null' is not assignable to parameter of type 'string | number | Date'.
      Type 'null' is not assignable to type 'string | number | Date'.
  Overload 2 of 4, '(value: string | number): Date', gave the following error.
    Argument of type 'string | null' is not assignable to parameter of type 'string | number'.
      Type 'null' is not assignable to type 'string | number'.
server/routers/enterpriseTenants.ts(152,66): error TS2769: No overload matches this call.
  Overload 1 of 4, '(value: string | number | Date): Date', gave the following error.
    Argument of type 'string | null' is not assignable to parameter of type 'string | number | Date'.
      Type 'null' is not assignable to type 'string | number | Date'.
  Overload 2 of 4, '(value: string | number): Date', gave the following error.
    Argument of type 'string | null' is not assignable to parameter of type 'string | number'.
      Type 'null' is not assignable to type 'string | number'.
server/routers/executiveDashboard.ts(18,83): error TS2554: Expected 1 arguments, but got 2.
server/routers/executiveDashboard.ts(19,83): error TS2554: Expected 1 arguments, but got 2.
server/routers/executiveSuite.ts(20,26): error TS18047: 'db' is possibly 'null'.
server/routers/executiveSuite.ts(42,26): error TS18047: 'db' is possibly 'null'.
server/routers/executiveSuite.ts(67,13): error TS18047: 'db' is possibly 'null'.
server/routers/executiveSuite.ts(92,26): error TS18047: 'db' is possibly 'null'.
server/routers/executiveSuite.ts(114,26): error TS18047: 'db' is possibly 'null'.
server/routers/executiveSuite.ts(136,26): error TS18047: 'db' is possibly 'null'.
server/routers/executiveSuite.ts(160,26): error TS18047: 'db' is possibly 'null'.
server/routers/expenses.ts(650,36): error TS2339: Property 'fn' does not exist on type 'MySql2Database<Record<string, unknown>> & { $client: Pool; }'.
server/routers/expenses.ts(651,42): error TS2339: Property 'fn' does not exist on type 'MySql2Database<Record<string, unknown>> & { $client: Pool; }'.
server/routers/expenses.ts(657,11): error TS2741: Property 'where' is missing in type 'Omit<import("E:/Nexus360/node_modules/.pnpm/drizzle-orm@0.44.7_mysql2@3.19.1_@types+node@24.12.0_/node_modules/drizzle-orm/mysql-core/query-builders/select").MySqlSelectBase<"budgetAllocations", { allocationId: import("E:/Nexus360/node_modules/.pnpm/drizzle-orm@0.44.7_mysql2@3.19.1_@types+node@24.12.0_/node_modules/...' but required in type 'Omit<import("E:/Nexus360/node_modules/.pnpm/drizzle-orm@0.44.7_mysql2@3.19.1_@types+node@24.12.0_/node_modules/drizzle-orm/mysql-core/query-builders/select").MySqlSelectBase<"budgetAllocations", { allocationId: import("E:/Nexus360/node_modules/.pnpm/drizzle-orm@0.44.7_mysql2@3.19.1_@types+node@24.12.0_/node_modules/...'.
server/routers/fileStorage.ts(58,17): error TS18047: 'db' is possibly 'null'.
server/routers/fileStorage.ts(59,17): error TS18047: 'db' is possibly 'null'.
server/routers/fileStorage.ts(112,13): error TS18047: 'db' is possibly 'null'.
server/routers/fileStorage.ts(139,26): error TS18047: 'db' is possibly 'null'.
server/routers/fileStorage.ts(159,13): error TS18047: 'db' is possibly 'null'.
server/routers/fileStorage.ts(171,26): error TS18047: 'db' is possibly 'null'.
server/routers/fileStorage.ts(193,26): error TS18047: 'db' is possibly 'null'.
server/routers/fileStorage.ts(196,13): error TS18047: 'db' is possibly 'null'.
server/routers/finance.ts(21,16): error TS2339: Property 'setSetting' does not exist on type 'MySql2Database<Record<string, unknown>> & { $client: Pool; }'.
server/routers/finance.ts(22,16): error TS2339: Property 'setSetting' does not exist on type 'MySql2Database<Record<string, unknown>> & { $client: Pool; }'.
server/routers/finance.ts(31,28): error TS2339: Property 'getSetting' does not exist on type 'MySql2Database<Record<string, unknown>> & { $client: Pool; }'.
server/routers/finance.ts(32,28): error TS2339: Property 'getSetting' does not exist on type 'MySql2Database<Record<string, unknown>> & { $client: Pool; }'.
server/routers/finance.ts(48,16): error TS2339: Property 'logActivity' does not exist on type 'MySql2Database<Record<string, unknown>> & { $client: Pool; }'.
server/routers/finance.ts(59,77): error TS2339: Property 'like' does not exist on type 'MySqlColumn<{ name: "notes"; tableName: "journalEntryReconciliations"; dataType: "string"; columnType: "MySqlText"; data: string; driverParam: string; notNull: false; hasDefault: false; isPrimaryKey: false; ... 5 more ...; generated: undefined; }, {}, {}>'.
server/routers/finance.ts(89,16): error TS2339: Property 'logActivity' does not exist on type 'MySql2Database<Record<string, unknown>> & { $client: Pool; }'.
server/routers/finance.ts(99,16): error TS2339: Property 'logActivity' does not exist on type 'MySql2Database<Record<string, unknown>> & { $client: Pool; }'.
server/routers/finance.ts(108,33): error TS2339: Property 'getSettingsByCategory' does not exist on type 'MySql2Database<Record<string, unknown>> & { $client: Pool; }'.
server/routers/finance.ts(119,16): error TS2339: Property 'logActivity' does not exist on type 'MySql2Database<Record<string, unknown>> & { $client: Pool; }'.
server/routers/finance.ts(128,28): error TS2339: Property 'getDefaultSetting' does not exist on type 'MySql2Database<Record<string, unknown>> & { $client: Pool; }'.
server/routers/finance.ts(129,28): error TS2339: Property 'getDefaultSetting' does not exist on type 'MySql2Database<Record<string, unknown>> & { $client: Pool; }'.
server/routers/finance.ts(139,33): error TS2339: Property 'getSettingsByCategory' does not exist on type 'MySql2Database<Record<string, unknown>> & { $client: Pool; }'.
server/routers/finance.ts(171,34): error TS2339: Property 'getInvoice' does not exist on type 'MySql2Database<Record<string, unknown>> & { $client: Pool; }'.
server/routers/finance.ts(177,42): error TS2339: Property 'getReceiptByInvoiceId' does not exist on type 'MySql2Database<Record<string, unknown>> & { $client: Pool; }'.
server/routers/finance.ts(190,34): error TS2339: Property 'createReceipt' does not exist on type 'MySql2Database<Record<string, unknown>> & { $client: Pool; }'.
server/routers/finance.ts(201,18): error TS2339: Property 'logActivity' does not exist on type 'MySql2Database<Record<string, unknown>> & { $client: Pool; }'.
server/routers/finance.ts(211,20): error TS2339: Property 'createCommunication' does not exist on type 'MySql2Database<Record<string, unknown>> & { $client: Pool; }'.
server/routers/finance.ts(250,31): error TS2339: Property 'getUserById' does not exist on type 'MySql2Database<Record<string, unknown>> & { $client: Pool; }'.
server/routers/finance.ts(255,35): error TS2339: Property 'getClientReceipts' does not exist on type 'MySql2Database<Record<string, unknown>> & { $client: Pool; }'.
server/routers/finance.ts(256,32): error TS2339: Property 'getClientReceiptCount' does not exist on type 'MySql2Database<Record<string, unknown>> & { $client: Pool; }'.
server/routers/finance.ts(286,34): error TS2339: Property 'getReceiptById' does not exist on type 'MySql2Database<Record<string, unknown>> & { $client: Pool; }'.
server/routers/finance.ts(292,18): error TS2339: Property 'logActivity' does not exist on type 'MySql2Database<Record<string, unknown>> & { $client: Pool; }'.
server/routers/financialReporting.ts(17,31): error TS2339: Property 'getInvoicesByDateRange' does not exist on type 'MySql2Database<Record<string, unknown>> & { $client: Pool; }'.
server/routers/financialReporting.ts(18,43): error TS7006: Parameter 'sum' implicitly has an 'any' type.
server/routers/financialReporting.ts(18,48): error TS7006: Parameter 'inv' implicitly has an 'any' type.
server/routers/financialReporting.ts(21,31): error TS2339: Property 'getExpensesByDateRange' does not exist on type 'MySql2Database<Record<string, unknown>> & { $client: Pool; }'.
server/routers/financialReporting.ts(22,44): error TS7006: Parameter 'sum' implicitly has an 'any' type.
server/routers/financialReporting.ts(22,49): error TS7006: Parameter 'exp' implicitly has an 'any' type.
server/routers/financialReporting.ts(25,31): error TS2339: Property 'getProjectsByDateRange' does not exist on type 'MySql2Database<Record<string, unknown>> & { $client: Pool; }'.
server/routers/financialReporting.ts(26,35): error TS7006: Parameter 'sum' implicitly has an 'any' type.
server/routers/financialReporting.ts(26,40): error TS7006: Parameter 'proj' implicitly has an 'any' type.
server/routers/financialReporting.ts(37,41): error TS2339: Property 'getExpensesByCategory' does not exist on type 'MySql2Database<Record<string, unknown>> & { $client: Pool; }'.
server/routers/financialReporting.ts(74,33): error TS2339: Property 'getInvoicesByDateRange' does not exist on type 'MySql2Database<Record<string, unknown>> & { $client: Pool; }'.
server/routers/financialReporting.ts(75,48): error TS7006: Parameter 'sum' implicitly has an 'any' type.
server/routers/financialReporting.ts(75,53): error TS7006: Parameter 'inv' implicitly has an 'any' type.
server/routers/financialReporting.ts(78,33): error TS2339: Property 'getExpensesByDateRange' does not exist on type 'MySql2Database<Record<string, unknown>> & { $client: Pool; }'.
server/routers/financialReporting.ts(79,49): error TS7006: Parameter 'sum' implicitly has an 'any' type.
server/routers/financialReporting.ts(79,54): error TS7006: Parameter 'exp' implicitly has an 'any' type.
server/routers/financialReporting.ts(106,31): error TS2339: Property 'getInvoicesByStatus' does not exist on type 'MySql2Database<Record<string, unknown>> & { $client: Pool; }'.
server/routers/financialReporting.ts(244,16): error TS2872: This kind of expression is always truthy.
server/routers/financialReporting.ts(274,33): error TS2339: Property 'getInvoicesByStatus' does not exist on type 'MySql2Database<Record<string, unknown>> & { $client: Pool; }'.
server/routers/financialReporting.ts(328,35): error TS2339: Property 'getTaxDeductibleExpenses' does not exist on type 'MySql2Database<Record<string, unknown>> & { $client: Pool; }'.
server/routers/financialReporting.ts(330,40): error TS7006: Parameter 'sum' implicitly has an 'any' type.
server/routers/financialReporting.ts(330,45): error TS7006: Parameter 'exp' implicitly has an 'any' type.
server/routers/financialReporting.ts(349,34): error TS2339: Property 'getRevenueByClient' does not exist on type 'MySql2Database<Record<string, unknown>> & { $client: Pool; }'.
server/routers/financialReporting.ts(367,34): error TS2339: Property 'getRevenueByProject' does not exist on type 'MySql2Database<Record<string, unknown>> & { $client: Pool; }'.
server/routers/financialReports.ts(40,13): error TS2769: No overload matches this call.
  Overload 1 of 3, '(left: MySqlColumn<{ name: "status"; tableName: "expenses"; dataType: "string"; columnType: "MySqlEnumColumn"; data: "pending" | "rejected" | "approved" | "paid"; driverParam: string; notNull: true; ... 7 more ...; generated: undefined; }, {}, {}>, right: SQLWrapper | ... 3 more ... | "paid"): SQL<...>', gave the following error.
    Argument of type '"cancelled"' is not assignable to parameter of type 'SQLWrapper | "pending" | "rejected" | "approved" | "paid"'.
  Overload 2 of 3, '(left: Aliased<string>, right: string | SQLWrapper): SQL<unknown>', gave the following error.
    Argument of type 'MySqlColumn<{ name: "status"; tableName: "expenses"; dataType: "string"; columnType: "MySqlEnumColumn"; data: "pending" | "rejected" | "approved" | "paid"; driverParam: string; notNull: true; hasDefault: true; ... 6 more ...; generated: undefined; }, {}, {}>' is not assignable to parameter of type 'Aliased<string>'.
      Type 'MySqlColumn<{ name: "status"; tableName: "expenses"; dataType: "string"; columnType: "MySqlEnumColumn"; data: "pending" | "rejected" | "approved" | "paid"; driverParam: string; notNull: true; hasDefault: true; ... 6 more ...; generated: undefined; }, {}, {}>' is missing the following properties from type 'Aliased<string>': sql, fieldAlias
  Overload 3 of 3, '(left: never, right: unknown): SQL<unknown>', gave the following error.
    Argument of type 'MySqlColumn<{ name: "status"; tableName: "expenses"; dataType: "string"; columnType: "MySqlEnumColumn"; data: "pending" | "rejected" | "approved" | "paid"; driverParam: string; notNull: true; hasDefault: true; ... 6 more ...; generated: undefined; }, {}, {}>' is not assignable to parameter of type 'never'.
server/routers/financialReports.ts(55,11): error TS2322: Type '{ type: "asset" | "liability" | "equity" | "revenue" | "expense" | "cost of goods sold" | "operating expense" | "capital expenditure" | "other income" | "other expense"; balance: number | null; }[]' is not assignable to type '{ type: string; balance: number; }[]'.
  Type '{ type: "asset" | "liability" | "equity" | "revenue" | "expense" | "cost of goods sold" | "operating expense" | "capital expenditure" | "other income" | "other expense"; balance: number | null; }' is not assignable to type '{ type: string; balance: number; }'.
    Types of property 'balance' are incompatible.
      Type 'number | null' is not assignable to type 'number'.
        Type 'null' is not assignable to type 'number'.
server/routers/forecasting.ts(19,82): error TS2554: Expected 1 arguments, but got 2.
server/routers/forecasting.ts(20,82): error TS2554: Expected 1 arguments, but got 2.
server/routers/globalFeatures.ts(17,13): error TS18047: 'db' is possibly 'null'.
server/routers/globalFeatures.ts(26,13): error TS18047: 'db' is possibly 'null'.
server/routers/globalFeatures.ts(35,13): error TS18047: 'db' is possibly 'null'.
server/routers/globalFeatures.ts(55,17): error TS18047: 'db' is possibly 'null'.
server/routers/globalFeatures.ts(57,17): error TS18047: 'db' is possibly 'null'.
server/routers/health.ts(34,35): error TS2339: Property 'raw' does not exist on type 'MySql2Database<Record<string, unknown>> & { $client: Pool; }'.
server/routers/health.ts(45,41): error TS2339: Property 'raw' does not exist on type 'MySql2Database<Record<string, unknown>> & { $client: Pool; }'.
server/routers/health.ts(82,31): error TS2339: Property 'raw' does not exist on type 'MySql2Database<Record<string, unknown>> & { $client: Pool; }'.
server/routers/holidays.ts(99,34): error TS2339: Property 'length' does not exist on type 'QueryResult'.
  Property 'length' does not exist on type 'ResultSetHeader'.
server/routers/holidays.ts(99,61): error TS7053: Element implicitly has an 'any' type because expression of type '0' can't be used to index type 'QueryResult'.
  Property '0' does not exist on type 'QueryResult'.
server/routers/hrAnalytics.ts(146,50): error TS2339: Property 'attendanceDate' does not exist on type 'MySqlTableWithColumns<{ name: "attendance"; schema: undefined; columns: { id: MySqlColumn<{ name: "id"; tableName: "attendance"; dataType: "string"; columnType: "MySqlVarChar"; data: string; driverParam: string | number; notNull: true; ... 7 more ...; generated: undefined; }, {}, {}>; ... 7 more ...; createdAt: MySq...'.
server/routers/hrAnalytics.ts(257,50): error TS2339: Property 'attendanceDate' does not exist on type 'MySqlTableWithColumns<{ name: "attendance"; schema: undefined; columns: { id: MySqlColumn<{ name: "id"; tableName: "attendance"; dataType: "string"; columnType: "MySqlVarChar"; data: string; driverParam: string | number; notNull: true; ... 7 more ...; generated: undefined; }, {}, {}>; ... 7 more ...; createdAt: MySq...'.
server/routers/ictManagement.ts(130,11): error TS2740: Type 'Omit<MySqlSelectBase<"systemLogs", { id: MySqlColumn<{ name: "id"; tableName: "systemLogs"; dataType: "string"; columnType: "MySqlVarChar"; data: string; driverParam: string | number; notNull: true; hasDefault: false; ... 6 more ...; generated: undefined; }, {}, {}>; ... 10 more ...; createdAt: MySqlColumn<...>; }, ...' is missing the following properties from type 'MySqlSelectBase<"systemLogs", { id: MySqlColumn<{ name: "id"; tableName: "systemLogs"; dataType: "string"; columnType: "MySqlVarChar"; data: string; driverParam: string | number; notNull: true; hasDefault: false; ... 6 more ...; generated: undefined; }, {}, {}>; ... 10 more ...; createdAt: MySqlColumn<...>; }, ... 6...': createIterator, config, joinsNotNullableMap, tableName, and 6 more.
server/routers/ictManagement.ts(160,27): error TS2769: No overload matches this call.
  Overload 1 of 2, '(def: { limit: number; organizationId?: string | undefined; }): ZodDefault<ZodOptional<ZodObject<{ organizationId: ZodOptional<ZodString>; limit: ZodDefault<ZodNumber>; }, $strip>>>', gave the following error.
    Argument of type '{}' is not assignable to parameter of type '{ limit: number; organizationId?: string | undefined; }'.
      Property 'limit' is missing in type '{}' but required in type '{ limit: number; organizationId?: string | undefined; }'.
  Overload 2 of 2, '(def: () => { limit: number; organizationId?: string | undefined; }): ZodDefault<ZodOptional<ZodObject<{ organizationId: ZodOptional<ZodString>; limit: ZodDefault<ZodNumber>; }, $strip>>>', gave the following error.
    Argument of type '{}' is not assignable to parameter of type '() => { limit: number; organizationId?: string | undefined; }'.
      Type '{}' provides no match for the signature '(): { limit: number; organizationId?: string | undefined; }'.
server/routers/ictManagement.ts(194,11): error TS2741: Property 'where' is missing in type 'Omit<import("E:/Nexus360/node_modules/.pnpm/drizzle-orm@0.44.7_mysql2@3.19.1_@types+node@24.12.0_/node_modules/drizzle-orm/mysql-core/query-builders/select").MySqlSelectBase<"activeSessions", { id: import("E:/Nexus360/node_modules/.pnpm/drizzle-orm@0.44.7_mysql2@3.19.1_@types+node@24.12.0_/node_modules/drizzle-orm/m...' but required in type 'Omit<import("E:/Nexus360/node_modules/.pnpm/drizzle-orm@0.44.7_mysql2@3.19.1_@types+node@24.12.0_/node_modules/drizzle-orm/mysql-core/query-builders/select").MySqlSelectBase<"activeSessions", { id: import("E:/Nexus360/node_modules/.pnpm/drizzle-orm@0.44.7_mysql2@3.19.1_@types+node@24.12.0_/node_modules/drizzle-orm/m...'.
server/routers/ictManagement.ts(248,26): error TS2339: Property 'ipAddress' does not exist on type '{ user: any; req: Request<ParamsDictionary, any, any, ParsedQs, Record<string, any>>; res: Response<any, Record<string, any>>; }'.
server/routers/ictManagement.ts(280,11): error TS2741: Property 'where' is missing in type 'Omit<import("E:/Nexus360/node_modules/.pnpm/drizzle-orm@0.44.7_mysql2@3.19.1_@types+node@24.12.0_/node_modules/drizzle-orm/mysql-core/query-builders/select").MySqlSelectBase<"emailQueue", { status: import("E:/Nexus360/node_modules/.pnpm/drizzle-orm@0.44.7_mysql2@3.19.1_@types+node@24.12.0_/node_modules/drizzle-orm/m...' but required in type 'Omit<import("E:/Nexus360/node_modules/.pnpm/drizzle-orm@0.44.7_mysql2@3.19.1_@types+node@24.12.0_/node_modules/drizzle-orm/mysql-core/query-builders/select").MySqlSelectBase<"emailQueue", { status: import("E:/Nexus360/node_modules/.pnpm/drizzle-orm@0.44.7_mysql2@3.19.1_@types+node@24.12.0_/node_modules/drizzle-orm/m...'.
server/routers/ictManagement.ts(280,45): error TS2339: Property 'organizationId' does not exist on type 'MySqlTableWithColumns<{ name: "emailQueue"; schema: undefined; columns: { id: MySqlColumn<{ name: "id"; tableName: "emailQueue"; dataType: "string"; columnType: "MySqlVarChar"; data: string; driverParam: string | number; notNull: true; ... 7 more ...; generated: undefined; }, {}, {}>; ... 18 more ...; updatedAt: MyS...'.
server/routers/ictManagement.ts(282,11): error TS2741: Property 'where' is missing in type 'Omit<import("E:/Nexus360/node_modules/.pnpm/drizzle-orm@0.44.7_mysql2@3.19.1_@types+node@24.12.0_/node_modules/drizzle-orm/mysql-core/query-builders/select").MySqlSelectBase<"emailQueue", { status: import("E:/Nexus360/node_modules/.pnpm/drizzle-orm@0.44.7_mysql2@3.19.1_@types+node@24.12.0_/node_modules/drizzle-orm/m...' but required in type 'Omit<import("E:/Nexus360/node_modules/.pnpm/drizzle-orm@0.44.7_mysql2@3.19.1_@types+node@24.12.0_/node_modules/drizzle-orm/mysql-core/query-builders/select").MySqlSelectBase<"emailQueue", { status: import("E:/Nexus360/node_modules/.pnpm/drizzle-orm@0.44.7_mysql2@3.19.1_@types+node@24.12.0_/node_modules/drizzle-orm/m...'.
server/routers/ictManagement.ts(282,45): error TS2339: Property 'organizationId' does not exist on type 'MySqlTableWithColumns<{ name: "emailQueue"; schema: undefined; columns: { id: MySqlColumn<{ name: "id"; tableName: "emailQueue"; dataType: "string"; columnType: "MySqlVarChar"; data: string; driverParam: string | number; notNull: true; ... 7 more ...; generated: undefined; }, {}, {}>; ... 18 more ...; updatedAt: MyS...'.
server/routers/ictManagement.ts(296,39): error TS2339: Property 'where' does not exist on type 'Omit<MySqlSelectBase<"emailQueue", { id: MySqlColumn<{ name: "id"; tableName: "emailQueue"; dataType: "string"; columnType: "MySqlVarChar"; data: string; driverParam: string | number; notNull: true; hasDefault: false; ... 6 more ...; generated: undefined; }, {}, {}>; ... 18 more ...; updatedAt: MySqlColumn<...>; }, ...'.
server/routers/ictManagement.ts(296,59): error TS2339: Property 'organizationId' does not exist on type 'MySqlTableWithColumns<{ name: "emailQueue"; schema: undefined; columns: { id: MySqlColumn<{ name: "id"; tableName: "emailQueue"; dataType: "string"; columnType: "MySqlVarChar"; data: string; driverParam: string | number; notNull: true; ... 7 more ...; generated: undefined; }, {}, {}>; ... 18 more ...; updatedAt: MyS...'.
server/routers/ictManagement.ts(298,39): error TS2339: Property 'where' does not exist on type 'Omit<MySqlSelectBase<"emailQueue", { id: MySqlColumn<{ name: "id"; tableName: "emailQueue"; dataType: "string"; columnType: "MySqlVarChar"; data: string; driverParam: string | number; notNull: true; hasDefault: false; ... 6 more ...; generated: undefined; }, {}, {}>; ... 18 more ...; updatedAt: MySqlColumn<...>; }, ...'.
server/routers/ictManagement.ts(298,59): error TS2339: Property 'organizationId' does not exist on type 'MySqlTableWithColumns<{ name: "emailQueue"; schema: undefined; columns: { id: MySqlColumn<{ name: "id"; tableName: "emailQueue"; dataType: "string"; columnType: "MySqlVarChar"; data: string; driverParam: string | number; notNull: true; ... 7 more ...; generated: undefined; }, {}, {}>; ... 18 more ...; updatedAt: MyS...'.
server/routers/ictManagement.ts(340,40): error TS2339: Property 'organizationId' does not exist on type 'MySqlTableWithColumns<{ name: "auditLogs"; schema: undefined; columns: { id: MySqlColumn<{ name: "id"; tableName: "auditLogs"; dataType: "string"; columnType: "MySqlVarChar"; data: string; driverParam: string | number; notNull: true; ... 7 more ...; generated: undefined; }, {}, {}>; ... 7 more ...; createdAt: MySqlC...'.
server/routers/ictManagement.ts(342,40): error TS2339: Property 'organizationId' does not exist on type 'MySqlTableWithColumns<{ name: "auditLogs"; schema: undefined; columns: { id: MySqlColumn<{ name: "id"; tableName: "auditLogs"; dataType: "string"; columnType: "MySqlVarChar"; data: string; driverParam: string | number; notNull: true; ... 7 more ...; generated: undefined; }, {}, {}>; ... 7 more ...; createdAt: MySqlC...'.
server/routers/ictManagement.ts(346,11): error TS2740: Type 'Omit<MySqlSelectBase<"auditLogs", { id: MySqlColumn<{ name: "id"; tableName: "auditLogs"; dataType: "string"; columnType: "MySqlVarChar"; data: string; driverParam: string | number; notNull: true; hasDefault: false; ... 6 more ...; generated: undefined; }, {}, {}>; ... 7 more ...; createdAt: MySqlColumn<...>; }, ......' is missing the following properties from type 'MySqlSelectBase<"auditLogs", { id: MySqlColumn<{ name: "id"; tableName: "auditLogs"; dataType: "string"; columnType: "MySqlVarChar"; data: string; driverParam: string | number; notNull: true; hasDefault: false; isPrimaryKey: true; ... 5 more ...; generated: undefined; }, {}, {}>; ... 7 more ...; createdAt: MySqlColu...': createIterator, config, joinsNotNullableMap, tableName, and 6 more.
server/routers/ictManagement.ts(379,39): error TS2339: Property 'users' does not exist on type '{}'.
server/routers/importExcel.ts(77,34): error TS18047: 'db' is possibly 'null'.
server/routers/importExcel.ts(90,17): error TS18047: 'db' is possibly 'null'.
server/routers/importExcel.ts(144,36): error TS18047: 'db' is possibly 'null'.
server/routers/importExcel.ts(158,17): error TS18047: 'db' is possibly 'null'.
server/routers/importExcel.ts(221,34): error TS18047: 'db' is possibly 'null'.
server/routers/importExcel.ts(224,32): error TS2339: Property 'serviceName' does not exist on type 'MySqlTableWithColumns<{ name: "services"; schema: undefined; columns: { id: MySqlColumn<{ name: "id"; tableName: "services"; dataType: "string"; columnType: "MySqlVarChar"; data: string; driverParam: string | number; notNull: true; ... 7 more ...; generated: undefined; }, {}, {}>; ... 12 more ...; updatedAt: MySqlCo...'.
server/routers/importExcel.ts(234,17): error TS18047: 'db' is possibly 'null'.
server/routers/importExport.ts(351,44): error TS2769: No overload matches this call.
  Overload 1 of 2, '(value: { id: string | SQL<unknown> | Placeholder<string, any>; employeeNumber: string | SQL<unknown> | Placeholder<string, any>; firstName: string | SQL<unknown> | Placeholder<...>; ... 32 more ...; photoUrl?: string | ... 3 more ... | undefined; }): MySqlInsertBase<...>', gave the following error.
    Type '"active" | "inactive" | "on_leave" | "terminated"' is not assignable to type 'SQL<unknown> | "active" | "on_leave" | "terminated" | "suspended" | Placeholder<string, any> | undefined'.
      Type '"inactive"' is not assignable to type 'SQL<unknown> | "active" | "on_leave" | "terminated" | "suspended" | Placeholder<string, any> | undefined'. Did you mean '"active"'?
  Overload 2 of 2, '(values: { id: string | SQL<unknown> | Placeholder<string, any>; employeeNumber: string | SQL<unknown> | Placeholder<string, any>; firstName: string | SQL<unknown> | Placeholder<...>; ... 32 more ...; photoUrl?: string | ... 3 more ... | undefined; }[]): MySqlInsertBase<...>', gave the following error.
    Object literal may only specify known properties, and 'id' does not exist in type '{ id: string | SQL<unknown> | Placeholder<string, any>; employeeNumber: string | SQL<unknown> | Placeholder<string, any>; firstName: string | SQL<unknown> | Placeholder<...>; ... 32 more ...; photoUrl?: string | ... 3 more ... | undefined; }[]'.
server/routers/importExport.ts(451,16): error TS2339: Property 'where' does not exist on type 'Omit<MySqlSelectBase<"payroll", { id: MySqlColumn<{ name: "id"; tableName: "payroll"; dataType: "string"; columnType: "MySqlVarChar"; data: string; driverParam: string | number; notNull: true; hasDefault: false; isPrimaryKey: true; ... 5 more ...; generated: undefined; }, {}, {}>; ... 14 more ...; updatedAt: MySqlCo...'.
server/routers/importExport.ts(520,19): error TS2304: Cannot find name 'database'.
server/routers/importExport.ts(701,44): error TS2769: No overload matches this call.
  Overload 1 of 2, '(value: { id: string | SQL<unknown> | Placeholder<string, any>; companyName: string | SQL<unknown> | Placeholder<string, any>; supplierNumber: string | SQL<...> | Placeholder<...>; ... 35 more ...; accountManagerId?: string | ... 3 more ... | undefined; }): MySqlInsertBase<...>', gave the following error.
    Object literal may only specify known properties, and 'altPhone' does not exist in type '{ id: string | SQL<unknown> | Placeholder<string, any>; companyName: string | SQL<unknown> | Placeholder<string, any>; supplierNumber: string | SQL<unknown> | Placeholder<...>; ... 35 more ...; accountManagerId?: string | ... 3 more ... | undefined; }'.
  Overload 2 of 2, '(values: { id: string | SQL<unknown> | Placeholder<string, any>; companyName: string | SQL<unknown> | Placeholder<string, any>; supplierNumber: string | SQL<...> | Placeholder<...>; ... 35 more ...; accountManagerId?: string | ... 3 more ... | undefined; }[]): MySqlInsertBase<...>', gave the following error.
    Object literal may only specify known properties, and 'id' does not exist in type '{ id: string | SQL<unknown> | Placeholder<string, any>; companyName: string | SQL<unknown> | Placeholder<string, any>; supplierNumber: string | SQL<unknown> | Placeholder<...>; ... 35 more ...; accountManagerId?: string | ... 3 more ... | undefined; }[]'.
server/routers/importExport.ts(763,13): error TS2339: Property 'altPhone' does not exist on type '{ id: string; organizationId: string | null; supplierNumber: string; companyName: string; registrationNumber: string | null; taxId: string | null; contactPerson: string | null; contactTitle: string | null; ... 30 more ...; updatedAt: string | null; }'.
server/routers/importExport.ts(767,13): error TS2339: Property 'taxIdPin' does not exist on type '{ id: string; organizationId: string | null; supplierNumber: string; companyName: string; registrationNumber: string | null; taxId: string | null; contactPerson: string | null; contactTitle: string | null; ... 30 more ...; updatedAt: string | null; }'.
server/routers/importValidation.ts(88,11): error TS2322: Type 'ZodObject<{ name: ZodString; email: ZodOptional<ZodString>; phone: ZodOptional<ZodString>; address: ZodOptional<ZodString>; currency: ZodOptional<...>; }, $strip>' is not assignable to type 'ZodObject<{ firstName: ZodString; lastName: ZodString; email: ZodString; phone: ZodOptional<ZodString>; departmentId: ZodOptional<ZodString>; position: ZodOptional<...>; hireDate: ZodOptional<...>; salary: ZodOptional<...>; }, $strip>'.
  Type '{ name: ZodString; email: ZodOptional<ZodString>; phone: ZodOptional<ZodString>; address: ZodOptional<ZodString>; currency: ZodOptional<...>; }' is missing the following properties from type '{ firstName: ZodString; lastName: ZodString; email: ZodString; phone: ZodOptional<ZodString>; departmentId: ZodOptional<ZodString>; position: ZodOptional<...>; hireDate: ZodOptional<...>; salary: ZodOptional<...>; }': firstName, lastName, departmentId, position, and 2 more.
server/routers/importValidation.ts(90,11): error TS2322: Type 'ZodObject<{ productName: ZodString; description: ZodOptional<ZodString>; unitPrice: ZodNumber; quantity: ZodOptional<ZodNumber>; sku: ZodOptional<...>; }, $strip>' is not assignable to type 'ZodObject<{ firstName: ZodString; lastName: ZodString; email: ZodString; phone: ZodOptional<ZodString>; departmentId: ZodOptional<ZodString>; position: ZodOptional<...>; hireDate: ZodOptional<...>; salary: ZodOptional<...>; }, $strip>'.
  Type '{ productName: ZodString; description: ZodOptional<ZodString>; unitPrice: ZodNumber; quantity: ZodOptional<ZodNumber>; sku: ZodOptional<...>; }' is missing the following properties from type '{ firstName: ZodString; lastName: ZodString; email: ZodString; phone: ZodOptional<ZodString>; departmentId: ZodOptional<ZodString>; position: ZodOptional<...>; hireDate: ZodOptional<...>; salary: ZodOptional<...>; }': firstName, lastName, email, phone, and 4 more.
server/routers/importValidation.ts(98,26): error TS2339: Property 'errors' does not exist on type 'ZodError<{ firstName: string; lastName: string; email: string; phone?: string | undefined; departmentId?: string | undefined; position?: string | undefined; hireDate?: string | undefined; salary?: number | undefined; }>'.
server/routers/importValidation.ts(98,42): error TS7006: Parameter 'err' implicitly has an 'any' type.
server/routers/importValidation.ts(189,32): error TS2339: Property 'raw' does not exist on type 'MySql2Database<Record<string, unknown>> & { $client: Pool; }'.
server/routers/importValidation.ts(212,32): error TS2339: Property 'raw' does not exist on type 'MySql2Database<Record<string, unknown>> & { $client: Pool; }'.
server/routers/importValidation.ts(232,32): error TS2339: Property 'raw' does not exist on type 'MySql2Database<Record<string, unknown>> & { $client: Pool; }'.
server/routers/importValidation.ts(304,45): error TS2339: Property 'raw' does not exist on type 'MySql2Database<Record<string, unknown>> & { $client: Pool; }'.
server/routers/importValidation.ts(320,45): error TS2339: Property 'raw' does not exist on type 'MySql2Database<Record<string, unknown>> & { $client: Pool; }'.
server/routers/importValidation.ts(336,45): error TS2339: Property 'raw' does not exist on type 'MySql2Database<Record<string, unknown>> & { $client: Pool; }'.
server/routers/importValidation.ts(375,40): error TS2339: Property 'raw' does not exist on type 'MySql2Database<Record<string, unknown>> & { $client: Pool; }'.
server/routers/imprestSurrender.ts(17,61): error TS2339: Property 'surrenderNumber' does not exist on type 'MySqlTableWithColumns<{ name: "imprestSurrenders"; schema: undefined; columns: { id: MySqlColumn<{ name: "id"; tableName: "imprestSurrenders"; dataType: "string"; columnType: "MySqlVarChar"; data: string; driverParam: string | number; ... 8 more ...; generated: undefined; }, {}, {}>; ... 5 more ...; createdAt: MySql...'.
server/routers/imprestSurrender.ts(54,42): error TS2769: No overload matches this call.
  Overload 1 of 2, '(value: { id: string | SQL<unknown> | Placeholder<string, any>; amount: number | SQL<unknown> | Placeholder<string, any>; imprestId: string | SQL<unknown> | Placeholder<...>; createdAt?: string | ... 3 more ... | undefined; notes?: string | ... 3 more ... | undefined; surrenderedBy?: string | ... 3 more ... | undefined; surrenderedAt?: string | ... 3 more ... | undefined; }): MySqlInsertBase<...>', gave the following error.
    Object literal may only specify known properties, and 'surrenderNumber' does not exist in type '{ id: string | SQL<unknown> | Placeholder<string, any>; amount: number | SQL<unknown> | Placeholder<string, any>; imprestId: string | SQL<unknown> | Placeholder<string, any>; createdAt?: string | ... 3 more ... | undefined; notes?: string | ... 3 more ... | undefined; surrenderedBy?: string | ... 3 more ... | undefi...'.
  Overload 2 of 2, '(values: { id: string | SQL<unknown> | Placeholder<string, any>; amount: number | SQL<unknown> | Placeholder<string, any>; imprestId: string | SQL<unknown> | Placeholder<...>; createdAt?: string | ... 3 more ... | undefined; notes?: string | ... 3 more ... | undefined; surrenderedBy?: string | ... 3 more ... | undefined; surrenderedAt?: string | ... 3 more ... | undefined; }[]): MySqlInsertBase<...>', gave the following error.
    Object literal may only specify known properties, and 'id' does not exist in type '{ id: string | SQL<unknown> | Placeholder<string, any>; amount: number | SQL<unknown> | Placeholder<string, any>; imprestId: string | SQL<unknown> | Placeholder<string, any>; createdAt?: string | ... 3 more ... | undefined; notes?: string | ... 3 more ... | undefined; surrenderedBy?: string | ... 3 more ... | undefi...'.
server/routers/intrachat.ts(1,24): error TS2307: Cannot find module './base.js' or its corresponding type declarations.
server/routers/intrachat.ts(100,39): error TS2339: Property 'conversationMembers' does not exist on type '{}'.
server/routers/intrachat.ts(158,39): error TS2339: Property 'conversationMembers' does not exist on type '{}'.
server/routers/intrachat.ts(170,45): error TS2339: Property 'messages' does not exist on type '{}'.
server/routers/intrachat.ts(181,46): error TS7006: Parameter 'm' implicitly has an 'any' type.
server/routers/intrachat.ts(183,28): error TS2339: Property 'messageReadReceipts' does not exist on type '{}'.
server/routers/intrachat.ts(278,47): error TS2339: Property 'messages' does not exist on type '{}'.
server/routers/intrachat.ts(288,46): error TS7006: Parameter 'msg' implicitly has an 'any' type.
server/routers/intrachat.ts(317,40): error TS2339: Property 'messages' does not exist on type '{}'.
server/routers/inventory.ts(131,13): error TS2353: Object literal may only specify known properties, and 'reorderPoint' does not exist in type '{ id?: string | SQL<unknown> | undefined; name?: string | SQL<unknown> | undefined; unitPrice?: number | SQL<unknown> | undefined; organizationId?: string | SQL<unknown> | null | undefined; ... 18 more ...; location?: string | ... 2 more ... | undefined; }'.
server/routers/invoices.ts(433,50): error TS2339: Property 'invoiceNumber' does not exist on type '{ organizationId: string | null; status: "sent" | "draft" | "paid" | "partial" | "overdue" | "cancelled"; }'.
server/routers/invoices.ts(464,33): error TS2345: Argument of type '{ itemType: "custom" | "product" | "service"; description: string; quantity: number; unitPrice: number; taxRate: number; discountPercent: number; total: number; id?: string | undefined; itemId?: string | undefined; }[] | undefined' is not assignable to parameter of type 'MySqlTable<TableConfig>'.
  Type 'undefined' is not assignable to type 'MySqlTable<TableConfig>'.
server/routers/invoices.ts(496,19): error TS2820: Type '"receipt_created"' is not assignable to type '"info" | "invoice_created" | "invoice_paid" | "payment_received" | "task_completed" | "project_created" | "expense_approved" | "new_client"'. Did you mean '"project_created"'?
server/routers/invoices.ts(539,48): error TS2339: Property 'dueDate' does not exist on type '{ organizationId: string | null; status: "sent" | "draft" | "paid" | "partial" | "overdue" | "cancelled"; }'.
server/routers/invoices.ts(539,85): error TS2339: Property 'dueDate' does not exist on type '{ organizationId: string | null; status: "sent" | "draft" | "paid" | "partial" | "overdue" | "cancelled"; }'.
server/routers/invoices.ts(550,74): error TS2339: Property 'total' does not exist on type '{ organizationId: string | null; status: "sent" | "draft" | "paid" | "partial" | "overdue" | "cancelled"; }'.
server/routers/invoices.ts(567,86): error TS2339: Property 'invoiceNumber' does not exist on type '{ organizationId: string | null; status: "sent" | "draft" | "paid" | "partial" | "overdue" | "cancelled"; }'.
server/routers/invoices.ts(924,42): error TS2339: Property 'name' does not exist on type '{ id: string; organizationId: string | null; companyName: string; contactPerson: string | null; email: string | null; phone: string | null; secondaryPhone: string | null; address: string | null; ... 24 more ...; currency: string | null; }'.
server/routers/invoices.ts(928,39): error TS2339: Property 'name' does not exist on type '{ id: string; organizationId: string | null; companyName: string; contactPerson: string | null; email: string | null; phone: string | null; secondaryPhone: string | null; address: string | null; ... 24 more ...; currency: string | null; }'.
server/routers/invoices.ts(1117,11): error TS2740: Type 'Omit<MySqlSelectBase<"invoicePayments", { paymentId: MySqlColumn<{ name: "id"; tableName: "invoicePayments"; dataType: "string"; columnType: "MySqlVarChar"; data: string; driverParam: string | number; notNull: true; ... 7 more ...; generated: undefined; }, {}, {}>; ... 5 more ...; receiptId: MySqlColumn<...>; }, ......' is missing the following properties from type 'MySqlSelectBase<"invoicePayments", { paymentId: MySqlColumn<{ name: "id"; tableName: "invoicePayments"; dataType: "string"; columnType: "MySqlVarChar"; data: string; driverParam: string | number; notNull: true; ... 7 more ...; generated: undefined; }, {}, {}>; ... 5 more ...; receiptId: MySqlColumn<...>; }, ... 6 mo...': createIterator, config, joinsNotNullableMap, tableName, and 6 more.
server/routers/invoices.ts(1317,46): error TS2554: Expected 1 arguments, but got 2.
server/routers/invoices.ts(1329,130): error TS2339: Property 'name' does not exist on type '{ id: string; organizationId: string | null; companyName: string; contactPerson: string | null; email: string | null; phone: string | null; secondaryPhone: string | null; address: string | null; ... 24 more ...; currency: string | null; }'.
server/routers/invoices.ts(1541,13): error TS2740: Type 'Omit<MySqlSelectBase<"recurringInvoices", { id: MySqlColumn<{ name: "id"; tableName: "recurringInvoices"; dataType: "string"; columnType: "MySqlVarChar"; data: string; driverParam: string | number; notNull: true; ... 7 more ...; generated: undefined; }, {}, {}>; ... 14 more ...; updatedAt: MySqlColumn<...>; }, ... 6...' is missing the following properties from type 'MySqlSelectBase<"recurringInvoices", { id: MySqlColumn<{ name: "id"; tableName: "recurringInvoices"; dataType: "string"; columnType: "MySqlVarChar"; data: string; driverParam: string | number; notNull: true; hasDefault: false; ... 6 more ...; generated: undefined; }, {}, {}>; ... 14 more ...; updatedAt: MySqlColumn<...': createIterator, config, joinsNotNullableMap, tableName, and 6 more.
server/routers/invoices.ts(1545,13): error TS2740: Type 'Omit<MySqlSelectBase<"recurringInvoices", { id: MySqlColumn<{ name: "id"; tableName: "recurringInvoices"; dataType: "string"; columnType: "MySqlVarChar"; data: string; driverParam: string | number; notNull: true; ... 7 more ...; generated: undefined; }, {}, {}>; ... 14 more ...; updatedAt: MySqlColumn<...>; }, ... 6...' is missing the following properties from type 'MySqlSelectBase<"recurringInvoices", { id: MySqlColumn<{ name: "id"; tableName: "recurringInvoices"; dataType: "string"; columnType: "MySqlVarChar"; data: string; driverParam: string | number; notNull: true; hasDefault: false; ... 6 more ...; generated: undefined; }, {}, {}>; ... 14 more ...; updatedAt: MySqlColumn<...': createIterator, config, joinsNotNullableMap, tableName, and 6 more.
server/routers/invoices.ts(1681,43): error TS2531: Object is possibly 'null'.
server/routers/jobGroups.ts(24,11): error TS2740: Type 'Omit<MySqlSelectBase<"jobGroups", { id: MySqlColumn<{ name: "id"; tableName: "jobGroups"; dataType: "string"; columnType: "MySqlVarChar"; data: string; driverParam: string | number; notNull: true; hasDefault: false; ... 6 more ...; generated: undefined; }, {}, {}>; ... 6 more ...; updatedAt: MySqlColumn<...>; }, ......' is missing the following properties from type 'MySqlSelectBase<"jobGroups", { id: MySqlColumn<{ name: "id"; tableName: "jobGroups"; dataType: "string"; columnType: "MySqlVarChar"; data: string; driverParam: string | number; notNull: true; hasDefault: false; isPrimaryKey: true; ... 5 more ...; generated: undefined; }, {}, {}>; ... 6 more ...; updatedAt: MySqlColu...': createIterator, config, joinsNotNullableMap, tableName, and 6 more.
server/routers/journalEntries.ts(193,51): error TS2339: Property 'name' does not exist on type '{ id: string; organizationId: string | null; accountCode: string; accountName: string; accountType: "asset" | "liability" | "equity" | "revenue" | "expense" | "cost of goods sold" | "operating expense" | "capital expenditure" | "other income" | "other expense"; ... 5 more ...; updatedAt: string | null; }'.
server/routers/journalEntries.ts(194,51): error TS2339: Property 'code' does not exist on type '{ id: string; organizationId: string | null; accountCode: string; accountName: string; accountType: "asset" | "liability" | "equity" | "revenue" | "expense" | "cost of goods sold" | "operating expense" | "capital expenditure" | "other income" | "other expense"; ... 5 more ...; updatedAt: string | null; }'.
server/routers/journalEntries.ts(195,51): error TS2339: Property 'type' does not exist on type '{ id: string; organizationId: string | null; accountCode: string; accountName: string; accountType: "asset" | "liability" | "equity" | "revenue" | "expense" | "cost of goods sold" | "operating expense" | "capital expenditure" | "other income" | "other expense"; ... 5 more ...; updatedAt: string | null; }'.
server/routers/journalEntries.ts(228,23): error TS2339: Property 'type' does not exist on type '{ id: string; organizationId: string | null; accountCode: string; accountName: string; accountType: "asset" | "liability" | "equity" | "revenue" | "expense" | "cost of goods sold" | "operating expense" | "capital expenditure" | "other income" | "other expense"; ... 5 more ...; updatedAt: string | null; }'.
server/routers/knowledgeBase.ts(12,12): error TS18047: 'db' is possibly 'null'.
server/routers/knowledgeBase.ts(27,13): error TS18047: 'db' is possibly 'null'.
server/routers/knowledgeBase.ts(43,13): error TS18047: 'db' is possibly 'null'.
server/routers/knowledgeBase.ts(51,13): error TS18047: 'db' is possibly 'null'.
server/routers/knowledgeBase.ts(52,13): error TS18047: 'db' is possibly 'null'.
server/routers/knowledgeBase.ts(70,14): error TS18047: 'db' is possibly 'null'.
server/routers/knowledgeBase.ts(77,31): error TS18047: 'db' is possibly 'null'.
server/routers/knowledgeBase.ts(79,15): error TS18047: 'db' is possibly 'null'.
server/routers/knowledgeBase.ts(98,13): error TS18047: 'db' is possibly 'null'.
server/routers/knowledgeBase.ts(98,35): error TS2769: No overload matches this call.
  Overload 1 of 2, '(value: { id: string | SQL<unknown> | Placeholder<string, any>; title: string | SQL<unknown> | Placeholder<string, any>; categoryId: string | SQL<unknown> | Placeholder<...>; ... 10 more ...; views?: number | ... 3 more ... | undefined; }): MySqlInsertBase<...>', gave the following error.
    Argument of type '{ createdBy: any; categoryId: string; title: string; content?: string | undefined; excerpt?: string | undefined; status?: string | undefined; featured?: boolean | undefined; readTime?: number | undefined; tags?: string | undefined; id: string; }' is not assignable to parameter of type '{ id: string | SQL<unknown> | Placeholder<string, any>; title: string | SQL<unknown> | Placeholder<string, any>; categoryId: string | SQL<unknown> | Placeholder<string, any>; ... 10 more ...; views?: number | ... 3 more ... | undefined; }'.
      Types of property 'featured' are incompatible.
        Type 'boolean | undefined' is not assignable to type 'number | SQL<unknown> | Placeholder<string, any> | null | undefined'.
          Type 'false' is not assignable to type 'number | SQL<unknown> | Placeholder<string, any> | null | undefined'.
  Overload 2 of 2, '(values: { id: string | SQL<unknown> | Placeholder<string, any>; title: string | SQL<unknown> | Placeholder<string, any>; categoryId: string | SQL<unknown> | Placeholder<...>; ... 10 more ...; views?: number | ... 3 more ... | undefined; }[]): MySqlInsertBase<...>', gave the following error.
    Object literal may only specify known properties, and 'createdBy' does not exist in type '{ id: string | SQL<unknown> | Placeholder<string, any>; title: string | SQL<unknown> | Placeholder<string, any>; categoryId: string | SQL<unknown> | Placeholder<string, any>; ... 10 more ...; views?: number | ... 3 more ... | undefined; }[]'.
server/routers/knowledgeBase.ts(117,13): error TS18047: 'db' is possibly 'null'.
server/routers/knowledgeBase.ts(117,39): error TS2345: Argument of type '{ categoryId?: string | undefined; title?: string | undefined; content?: string | undefined; excerpt?: string | undefined; status?: string | undefined; featured?: boolean | undefined; readTime?: number | undefined; tags?: string | undefined; }' is not assignable to parameter of type '{ id?: string | SQL<unknown> | undefined; title?: string | SQL<unknown> | undefined; categoryId?: string | SQL<unknown> | undefined; organizationId?: string | SQL<unknown> | null | undefined; ... 9 more ...; views?: number | ... 2 more ... | undefined; }'.
  Types of property 'featured' are incompatible.
    Type 'boolean | undefined' is not assignable to type 'number | SQL<unknown> | null | undefined'.
      Type 'false' is not assignable to type 'number | SQL<unknown> | null | undefined'.
server/routers/knowledgeBase.ts(125,13): error TS18047: 'db' is possibly 'null'.
server/routers/kpiTracking.ts(17,77): error TS2554: Expected 1 arguments, but got 2.
server/routers/kpiTracking.ts(18,77): error TS2554: Expected 1 arguments, but got 2.
server/routers/lpo.ts(145,18): error TS2339: Property 'logActivity' does not exist on type 'MySql2Database<Record<string, unknown>> & { $client: Pool; }'.
server/routers/mobileApp.ts(22,26): error TS18047: 'db' is possibly 'null'.
server/routers/mobileApp.ts(46,26): error TS18047: 'db' is possibly 'null'.
server/routers/mobileApp.ts(66,26): error TS18047: 'db' is possibly 'null'.
server/routers/mobileApp.ts(91,13): error TS18047: 'db' is possibly 'null'.
server/routers/mobileApp.ts(117,13): error TS18047: 'db' is possibly 'null'.
server/routers/mobileApp.ts(140,26): error TS18047: 'db' is possibly 'null'.
server/routers/mobileApps.ts(20,26): error TS18047: 'db' is possibly 'null'.
server/routers/mobileApps.ts(42,26): error TS18047: 'db' is possibly 'null'.
server/routers/mobileApps.ts(65,13): error TS18047: 'db' is possibly 'null'.
server/routers/mobileApps.ts(92,26): error TS18047: 'db' is possibly 'null'.
server/routers/mobileApps.ts(119,26): error TS18047: 'db' is possibly 'null'.
server/routers/mobileApps.ts(138,13): error TS18047: 'db' is possibly 'null'.
server/routers/mobileResponsive.ts(17,13): error TS18047: 'db' is possibly 'null'.
server/routers/mobileResponsive.ts(33,26): error TS18047: 'db' is possibly 'null'.
server/routers/mobileResponsive.ts(41,13): error TS18047: 'db' is possibly 'null'.
server/routers/mpesa.ts(105,74): error TS2339: Property 'mpesaTransactions' does not exist on type 'typeof import("E:/Nexus360/drizzle/schema")'.
server/routers/mpesa.ts(161,74): error TS2339: Property 'mpesaTransactions' does not exist on type 'typeof import("E:/Nexus360/drizzle/schema")'.
server/routers/mpesa.ts(250,74): error TS2339: Property 'mpesaTransactions' does not exist on type 'typeof import("E:/Nexus360/drizzle/schema")'.
server/routers/mpesa.ts(312,74): error TS2339: Property 'mpesaTransactions' does not exist on type 'typeof import("E:/Nexus360/drizzle/schema")'.
server/routers/mpesa.ts(369,68): error TS2339: Property 'mpesaSettings' does not exist on type 'typeof import("E:/Nexus360/drizzle/schema")'.
server/routers/multiTenancy.ts(903,52): error TS2769: No overload matches this call.
  Overload 1 of 2, '(value: { id: string | SQL<unknown> | Placeholder<string, any>; key: string | SQL<unknown> | Placeholder<string, any>; description?: string | SQL<unknown> | Placeholder<...> | null | undefined; updatedAt?: string | ... 3 more ... | undefined; category?: string | ... 3 more ... | undefined; value?: string | ... 3 more ... | undefined; updatedBy?: string | ... 3 more ... | undefined; }): MySqlInsertBase<...>', gave the following error.
    Object literal may only specify known properties, and 'organizationId' does not exist in type '{ id: string | SQL<unknown> | Placeholder<string, any>; key: string | SQL<unknown> | Placeholder<string, any>; description?: string | SQL<unknown> | Placeholder<string, any> | null | undefined; updatedAt?: string | ... 3 more ... | undefined; category?: string | ... 3 more ... | undefined; value?: string | ... 3 mor...'.
  Overload 2 of 2, '(values: { id: string | SQL<unknown> | Placeholder<string, any>; key: string | SQL<unknown> | Placeholder<string, any>; description?: string | SQL<unknown> | Placeholder<...> | null | undefined; updatedAt?: string | ... 3 more ... | undefined; category?: string | ... 3 more ... | undefined; value?: string | ... 3 more ... | undefined; updatedBy?: string | ... 3 more ... | undefined; }[]): MySqlInsertBase<...>', gave the following error.
    Object literal may only specify known properties, and 'id' does not exist in type '{ id: string | SQL<unknown> | Placeholder<string, any>; key: string | SQL<unknown> | Placeholder<string, any>; description?: string | SQL<unknown> | Placeholder<string, any> | null | undefined; updatedAt?: string | ... 3 more ... | undefined; category?: string | ... 3 more ... | undefined; value?: string | ... 3 mor...'.
server/routers/multiTenancy.ts(909,16): error TS2339: Property 'onConflictDoUpdate' does not exist on type 'MySqlInsertBase<MySqlTableWithColumns<{ name: "settings"; schema: undefined; columns: { id: MySqlColumn<{ name: "id"; tableName: "settings"; dataType: "string"; columnType: "MySqlVarChar"; data: string; driverParam: string | number; notNull: true; ... 7 more ...; generated: undefined; }, {}, {}>; ... 5 more ...; upd...'.
server/routers/nativeMobileApps.ts(17,13): error TS18047: 'db' is possibly 'null'.
server/routers/nativeMobileApps.ts(25,13): error TS18047: 'db' is possibly 'null'.
server/routers/nativeMobileApps.ts(33,26): error TS18047: 'db' is possibly 'null'.
server/routers/nativeMobileApps.ts(43,13): error TS18047: 'db' is possibly 'null'.
server/routers/nativeMobileApps.ts(53,17): error TS18047: 'db' is possibly 'null'.
server/routers/nativeMobileApps.ts(55,17): error TS18047: 'db' is possibly 'null'.
server/routers/notifications.ts(60,30): error TS2769: No overload matches this call.
  Overload 1 of 3, '(left: MySqlColumn<{ name: "type"; tableName: "notifications"; dataType: "string"; columnType: "MySqlEnumColumn"; data: "error" | "client" | "payment" | "project" | "info" | "success" | "warning" | "reminder" | "financial" | "system"; ... 9 more ...; generated: undefined; }, {}, {}>, right: SQLWrapper | ... 9 more ... | "system"): SQL<...>', gave the following error.
    Argument of type 'string' is not assignable to parameter of type 'SQLWrapper | "error" | "client" | "payment" | "project" | "info" | "success" | "warning" | "reminder" | "financial" | "system"'.
  Overload 2 of 3, '(left: Aliased<string>, right: string | SQLWrapper): SQL<unknown>', gave the following error.
    Argument of type 'MySqlColumn<{ name: "type"; tableName: "notifications"; dataType: "string"; columnType: "MySqlEnumColumn"; data: "error" | "client" | "payment" | "project" | "info" | "success" | "warning" | "reminder" | "financial" | "system"; ... 9 more ...; generated: undefined; }, {}, {}>' is not assignable to parameter of type 'Aliased<string>'.
      Type 'MySqlColumn<{ name: "type"; tableName: "notifications"; dataType: "string"; columnType: "MySqlEnumColumn"; data: "error" | "client" | "payment" | "project" | "info" | "success" | "warning" | "reminder" | "financial" | "system"; ... 9 more ...; generated: undefined; }, {}, {}>' is missing the following properties from type 'Aliased<string>': sql, fieldAlias
  Overload 3 of 3, '(left: never, right: unknown): SQL<unknown>', gave the following error.
    Argument of type 'MySqlColumn<{ name: "type"; tableName: "notifications"; dataType: "string"; columnType: "MySqlEnumColumn"; data: "error" | "client" | "payment" | "project" | "info" | "success" | "warning" | "reminder" | "financial" | "system"; ... 9 more ...; generated: undefined; }, {}, {}>' is not assignable to parameter of type 'never'.
server/routers/notificationsEnhanced.ts(267,28): error TS2339: Property 'expiresAt' does not exist on type 'MySqlTableWithColumns<{ name: "notifications"; schema: undefined; columns: { id: MySqlColumn<{ name: "id"; tableName: "notifications"; dataType: "string"; columnType: "MySqlVarChar"; data: string; driverParam: string | number; ... 8 more ...; generated: undefined; }, {}, {}>; ... 14 more ...; createdAt: MySqlColumn<...'.
server/routers/notificationsEnhanced.ts(423,40): error TS2304: Cannot find name 'recipient'.
server/routers/onboarding.ts(115,12): error TS7053: Element implicitly has an 'any' type because expression of type '0' can't be used to index type 'QueryResult'.
  Property '0' does not exist on type 'QueryResult'.
server/routers/onboarding.ts(121,19): error TS7053: Element implicitly has an 'any' type because expression of type '0' can't be used to index type 'QueryResult'.
  Property '0' does not exist on type 'QueryResult'.
server/routers/onboarding.ts(145,28): error TS2495: Type 'QueryResult' is not an array type or a string type.
server/routers/onboarding.ts(192,11): error TS7053: Element implicitly has an 'any' type because expression of type '0' can't be used to index type 'QueryResult'.
  Property '0' does not exist on type 'QueryResult'.
server/routers/onboarding.ts(193,29): error TS7053: Element implicitly has an 'any' type because expression of type '0' can't be used to index type 'QueryResult'.
  Property '0' does not exist on type 'QueryResult'.
server/routers/onboarding.ts(198,13): error TS7053: Element implicitly has an 'any' type because expression of type '0' can't be used to index type 'QueryResult'.
  Property '0' does not exist on type 'QueryResult'.
server/routers/partnerChannel.ts(21,13): error TS18047: 'db' is possibly 'null'.
server/routers/partnerChannel.ts(30,13): error TS18047: 'db' is possibly 'null'.
server/routers/partnerChannel.ts(40,17): error TS18047: 'db' is possibly 'null'.
server/routers/partnerChannel.ts(42,17): error TS18047: 'db' is possibly 'null'.
server/routers/partnerChannel.ts(44,17): error TS18047: 'db' is possibly 'null'.
server/routers/partnerChannel.ts(54,13): error TS18047: 'db' is possibly 'null'.
server/routers/partnerChannel.ts(62,26): error TS18047: 'db' is possibly 'null'.
server/routers/paymentReconciliation.ts(16,87): error TS2554: Expected 1 arguments, but got 2.
server/routers/paymentReconciliation.ts(38,33): error TS18047: 'db' is possibly 'null'.
server/routers/paymentReconciliation.ts(52,18): error TS18047: 'db' is possibly 'null'.
server/routers/paymentReconciliation.ts(52,27): error TS2339: Property 'invoices' does not exist on type '{}'.
server/routers/paymentReconciliation.ts(54,23): error TS7006: Parameter 'map' implicitly has an 'any' type.
server/routers/paymentReconciliation.ts(54,28): error TS7006: Parameter 'inv' implicitly has an 'any' type.
server/routers/paymentReconciliation.ts(97,33): error TS18047: 'db' is possibly 'null'.
server/routers/paymentReconciliation.ts(97,42): error TS2339: Property 'payments' does not exist on type '{}'.
server/routers/paymentReconciliation.ts(98,52): error TS7006: Parameter 'p' implicitly has an 'any' type.
server/routers/paymentReconciliation.ts(103,33): error TS7006: Parameter 'p' implicitly has an 'any' type.
server/routers/paymentReconciliation.ts(130,37): error TS18047: 'db' is possibly 'null'.
server/routers/paymentReconciliation.ts(130,46): error TS2339: Property 'payments' does not exist on type '{}'.
server/routers/paymentReconciliation.ts(131,16): error TS2769: No overload matches this call.
  Overload 1 of 3, '(left: MySqlColumn<{ name: "invoiceId"; tableName: "payments"; dataType: "string"; columnType: "MySqlVarChar"; data: string; driverParam: string | number; notNull: true; hasDefault: false; isPrimaryKey: false; ... 5 more ...; generated: undefined; }, {}, {}>, right: string | SQLWrapper): SQL<...>', gave the following error.
    Argument of type 'null' is not assignable to parameter of type 'string | SQLWrapper'.
  Overload 2 of 3, '(left: Aliased<null>, right: SQLWrapper | null): SQL<unknown>', gave the following error.
    Argument of type 'MySqlColumn<{ name: "invoiceId"; tableName: "payments"; dataType: "string"; columnType: "MySqlVarChar"; data: string; driverParam: string | number; notNull: true; hasDefault: false; isPrimaryKey: false; ... 5 more ...; generated: undefined; }, {}, {}>' is not assignable to parameter of type 'Aliased<null>'.
      Type 'MySqlColumn<{ name: "invoiceId"; tableName: "payments"; dataType: "string"; columnType: "MySqlVarChar"; data: string; driverParam: string | number; notNull: true; hasDefault: false; isPrimaryKey: false; ... 5 more ...; generated: undefined; }, {}, {}>' is missing the following properties from type 'Aliased<null>': sql, fieldAlias
  Overload 3 of 3, '(left: never, right: unknown): SQL<unknown>', gave the following error.
    Argument of type 'MySqlColumn<{ name: "invoiceId"; tableName: "payments"; dataType: "string"; columnType: "MySqlVarChar"; data: string; driverParam: string | number; notNull: true; hasDefault: false; isPrimaryKey: false; ... 5 more ...; generated: undefined; }, {}, {}>' is not assignable to parameter of type 'never'.
server/routers/paymentReconciliation.ts(139,31): error TS18047: 'db' is possibly 'null'.
server/routers/paymentReconciliation.ts(139,40): error TS2339: Property 'invoices' does not exist on type '{}'.
server/routers/paymentReconciliation.ts(192,39): error TS18047: 'db' is possibly 'null'.
server/routers/paymentReconciliation.ts(192,48): error TS2339: Property 'payments' does not exist on type '{}'.
server/routers/paymentReconciliation.ts(198,36): error TS18047: 'db' is possibly 'null'.
server/routers/paymentReconciliation.ts(198,45): error TS2339: Property 'invoices' does not exist on type '{}'.
server/routers/paymentReconciliation.ts(204,16): error TS18047: 'db' is possibly 'null'.
server/routers/paymentReconciliation.ts(204,25): error TS2339: Property 'payments' does not exist on type '{}'.
server/routers/paymentReconciliation.ts(205,18): error TS2769: No overload matches this call.
  Overload 1 of 3, '(left: MySqlColumn<{ name: "invoiceId"; tableName: "payments"; dataType: "string"; columnType: "MySqlVarChar"; data: string; driverParam: string | number; notNull: true; hasDefault: false; isPrimaryKey: false; ... 5 more ...; generated: undefined; }, {}, {}>, right: string | SQLWrapper): SQL<...>', gave the following error.
    Argument of type 'null' is not assignable to parameter of type 'string | SQLWrapper'.
  Overload 2 of 3, '(left: Aliased<null>, right: SQLWrapper | null): SQL<unknown>', gave the following error.
    Argument of type 'MySqlColumn<{ name: "invoiceId"; tableName: "payments"; dataType: "string"; columnType: "MySqlVarChar"; data: string; driverParam: string | number; notNull: true; hasDefault: false; isPrimaryKey: false; ... 5 more ...; generated: undefined; }, {}, {}>' is not assignable to parameter of type 'Aliased<null>'.
      Type 'MySqlColumn<{ name: "invoiceId"; tableName: "payments"; dataType: "string"; columnType: "MySqlVarChar"; data: string; driverParam: string | number; notNull: true; hasDefault: false; isPrimaryKey: false; ... 5 more ...; generated: undefined; }, {}, {}>' is missing the following properties from type 'Aliased<null>': sql, fieldAlias
  Overload 3 of 3, '(left: never, right: unknown): SQL<unknown>', gave the following error.
    Argument of type 'MySqlColumn<{ name: "invoiceId"; tableName: "payments"; dataType: "string"; columnType: "MySqlVarChar"; data: string; driverParam: string | number; notNull: true; hasDefault: false; isPrimaryKey: false; ... 5 more ...; generated: undefined; }, {}, {}>' is not assignable to parameter of type 'never'.
server/routers/paymentReconciliation.ts(207,17): error TS7006: Parameter 'p' implicitly has an 'any' type.
server/routers/paymentReconciliation.ts(209,60): error TS7006: Parameter 'inv' implicitly has an 'any' type.
server/routers/paymentReconciliation.ts(212,50): error TS7006: Parameter 'p' implicitly has an 'any' type.
server/routers/paymentReconciliation.ts(220,52): error TS7006: Parameter 'inv' implicitly has an 'any' type.
server/routers/paymentReconciliation.ts(249,39): error TS18047: 'db' is possibly 'null'.
server/routers/paymentReconciliation.ts(249,48): error TS2339: Property 'payments' does not exist on type '{}'.
server/routers/paymentReconciliation.ts(255,33): error TS18047: 'db' is possibly 'null'.
server/routers/paymentReconciliation.ts(255,42): error TS2339: Property 'invoices' does not exist on type '{}'.
server/routers/paymentReconciliation.ts(264,47): error TS7006: Parameter 'inv' implicitly has an 'any' type.
server/routers/paymentReconciliation.ts(281,28): error TS7006: Parameter 'a' implicitly has an 'any' type.
server/routers/paymentReconciliation.ts(281,31): error TS7006: Parameter 'b' implicitly has an 'any' type.
server/routers/paymentReconciliation.ts(323,15): error TS18047: 'db' is possibly 'null'.
server/routers/paymentReconciliation.ts(355,31): error TS18047: 'db' is possibly 'null'.
server/routers/paymentReconciliation.ts(355,40): error TS2339: Property 'payments' does not exist on type '{}'.
server/routers/paymentReconciliation.ts(368,15): error TS18047: 'db' is possibly 'null'.
server/routers/paymentReconciliation.ts(369,18): error TS2322: Type 'null' is not assignable to type 'string | SQL<unknown> | undefined'.
server/routers/paymentReconciliation.ts(411,33): error TS18047: 'db' is possibly 'null'.
server/routers/paymentReconciliation.ts(411,42): error TS2339: Property 'payments' does not exist on type '{}'.
server/routers/paymentReconciliation.ts(427,17): error TS18047: 'db' is possibly 'null'.
server/routers/paymentReconciliation.ts(459,33): error TS18047: 'db' is possibly 'null'.
server/routers/paymentReconciliation.ts(459,42): error TS2339: Property 'payments' does not exist on type '{}'.
server/routers/paymentReconciliation.ts(460,33): error TS18047: 'db' is possibly 'null'.
server/routers/paymentReconciliation.ts(460,42): error TS2339: Property 'invoices' does not exist on type '{}'.
server/routers/paymentReconciliation.ts(462,50): error TS7006: Parameter 'p' implicitly has an 'any' type.
server/routers/paymentReconciliation.ts(463,52): error TS7006: Parameter 'p' implicitly has an 'any' type.
server/routers/paymentReconciliation.ts(466,54): error TS7006: Parameter 'sum' implicitly has an 'any' type.
server/routers/paymentReconciliation.ts(466,59): error TS7006: Parameter 'p' implicitly has an 'any' type.
server/routers/paymentReconciliation.ts(467,53): error TS7006: Parameter 'sum' implicitly has an 'any' type.
server/routers/paymentReconciliation.ts(467,58): error TS7006: Parameter 'p' implicitly has an 'any' type.
server/routers/paymentReconciliation.ts(468,57): error TS7006: Parameter 'sum' implicitly has an 'any' type.
server/routers/paymentReconciliation.ts(468,62): error TS7006: Parameter 'p' implicitly has an 'any' type.
server/routers/paymentReconciliation.ts(470,54): error TS7006: Parameter 'sum' implicitly has an 'any' type.
server/routers/paymentReconciliation.ts(470,59): error TS7006: Parameter 'i' implicitly has an 'any' type.
server/routers/paymentReconciliation.ts(472,17): error TS7006: Parameter 'i' implicitly has an 'any' type.
server/routers/paymentReconciliation.ts(472,43): error TS7006: Parameter 'p' implicitly has an 'any' type.
server/routers/paymentReconciliation.ts(473,18): error TS7006: Parameter 'sum' implicitly has an 'any' type.
server/routers/paymentReconciliation.ts(473,23): error TS7006: Parameter 'i' implicitly has an 'any' type.
server/routers/paymentReconciliation.ts(480,57): error TS7006: Parameter 'p' implicitly has an 'any' type.
server/routers/paymentReconciliation.ts(482,9): error TS7006: Parameter 'p' implicitly has an 'any' type.
server/routers/paymentReconciliation.ts(484,56): error TS7006: Parameter 'p' implicitly has an 'any' type.
server/routers/paymentReconciliation.ts(509,46): error TS7006: Parameter 'sum' implicitly has an 'any' type.
server/routers/paymentReconciliation.ts(509,51): error TS7006: Parameter 'p' implicitly has an 'any' type.
server/routers/paymentReconciliation.ts(513,46): error TS7006: Parameter 'sum' implicitly has an 'any' type.
server/routers/paymentReconciliation.ts(513,51): error TS7006: Parameter 'p' implicitly has an 'any' type.
server/routers/paymentReconciliation.ts(517,45): error TS7006: Parameter 'sum' implicitly has an 'any' type.
server/routers/paymentReconciliation.ts(517,50): error TS7006: Parameter 'p' implicitly has an 'any' type.
server/routers/paymentReconciliation.ts(540,28): error TS18047: 'db' is possibly 'null'.
server/routers/paymentReconciliation.ts(574,33): error TS18047: 'db' is possibly 'null'.
server/routers/paymentReconciliation.ts(574,42): error TS2339: Property 'payments' does not exist on type '{}'.
server/routers/paymentReconciliation.ts(575,33): error TS18047: 'db' is possibly 'null'.
server/routers/paymentReconciliation.ts(575,42): error TS2339: Property 'invoices' does not exist on type '{}'.
server/routers/paymentReconciliation.ts(583,54): error TS7006: Parameter 'p' implicitly has an 'any' type.
server/routers/paymentReconciliation.ts(594,52): error TS7006: Parameter 'p' implicitly has an 'any' type.
server/routers/paymentReconciliation.ts(598,33): error TS18047: 'db' is possibly 'null'.
server/routers/paymentReconciliation.ts(598,42): error TS2339: Property 'invoices' does not exist on type '{}'.
server/routers/paymentReconciliation.ts(654,33): error TS18047: 'db' is possibly 'null'.
server/routers/paymentReconciliation.ts(654,42): error TS2339: Property 'payments' does not exist on type '{}'.
server/routers/paymentReconciliation.ts(658,33): error TS18047: 'db' is possibly 'null'.
server/routers/paymentReconciliation.ts(658,42): error TS2339: Property 'invoices' does not exist on type '{}'.
server/routers/paymentReconciliation.ts(671,19): error TS18047: 'db' is possibly 'null'.
server/routers/paymentReminders.ts(40,10): error TS2339: Property 'raw' does not exist on type 'MySql2Database<Record<string, unknown>> & { $client: Pool; }'.
server/routers/paymentReminders.ts(212,14): error TS2339: Property 'currency' does not exist on type 'CompanyInfo'.
server/routers/paymentReminders.ts(212,35): error TS2339: Property 'currency' does not exist on type 'CompanyInfo'.
server/routers/paymentReminders.ts(236,33): error TS2339: Property 'getClient' does not exist on type 'MySql2Database<Record<string, unknown>> & { $client: Pool; }'.
server/routers/paymentReminders.ts(256,37): error TS18047: 'invoice.paidAmount' is possibly 'null'.
server/routers/paymentReminders.ts(277,42): error TS18047: 'invoice.paidAmount' is possibly 'null'.
server/routers/paymentReminders.ts(306,43): error TS2552: Cannot find name 'allInvoices'. Did you mean 'invoices'?
server/routers/paymentReminders.ts(327,35): error TS2339: Property 'getOverdueInvoicesByUser' does not exist on type 'MySql2Database<Record<string, unknown>> & { $client: Pool; }'.
server/routers/paymentReminders.ts(353,34): error TS2339: Property 'getInvoice' does not exist on type 'MySql2Database<Record<string, unknown>> & { $client: Pool; }'.
server/routers/paymentReminders.ts(365,33): error TS2339: Property 'getClient' does not exist on type 'MySql2Database<Record<string, unknown>> & { $client: Pool; }'.
server/routers/paymentReminders.ts(377,20): error TS2339: Property 'currency' does not exist on type 'CompanyInfo'.
server/routers/paymentReminders.ts(377,41): error TS2339: Property 'currency' does not exist on type 'CompanyInfo'.
server/routers/paymentReminders.ts(438,36): error TS2339: Property 'getInvoiceReminderHistory' does not exist on type 'MySql2Database<Record<string, unknown>> & { $client: Pool; }'.
server/routers/payments.ts(1,38): error TS2300: Duplicate identifier 'createFeatureRestrictedProcedure'.
server/routers/payments.ts(12,10): error TS2300: Duplicate identifier 'createFeatureRestrictedProcedure'.
server/routers/payrollExport.ts(92,37): error TS2339: Property 'departmentName' does not exist on type 'MySqlTableWithColumns<{ name: "departments"; schema: undefined; columns: { id: MySqlColumn<{ name: "id"; tableName: "departments"; dataType: "string"; columnType: "MySqlVarChar"; data: string; driverParam: string | number; ... 8 more ...; generated: undefined; }, {}, {}>; ... 9 more ...; updatedAt: MySqlColumn<...>;...'.
server/routers/payrollExport.ts(97,29): error TS2339: Property 'netPay' does not exist on type 'MySqlTableWithColumns<{ name: "payroll"; schema: undefined; columns: { id: MySqlColumn<{ name: "id"; tableName: "payroll"; dataType: "string"; columnType: "MySqlVarChar"; data: string; driverParam: string | number; notNull: true; ... 7 more ...; generated: undefined; }, {}, {}>; ... 14 more ...; updatedAt: MySqlColu...'.
server/routers/payrollExport.ts(103,47): error TS2551: Property 'departmentId' does not exist on type 'MySqlTableWithColumns<{ name: "employees"; schema: undefined; columns: { id: MySqlColumn<{ name: "id"; tableName: "employees"; dataType: "string"; columnType: "MySqlVarChar"; data: string; driverParam: string | number; notNull: true; ... 7 more ...; generated: undefined; }, {}, {}>; ... 34 more ...; updatedAt: MySql...'. Did you mean 'department'?
server/routers/payrollExport.ts(163,57): error TS2322: Type '"center"' is not assignable to type '"justify" | "top" | "bottom" | "middle" | "distributed" | undefined'.
server/routers/payrollExport.ts(185,40): error TS2339: Property 'getCellByHeader' does not exist on type 'Row'.
server/routers/payrollExport.ts(293,37): error TS2339: Property 'fn' does not exist on type 'MySql2Database<Record<string, unknown>> & { $client: Pool; }'.
server/routers/payrollExport.ts(293,55): error TS2339: Property 'fn' does not exist on type 'MySql2Database<Record<string, unknown>> & { $client: Pool; }'.
server/routers/payrollExport.ts(294,35): error TS2339: Property 'fn' does not exist on type 'MySql2Database<Record<string, unknown>> & { $client: Pool; }'.
server/routers/payrollExport.ts(295,35): error TS2339: Property 'fn' does not exist on type 'MySql2Database<Record<string, unknown>> & { $client: Pool; }'.
server/routers/payrollExport.ts(295,50): error TS2339: Property 'netPay' does not exist on type 'MySqlTableWithColumns<{ name: "payroll"; schema: undefined; columns: { id: MySqlColumn<{ name: "id"; tableName: "payroll"; dataType: "string"; columnType: "MySqlVarChar"; data: string; driverParam: string | number; notNull: true; ... 7 more ...; generated: undefined; }, {}, {}>; ... 14 more ...; updatedAt: MySqlColu...'.
server/routers/payrollExport.ts(296,35): error TS2339: Property 'fn' does not exist on type 'MySql2Database<Record<string, unknown>> & { $client: Pool; }'.
server/routers/payslips.ts(60,14): error TS7053: Element implicitly has an 'any' type because expression of type '0' can't be used to index type 'QueryResult'.
  Property '0' does not exist on type 'QueryResult'.
server/routers/payslips.ts(87,25): error TS2495: Type 'QueryResult' is not an array type or a string type.
server/routers/payslips.ts(93,25): error TS2339: Property 'length' does not exist on type 'QueryResult'.
  Property 'length' does not exist on type 'ResultSetHeader'.
server/routers/payslips.ts(103,27): error TS2495: Type 'QueryResult' is not an array type or a string type.
server/routers/payslips.ts(115,27): error TS2495: Type 'QueryResult' is not an array type or a string type.
server/routers/payslips.ts(175,27): error TS7053: Element implicitly has an 'any' type because expression of type '0' can't be used to index type 'QueryResult'.
  Property '0' does not exist on type 'QueryResult'.
server/routers/payslips.ts(240,31): error TS7053: Element implicitly has an 'any' type because expression of type '0' can't be used to index type 'QueryResult'.
  Property '0' does not exist on type 'QueryResult'.
server/routers/performanceOptimization.ts(17,13): error TS18047: 'db' is possibly 'null'.
server/routers/performanceOptimization.ts(26,13): error TS18047: 'db' is possibly 'null'.
server/routers/performanceOptimization.ts(40,26): error TS18047: 'db' is possibly 'null'.
server/routers/performanceScaling.ts(17,13): error TS18047: 'db' is possibly 'null'.
server/routers/performanceScaling.ts(26,13): error TS18047: 'db' is possibly 'null'.
server/routers/performanceScaling.ts(42,17): error TS18047: 'db' is possibly 'null'.
server/routers/performanceScaling.ts(44,17): error TS18047: 'db' is possibly 'null'.
server/routers/phase20Routers.ts(26,18): error TS2339: Property 'insertNotificationRule' does not exist on type 'MySql2Database<Record<string, unknown>> & { $client: Pool; }'.
server/routers/phase20Routers.ts(51,30): error TS2339: Property 'getNotificationRules' does not exist on type 'MySql2Database<Record<string, unknown>> & { $client: Pool; }'.
server/routers/phase20Routers.ts(74,18): error TS2339: Property 'updateNotificationRule' does not exist on type 'MySql2Database<Record<string, unknown>> & { $client: Pool; }'.
server/routers/phase20Routers.ts(120,18): error TS2339: Property 'insertSubscription' does not exist on type 'MySql2Database<Record<string, unknown>> & { $client: Pool; }'.
server/routers/phase20Routers.ts(150,31): error TS2339: Property 'getSubscriptions' does not exist on type 'MySql2Database<Record<string, unknown>> & { $client: Pool; }'.
server/routers/phase20Routers.ts(175,18): error TS2339: Property 'insertUsageMetric' does not exist on type 'MySql2Database<Record<string, unknown>> & { $client: Pool; }'.
server/routers/phase20Routers.ts(205,18): error TS2339: Property 'insertExpenseReport' does not exist on type 'MySql2Database<Record<string, unknown>> & { $client: Pool; }'.
server/routers/phase20Routers.ts(215,20): error TS2339: Property 'insertExpense' does not exist on type 'MySql2Database<Record<string, unknown>> & { $client: Pool; }'.
server/routers/phase20Routers.ts(239,32): error TS2339: Property 'getExpenseReports' does not exist on type 'MySql2Database<Record<string, unknown>> & { $client: Pool; }'.
server/routers/phase20Routers.ts(256,18): error TS2339: Property 'updateExpenseReport' does not exist on type 'MySql2Database<Record<string, unknown>> & { $client: Pool; }'.
server/routers/phase20Routers.ts(285,33): error TS2339: Property 'getExpenseReport' does not exist on type 'MySql2Database<Record<string, unknown>> & { $client: Pool; }'.
server/routers/phase20Routers.ts(287,18): error TS2339: Property 'insertReimbursement' does not exist on type 'MySql2Database<Record<string, unknown>> & { $client: Pool; }'.
server/routers/phase20Routers.ts(315,31): error TS2339: Property 'getExchangeRate' does not exist on type 'MySql2Database<Record<string, unknown>> & { $client: Pool; }'.
server/routers/phase20Routers.ts(332,31): error TS2339: Property 'getTaxRate' does not exist on type 'MySql2Database<Record<string, unknown>> & { $client: Pool; }'.
server/routers/phase20Routers.ts(351,35): error TS2339: Property 'getRevenueForecast' does not exist on type 'MySql2Database<Record<string, unknown>> & { $client: Pool; }'.
server/routers/phase20Routers.ts(366,36): error TS2339: Property 'getChurnPredictions' does not exist on type 'MySql2Database<Record<string, unknown>> & { $client: Pool; }'.
server/routers/phase20Routers.ts(388,18): error TS2339: Property 'insertApiKey' does not exist on type 'MySql2Database<Record<string, unknown>> & { $client: Pool; }'.
server/routers/phase20Routers.ts(421,18): error TS2339: Property 'insertWebhook' does not exist on type 'MySql2Database<Record<string, unknown>> & { $client: Pool; }'.
server/routers/phase20Routers.ts(446,31): error TS2339: Property 'getIntegrationLogs' does not exist on type 'MySql2Database<Record<string, unknown>> & { $client: Pool; }'.
server/routers/procurement.ts(35,31): error TS2339: Property 'raw' does not exist on type 'MySql2Database<Record<string, unknown>> & { $client: Pool; }'.
server/routers/procurement.ts(65,31): error TS2339: Property 'raw' does not exist on type 'MySql2Database<Record<string, unknown>> & { $client: Pool; }'.
server/routers/procurement.ts(89,18): error TS2339: Property 'raw' does not exist on type 'MySql2Database<Record<string, unknown>> & { $client: Pool; }'.
server/routers/procurement.ts(111,18): error TS2339: Property 'raw' does not exist on type 'MySql2Database<Record<string, unknown>> & { $client: Pool; }'.
server/routers/procurement.ts(181,20): error TS2339: Property 'raw' does not exist on type 'MySql2Database<Record<string, unknown>> & { $client: Pool; }'.
server/routers/procurement.ts(187,20): error TS2339: Property 'raw' does not exist on type 'MySql2Database<Record<string, unknown>> & { $client: Pool; }'.
server/routers/procurement.ts(221,18): error TS2339: Property 'raw' does not exist on type 'MySql2Database<Record<string, unknown>> & { $client: Pool; }'.
server/routers/procurement.ts(224,18): error TS2339: Property 'raw' does not exist on type 'MySql2Database<Record<string, unknown>> & { $client: Pool; }'.
server/routers/procurement.ts(254,33): error TS2339: Property 'raw' does not exist on type 'MySql2Database<Record<string, unknown>> & { $client: Pool; }'.
server/routers/procurementManagement.ts(139,32): error TS2304: Cannot find name 'ctx'.
server/routers/professionalBudgeting.ts(405,29): error TS18047: 'budget.totalBudgeted' is possibly 'null'.
server/routers/professionalBudgeting.ts(406,42): error TS18047: 'budget.totalBudgeted' is possibly 'null'.
server/routers/professionalBudgeting.ts(447,29): error TS18047: 'b.totalBudgeted' is possibly 'null'.
server/routers/professionalBudgeting.ts(448,37): error TS18047: 'b.totalBudgeted' is possibly 'null'.
server/routers/projectAnalytics.ts(16,30): error TS2339: Property 'getProject' does not exist on type 'MySql2Database<Record<string, unknown>> & { $client: Pool; }'.
server/routers/projectAnalytics.ts(20,31): error TS2339: Property 'getInvoicesByProject' does not exist on type 'MySql2Database<Record<string, unknown>> & { $client: Pool; }'.
server/routers/projectAnalytics.ts(21,43): error TS7006: Parameter 'sum' implicitly has an 'any' type.
server/routers/projectAnalytics.ts(21,48): error TS7006: Parameter 'inv' implicitly has an 'any' type.
server/routers/projectAnalytics.ts(22,41): error TS7006: Parameter 'sum' implicitly has an 'any' type.
server/routers/projectAnalytics.ts(22,46): error TS7006: Parameter 'inv' implicitly has an 'any' type.
server/routers/projectAnalytics.ts(25,34): error TS2339: Property 'getProjectTeamMembers' does not exist on type 'MySql2Database<Record<string, unknown>> & { $client: Pool; }'.
server/routers/projectAnalytics.ts(26,53): error TS7006: Parameter 'sum' implicitly has an 'any' type.
server/routers/projectAnalytics.ts(26,58): error TS7006: Parameter 'tm' implicitly has an 'any' type.
server/routers/projectAnalytics.ts(29,34): error TS2339: Property 'getProjectActualHours' does not exist on type 'MySql2Database<Record<string, unknown>> & { $client: Pool; }'.
server/routers/projectAnalytics.ts(62,14): error TS2339: Property 'insertProjectMetrics' does not exist on type 'MySql2Database<Record<string, unknown>> & { $client: Pool; }'.
server/routers/projectAnalytics.ts(110,34): error TS2339: Property 'getProjectMetrics' does not exist on type 'MySql2Database<Record<string, unknown>> & { $client: Pool; }'.
server/routers/projectAnalytics.ts(138,35): error TS2339: Property 'getProjects' does not exist on type 'MySql2Database<Record<string, unknown>> & { $client: Pool; }'.
server/routers/projectAnalytics.ts(173,34): error TS2339: Property 'getProjectMetricsByRisk' does not exist on type 'MySql2Database<Record<string, unknown>> & { $client: Pool; }'.
server/routers/projectAnalytics.ts(177,36): error TS2339: Property 'getProject' does not exist on type 'MySql2Database<Record<string, unknown>> & { $client: Pool; }'.
server/routers/projectAnalytics.ts(204,34): error TS2339: Property 'getProjectMetrics' does not exist on type 'MySql2Database<Record<string, unknown>> & { $client: Pool; }'.
server/routers/projectAnalytics.ts(205,46): error TS7006: Parameter 'sum' implicitly has an 'any' type.
server/routers/projectAnalytics.ts(205,51): error TS7006: Parameter 'm' implicitly has an 'any' type.
server/routers/projectAnalytics.ts(206,44): error TS7006: Parameter 'sum' implicitly has an 'any' type.
server/routers/projectAnalytics.ts(206,49): error TS7006: Parameter 'm' implicitly has an 'any' type.
server/routers/projectAnalytics.ts(209,40): error TS7006: Parameter 'sum' implicitly has an 'any' type.
server/routers/projectAnalytics.ts(209,45): error TS7006: Parameter 'm' implicitly has an 'any' type.
server/routers/projectAnalytics.ts(219,36): error TS7006: Parameter 'a' implicitly has an 'any' type.
server/routers/projectAnalytics.ts(219,39): error TS7006: Parameter 'b' implicitly has an 'any' type.
server/routers/projectAnalytics.ts(238,35): error TS2339: Property 'getProjects' does not exist on type 'MySql2Database<Record<string, unknown>> & { $client: Pool; }'.
server/routers/projectAnalytics.ts(280,38): error TS2339: Property 'getProjectTeamMembers' does not exist on type 'MySql2Database<Record<string, unknown>> & { $client: Pool; }'.
server/routers/projectAnalytics.ts(284,40): error TS2339: Property 'getTeamMemberActualHours' does not exist on type 'MySql2Database<Record<string, unknown>> & { $client: Pool; }'.
server/routers/projectAnalytics.ts(319,33): error TS2339: Property 'getProjects' does not exist on type 'MySql2Database<Record<string, unknown>> & { $client: Pool; }'.
server/routers/projectManagement.ts(57,72): error TS2339: Property 'hoursWorked' does not exist on type '{ id: string; projectId: string; projectTaskId: string | null; userId: string; entryDate: string; durationMinutes: number; description: string; billable: number; hourlyRate: number | null; ... 8 more ...; updatedAt: string | null; }'.
server/routers/projectManagement.ts(180,17): error TS2339: Property 'name' does not exist on type '{ id: string; projectId: string; phaseName: string; description: string | null; deliverables: string | null; status: "cancelled" | "completed" | "in_progress" | "planning" | "on_hold"; ... 10 more ...; updatedAt: string | null; }'.
server/routers/projectManagement.ts(183,21): error TS2339: Property 'percentage' does not exist on type '{ id: string; projectId: string; phaseName: string; description: string | null; deliverables: string | null; status: "cancelled" | "completed" | "in_progress" | "planning" | "on_hold"; ... 10 more ...; updatedAt: string | null; }'.
server/routers/projectManagement.ts(207,11): error TS2322: Type '"pending" | "completed" | "in_progress" | "blocked" | "at_risk"' is not assignable to type 'SQL<unknown> | "cancelled" | "completed" | "in_progress" | "planning" | "on_hold" | undefined'.
  Type '"pending"' is not assignable to type 'SQL<unknown> | "cancelled" | "completed" | "in_progress" | "planning" | "on_hold" | undefined'.
server/routers/projectManagement.ts(240,72): error TS2339: Property 'hoursWorked' does not exist on type '{ id: string; projectId: string; projectTaskId: string | null; userId: string; entryDate: string; durationMinutes: number; description: string; billable: number; hourlyRate: number | null; ... 8 more ...; updatedAt: string | null; }'.
server/routers/projectManagement.ts(278,55): error TS2339: Property 'hoursWorked' does not exist on type '{ id: string; projectId: string; projectTaskId: string | null; userId: string; entryDate: string; durationMinutes: number; description: string; billable: number; hourlyRate: number | null; ... 8 more ...; updatedAt: string | null; }'.
server/routers/projectManagement.ts(308,47): error TS2367: This comparison appears to be unintentional because the types '"cancelled" | "completed" | "in_progress" | "planning" | "on_hold"' and '"at_risk"' have no overlap.
server/routers/projectManagement.ts(312,54): error TS2339: Property 'percentage' does not exist on type '{ id: string; projectId: string; phaseName: string; description: string | null; deliverables: string | null; status: "cancelled" | "completed" | "in_progress" | "planning" | "on_hold"; ... 10 more ...; updatedAt: string | null; }'.
server/routers/projects.ts(890,28): error TS2339: Property 'logActivity' does not exist on type 'MySql2Database<Record<string, unknown>> & { $client: Pool; }'.
server/routers/projects.ts(937,28): error TS2339: Property 'logActivity' does not exist on type 'MySql2Database<Record<string, unknown>> & { $client: Pool; }'.
server/routers/projects.ts(974,30): error TS2339: Property 'logActivity' does not exist on type 'MySql2Database<Record<string, unknown>> & { $client: Pool; }'.
server/routers/projects.ts(1033,32): error TS2339: Property 'logActivity' does not exist on type 'MySql2Database<Record<string, unknown>> & { $client: Pool; }'.
server/routers/projects.ts(1108,32): error TS2339: Property 'logActivity' does not exist on type 'MySql2Database<Record<string, unknown>> & { $client: Pool; }'.
server/routers/projects.ts(1161,32): error TS2339: Property 'logActivity' does not exist on type 'MySql2Database<Record<string, unknown>> & { $client: Pool; }'.
server/routers/quotes.ts(89,11): error TS2740: Type 'Omit<MySqlSelectBase<"quotes", { id: MySqlColumn<{ name: "id"; tableName: "quotes"; dataType: "string"; columnType: "MySqlVarChar"; data: string; driverParam: string | number; notNull: true; hasDefault: false; isPrimaryKey: true; ... 5 more ...; generated: undefined; }, {}, {}>; ... 18 more ...; updatedAt: MySqlColu...' is missing the following properties from type 'MySqlSelectBase<"quotes", { id: MySqlColumn<{ name: "id"; tableName: "quotes"; dataType: "string"; columnType: "MySqlVarChar"; data: string; driverParam: string | number; notNull: true; hasDefault: false; isPrimaryKey: true; ... 5 more ...; generated: undefined; }, {}, {}>; ... 18 more ...; updatedAt: MySqlColumn<.....': createIterator, config, joinsNotNullableMap, tableName, and 6 more.
server/routers/quotes.ts(192,11): error TS2769: No overload matches this call.
  Overload 2 of 2, '(values: { id: string | SQL<unknown> | Placeholder<string, any>; clientId: string | SQL<unknown> | Placeholder<string, any>; quoteNumber: string | SQL<unknown> | Placeholder<...>; ... 16 more ...; convertedInvoiceId?: string | ... 3 more ... | undefined; }[]): MySqlInsertBase<...>', gave the following error.
    Object literal may only specify known properties, and 'id' does not exist in type '{ id: string | SQL<unknown> | Placeholder<string, any>; clientId: string | SQL<unknown> | Placeholder<string, any>; quoteNumber: string | SQL<unknown> | Placeholder<...>; ... 16 more ...; convertedInvoiceId?: string | ... 3 more ... | undefined; }[]'.
server/routers/quotes.ts(213,13): error TS2769: No overload matches this call.
  Overload 2 of 2, '(values: { id: string | SQL<unknown> | Placeholder<string, any>; quoteId: string | SQL<unknown> | Placeholder<string, any>; description?: string | SQL<unknown> | Placeholder<...> | null | undefined; ... 4 more ...; total?: string | ... 3 more ... | undefined; }[]): MySqlInsertBase<...>', gave the following error.
    Object literal may only specify known properties, and 'id' does not exist in type '{ id: string | SQL<unknown> | Placeholder<string, any>; quoteId: string | SQL<unknown> | Placeholder<string, any>; description?: string | SQL<unknown> | Placeholder<...> | null | undefined; ... 4 more ...; total?: string | ... 3 more ... | undefined; }[]'.
server/routers/quotes.ts(309,13): error TS2322: Type 'string' is not assignable to type 'SQL<unknown> | Date | null | undefined'.
server/routers/quotes.ts(348,13): error TS2322: Type 'string' is not assignable to type 'SQL<unknown> | Date | null | undefined'.
server/routers/quotes.ts(387,13): error TS2322: Type 'string' is not assignable to type 'SQL<unknown> | Date | null | undefined'.
server/routers/realtimeCollaboration.ts(23,26): error TS18047: 'db' is possibly 'null'.
server/routers/realtimeCollaboration.ts(48,26): error TS18047: 'db' is possibly 'null'.
server/routers/realtimeCollaboration.ts(79,13): error TS18047: 'db' is possibly 'null'.
server/routers/realtimeCollaboration.ts(106,26): error TS18047: 'db' is possibly 'null'.
server/routers/realtimeCollaboration.ts(135,26): error TS18047: 'db' is possibly 'null'.
server/routers/realtimeCollaboration.ts(162,13): error TS18047: 'db' is possibly 'null'.
server/routers/recurringInvoices.ts(94,39): error TS18047: 'db' is possibly 'null'.
server/routers/recurringInvoices.ts(117,15): error TS18047: 'db' is possibly 'null'.
server/routers/recurringInvoices.ts(166,30): error TS18047: 'db' is possibly 'null'.
server/routers/recurringInvoices.ts(175,36): error TS18047: 'db' is possibly 'null'.
server/routers/recurringInvoices.ts(176,69): error TS2339: Property 'clientName' does not exist on type 'MySqlTableWithColumns<{ name: "invoices"; schema: undefined; columns: { id: MySqlColumn<{ name: "id"; tableName: "invoices"; dataType: "string"; columnType: "MySqlVarChar"; data: string; driverParam: string | number; notNull: true; ... 7 more ...; generated: undefined; }, {}, {}>; ... 21 more ...; clientSubscription...'.
server/routers/recurringInvoices.ts(203,30): error TS18047: 'db' is possibly 'null'.
server/routers/recurringInvoices.ts(234,32): error TS18047: 'db' is possibly 'null'.
server/routers/recurringInvoices.ts(277,15): error TS18047: 'db' is possibly 'null'.
server/routers/recurringInvoices.ts(303,15): error TS18047: 'db' is possibly 'null'.
server/routers/recurringInvoices.ts(324,13): error TS18047: 'db' is possibly 'null'.
server/routers/recurringInvoices.ts(344,40): error TS18047: 'db' is possibly 'null'.
server/routers/recurringInvoices.ts(357,32): error TS18047: 'db' is possibly 'null'.
server/routers/recurringInvoices.ts(371,41): error TS18047: 'db' is possibly 'null'.
server/routers/recurringInvoices.ts(399,15): error TS18047: 'db' is possibly 'null'.
server/routers/recurringInvoices.ts(399,35): error TS2769: No overload matches this call.
  Overload 1 of 2, '(value: { id: string | SQL<unknown> | Placeholder<string, any>; total: number | SQL<unknown> | Placeholder<string, any>; clientId: string | SQL<unknown> | Placeholder<...>; ... 19 more ...; clientSubscriptionId?: string | ... 3 more ... | undefined; }): MySqlInsertBase<...>', gave the following error.
    Object literal may only specify known properties, and 'createdFromRecurring' does not exist in type '{ id: string | SQL<unknown> | Placeholder<string, any>; total: number | SQL<unknown> | Placeholder<string, any>; clientId: string | SQL<unknown> | Placeholder<string, any>; ... 19 more ...; clientSubscriptionId?: string | ... 3 more ... | undefined; }'.
  Overload 2 of 2, '(values: { id: string | SQL<unknown> | Placeholder<string, any>; total: number | SQL<unknown> | Placeholder<string, any>; clientId: string | SQL<unknown> | Placeholder<...>; ... 19 more ...; clientSubscriptionId?: string | ... 3 more ... | undefined; }[]): MySqlInsertBase<...>', gave the following error.
    Object literal may only specify known properties, and 'id' does not exist in type '{ id: string | SQL<unknown> | Placeholder<string, any>; total: number | SQL<unknown> | Placeholder<string, any>; clientId: string | SQL<unknown> | Placeholder<string, any>; ... 19 more ...; clientSubscriptionId?: string | ... 3 more ... | undefined; }[]'.
server/routers/recurringInvoices.ts(426,17): error TS18047: 'db' is possibly 'null'.
server/routers/recurringInvoices.ts(447,15): error TS18047: 'db' is possibly 'null'.
server/routers/reportBuilder.ts(23,80): error TS2554: Expected 1 arguments, but got 2.
server/routers/reportBuilder.ts(24,80): error TS2554: Expected 1 arguments, but got 2.
server/routers/reportBuilder.ts(39,28): error TS18047: 'db' is possibly 'null'.
server/routers/reportBuilder.ts(123,15): error TS18047: 'db' is possibly 'null'.
server/routers/reportBuilder.ts(135,28): error TS18047: 'db' is possibly 'null'.
server/routers/reportBuilder.ts(155,28): error TS18047: 'db' is possibly 'null'.
server/routers/reportBuilder.ts(219,11): error TS2783: 'reportId' is specified more than once, so this usage will be overwritten.
server/routers/reportBuilder.ts(321,15): error TS18047: 'db' is possibly 'null'.
server/routers/reportBuilder.ts(355,28): error TS18047: 'db' is possibly 'null'.
server/routers/reportBuilder.ts(383,32): error TS18047: 'db' is possibly 'null'.
server/routers/reportBuilder.ts(387,15): error TS18047: 'db' is possibly 'null'.
server/routers/salesReports.ts(55,33): error TS2339: Property 'serviceName' does not exist on type 'MySqlTableWithColumns<{ name: "services"; schema: undefined; columns: { id: MySqlColumn<{ name: "id"; tableName: "services"; dataType: "string"; columnType: "MySqlVarChar"; data: string; driverParam: string | number; notNull: true; ... 7 more ...; generated: undefined; }, {}, {}>; ... 12 more ...; updatedAt: MySqlCo...'.
server/routers/salesReports.ts(62,10): error TS2339: Property 'and' does not exist on type 'Omit<MySqlSelectBase<"invoiceItems", { serviceId: MySqlColumn<{ name: "itemId"; tableName: "invoiceItems"; dataType: "string"; columnType: "MySqlVarChar"; data: string; driverParam: string | number; notNull: false; ... 7 more ...; generated: undefined; }, {}, {}>; serviceName: any; total: SQL<...>; }, ... 6 more ......'.
server/routers/salesReports.ts(63,48): error TS2339: Property 'serviceName' does not exist on type 'MySqlTableWithColumns<{ name: "services"; schema: undefined; columns: { id: MySqlColumn<{ name: "id"; tableName: "services"; dataType: "string"; columnType: "MySqlVarChar"; data: string; driverParam: string | number; notNull: true; ... 7 more ...; generated: undefined; }, {}, {}>; ... 12 more ...; updatedAt: MySqlCo...'.
server/routers/schedulerRouter.ts(47,68): error TS2551: Property 'scheduledJobs' does not exist on type 'typeof import("E:/Nexus360/drizzle/schema")'. Did you mean 'schedules'?
server/routers/schedulerRouter.ts(84,68): error TS2551: Property 'scheduledJobs' does not exist on type 'typeof import("E:/Nexus360/drizzle/schema")'. Did you mean 'schedules'?
server/routers/schedulerRouter.ts(85,62): error TS2339: Property 'jobExecutionLogs' does not exist on type 'typeof import("E:/Nexus360/drizzle/schema")'.
server/routers/schedulerRouter.ts(160,68): error TS2551: Property 'scheduledJobs' does not exist on type 'typeof import("E:/Nexus360/drizzle/schema")'. Did you mean 'schedules'?
server/routers/schedulerRouter.ts(178,62): error TS2339: Property 'jobExecutionLogs' does not exist on type 'typeof import("E:/Nexus360/drizzle/schema")'.
server/routers/schedulerRouter.ts(195,75): error TS2339: Property 'itemsProcessed' does not exist on type 'GenerateRecurringResult'.
server/routers/schedulerRouter.ts(195,116): error TS2339: Property 'itemsFailed' does not exist on type 'GenerateRecurringResult'.
server/routers/schedulerRouter.ts(201,75): error TS2339: Property 'count' does not exist on type 'OverdueCheckResult'.
server/routers/schedulerRouter.ts(205,21): error TS2339: Property 'processInvoiceReminders' does not exist on type 'typeof import("E:/Nexus360/server/jobs/invoiceReminders")'.
server/routers/schedulerRouter.ts(287,62): error TS2339: Property 'jobExecutionLogs' does not exist on type 'typeof import("E:/Nexus360/drizzle/schema")'.
server/routers/schedulerRouter.ts(332,68): error TS2551: Property 'scheduledJobs' does not exist on type 'typeof import("E:/Nexus360/drizzle/schema")'. Did you mean 'schedules'?
server/routers/schedulerRouter.ts(333,67): error TS2339: Property 'jobHeartbeat' does not exist on type 'typeof import("E:/Nexus360/drizzle/schema")'.
server/routers/schedulerRouter.ts(350,62): error TS2339: Property 'jobExecutionLogs' does not exist on type 'typeof import("E:/Nexus360/drizzle/schema")'.
server/routers/schedulerRouter.ts(385,65): error TS2339: Property 'jobAlertRules' does not exist on type 'typeof import("E:/Nexus360/drizzle/schema")'.
server/routers/schedulerRouter.ts(424,65): error TS2339: Property 'jobAlertRules' does not exist on type 'typeof import("E:/Nexus360/drizzle/schema")'.
server/routers/schedulerRouter.ts(465,62): error TS2339: Property 'jobExecutionLogs' does not exist on type 'typeof import("E:/Nexus360/drizzle/schema")'.
server/routers/securityCompliance.ts(20,28): error TS18047: 'db' is possibly 'null'.
server/routers/securityCompliance.ts(23,29): error TS18047: 'db' is possibly 'null'.
server/routers/securityCompliance.ts(59,26): error TS18047: 'db' is possibly 'null'.
server/routers/securityCompliance.ts(82,13): error TS18047: 'db' is possibly 'null'.
server/routers/securityCompliance.ts(104,26): error TS18047: 'db' is possibly 'null'.
server/routers/securityCompliance.ts(123,28): error TS18047: 'db' is possibly 'null'.
server/routers/serviceTemplates.ts(250,35): error TS2322: Type 'Date' is not assignable to type 'string | SQL<unknown> | null | undefined'.
server/routers/serviceTemplates.ts(413,39): error TS2322: Type 'Date' is not assignable to type 'string | SQL<unknown> | null | undefined'.
server/routers/settings.ts(240,18): error TS2538: Type 'null' cannot be used as an index type.
server/routers/settings.ts(240,40): error TS2538: Type 'null' cannot be used as an index type.
server/routers/smsRouter.ts(73,41): error TS2554: Expected 2 arguments, but got 1.
server/routers/smsRouter.ts(83,30): error TS2339: Property 'statusCode' does not exist on type '{ success: boolean; reference?: string | undefined; }'.
server/routers/smsRouter.ts(354,16): error TS2769: No overload matches this call.
  Overload 1 of 3, '(left: MySqlColumn<{ name: "createdAt"; tableName: "smsQueue"; dataType: "string"; columnType: "MySqlTimestampString"; data: string; driverParam: string | number; notNull: false; hasDefault: true; isPrimaryKey: false; ... 5 more ...; generated: undefined; }, {}, {}>, right: string | SQLWrapper): SQL<...>', gave the following error.
    Argument of type 'Date' is not assignable to parameter of type 'string | SQLWrapper'.
  Overload 2 of 3, '(left: Aliased<Date>, right: SQLWrapper | Date): SQL<unknown>', gave the following error.
    Argument of type 'MySqlColumn<{ name: "createdAt"; tableName: "smsQueue"; dataType: "string"; columnType: "MySqlTimestampString"; data: string; driverParam: string | number; notNull: false; hasDefault: true; isPrimaryKey: false; ... 5 more ...; generated: undefined; }, {}, {}>' is not assignable to parameter of type 'Aliased<Date>'.
      Type 'MySqlColumn<{ name: "createdAt"; tableName: "smsQueue"; dataType: "string"; columnType: "MySqlTimestampString"; data: string; driverParam: string | number; notNull: false; hasDefault: true; isPrimaryKey: false; ... 5 more ...; generated: undefined; }, {}, {}>' is missing the following properties from type 'Aliased<Date>': sql, fieldAlias
  Overload 3 of 3, '(left: never, right: unknown): SQL<unknown>', gave the following error.
    Argument of type 'MySqlColumn<{ name: "createdAt"; tableName: "smsQueue"; dataType: "string"; columnType: "MySqlTimestampString"; data: string; driverParam: string | number; notNull: false; hasDefault: true; isPrimaryKey: false; ... 5 more ...; generated: undefined; }, {}, {}>' is not assignable to parameter of type 'never'.
server/routers/stripe.ts(52,38): error TS2339: Property 'select' does not exist on type 'Promise<(MySql2Database<Record<string, unknown>> & { $client: Pool; }) | null>'.
server/routers/stripe.ts(112,72): error TS2339: Property 'stripeCustomers' does not exist on type 'typeof import("E:/Nexus360/drizzle/schema")'.
server/routers/stripe.ts(175,77): error TS2339: Property 'stripePaymentIntents' does not exist on type 'typeof import("E:/Nexus360/drizzle/schema")'.
server/routers/stripe.ts(221,77): error TS2339: Property 'stripePaymentIntents' does not exist on type 'typeof import("E:/Nexus360/drizzle/schema")'.
server/routers/stripe.ts(230,58): error TS2304: Cannot find name 'paymentIntentId'.
server/routers/stripe.ts(276,40): error TS2304: Cannot find name 'paymentIntentId'.
server/routers/suppliers.ts(88,11): error TS2740: Type 'Omit<MySqlSelectBase<"suppliers", { id: MySqlColumn<{ name: "id"; tableName: "suppliers"; dataType: "string"; columnType: "MySqlVarChar"; data: string; driverParam: string | number; notNull: true; hasDefault: false; ... 6 more ...; generated: undefined; }, {}, {}>; ... 37 more ...; updatedAt: MySqlColumn<...>; }, .....' is missing the following properties from type 'MySqlSelectBase<"suppliers", { id: MySqlColumn<{ name: "id"; tableName: "suppliers"; dataType: "string"; columnType: "MySqlVarChar"; data: string; driverParam: string | number; notNull: true; hasDefault: false; isPrimaryKey: true; ... 5 more ...; generated: undefined; }, {}, {}>; ... 37 more ...; updatedAt: MySqlCol...': createIterator, config, joinsNotNullableMap, tableName, and 6 more.
server/routers/sysAdmin.ts(52,33): error TS18047: 'database' is possibly 'null'.
server/routers/sysAdmin.ts(53,30): error TS18047: 'database' is possibly 'null'.
server/routers/sysAdmin.ts(54,32): error TS18047: 'database' is possibly 'null'.
server/routers/sysAdmin.ts(55,31): error TS18047: 'database' is possibly 'null'.
server/routers/sysAdmin.ts(68,26): error TS18047: 'database' is possibly 'null'.
server/routers/sysAdmin.ts(101,13): error TS18047: 'database' is possibly 'null'.
server/routers/sysAdmin.ts(122,11): error TS2322: Type '({ readonly key: "users"; readonly schema: MySqlTableWithColumns<{ name: "users"; schema: undefined; columns: { id: MySqlColumn<{ name: "id"; tableName: "users"; dataType: "string"; columnType: "MySqlVarChar"; data: string; driverParam: string | number; ... 8 more ...; generated: undefined; }, {}, {}>; ... 22 more ....' is not assignable to type 'readonly [{ readonly key: "users"; readonly schema: MySqlTableWithColumns<{ name: "users"; schema: undefined; columns: { id: MySqlColumn<{ name: "id"; tableName: "users"; dataType: "string"; columnType: "MySqlVarChar"; data: string; driverParam: string | number; ... 8 more ...; generated: undefined; }, {}, {}>; ... ...'.
  Target requires 20 element(s) but source may have fewer.
server/routers/sysAdmin.ts(134,33): error TS18047: 'database' is possibly 'null'.
server/routers/sysAdmin.ts(138,33): error TS18047: 'database' is possibly 'null'.
server/routers/sysAdmin.ts(141,31): error TS18047: 'database' is possibly 'null'.
server/routers/sysAdmin.ts(158,15): error TS18047: 'database' is possibly 'null'.
server/routers/sysAdmin.ts(182,17): error TS18047: 'database' is possibly 'null'.
server/routers/sysAdmin.ts(233,19): error TS18047: 'database' is possibly 'null'.
server/routers/sysAdmin.ts(257,47): error TS18047: 'database' is possibly 'null'.
server/routers/sysAdmin.ts(287,15): error TS18047: 'database' is possibly 'null'.
server/routers/sysAdmin.ts(315,24): error TS18047: 'database' is possibly 'null'.
server/routers/sysAdmin.ts(319,24): error TS18047: 'database' is possibly 'null'.
server/routers/sysAdmin.ts(333,13): error TS18047: 'database' is possibly 'null'.
server/routers/sysAdmin.ts(349,13): error TS18047: 'database' is possibly 'null'.
server/routers/sysAdmin.ts(356,20): error TS18047: 'database' is possibly 'null'.
server/routers/sysAdmin.ts(366,13): error TS18047: 'database' is possibly 'null'.
server/routers/tablePreferences.ts(14,28): error TS18047: 'db' is possibly 'null'.
server/routers/tablePreferences.ts(52,32): error TS18047: 'db' is possibly 'null'.
server/routers/tablePreferences.ts(64,15): error TS18047: 'db' is possibly 'null'.
server/routers/tablePreferences.ts(74,13): error TS2322: Type 'Date' is not assignable to type 'string | SQL<unknown> | null | undefined'.
server/routers/tablePreferences.ts(82,13): error TS18047: 'db' is possibly 'null'.
server/routers/tablePreferences.ts(104,13): error TS18047: 'db' is possibly 'null'.
server/routers/taxCompliance.ts(37,54): error TS2339: Property 'date' does not exist on type 'MySqlTableWithColumns<{ name: "payroll"; schema: undefined; columns: { id: MySqlColumn<{ name: "id"; tableName: "payroll"; dataType: "string"; columnType: "MySqlVarChar"; data: string; driverParam: string | number; notNull: true; ... 7 more ...; generated: undefined; }, {}, {}>; ... 14 more ...; updatedAt: MySqlColu...'.
server/routers/taxCompliance.ts(38,56): error TS2339: Property 'payeeTax' does not exist on type 'MySqlTableWithColumns<{ name: "payroll"; schema: undefined; columns: { id: MySqlColumn<{ name: "id"; tableName: "payroll"; dataType: "string"; columnType: "MySqlVarChar"; data: string; driverParam: string | number; notNull: true; ... 7 more ...; generated: undefined; }, {}, {}>; ... 14 more ...; updatedAt: MySqlColu...'.
server/routers/taxCompliance.ts(41,34): error TS2339: Property 'date' does not exist on type 'MySqlTableWithColumns<{ name: "payroll"; schema: undefined; columns: { id: MySqlColumn<{ name: "id"; tableName: "payroll"; dataType: "string"; columnType: "MySqlVarChar"; data: string; driverParam: string | number; notNull: true; ... 7 more ...; generated: undefined; }, {}, {}>; ... 14 more ...; updatedAt: MySqlColu...'.
server/routers/taxCompliance.ts(42,46): error TS2339: Property 'date' does not exist on type 'MySqlTableWithColumns<{ name: "payroll"; schema: undefined; columns: { id: MySqlColumn<{ name: "id"; tableName: "payroll"; dataType: "string"; columnType: "MySqlVarChar"; data: string; driverParam: string | number; notNull: true; ... 7 more ...; generated: undefined; }, {}, {}>; ... 14 more ...; updatedAt: MySqlColu...'.
server/routers/taxCompliance.ts(43,46): error TS2339: Property 'date' does not exist on type 'MySqlTableWithColumns<{ name: "payroll"; schema: undefined; columns: { id: MySqlColumn<{ name: "id"; tableName: "payroll"; dataType: "string"; columnType: "MySqlVarChar"; data: string; driverParam: string | number; notNull: true; ... 7 more ...; generated: undefined; }, {}, {}>; ... 14 more ...; updatedAt: MySqlColu...'.
server/routers/taxCompliance.ts(68,54): error TS2339: Property 'date' does not exist on type 'MySqlTableWithColumns<{ name: "payroll"; schema: undefined; columns: { id: MySqlColumn<{ name: "id"; tableName: "payroll"; dataType: "string"; columnType: "MySqlVarChar"; data: string; driverParam: string | number; notNull: true; ... 7 more ...; generated: undefined; }, {}, {}>; ... 14 more ...; updatedAt: MySqlColu...'.
server/routers/taxCompliance.ts(69,55): error TS2339: Property 'nssfContribution' does not exist on type 'MySqlTableWithColumns<{ name: "payroll"; schema: undefined; columns: { id: MySqlColumn<{ name: "id"; tableName: "payroll"; dataType: "string"; columnType: "MySqlVarChar"; data: string; driverParam: string | number; notNull: true; ... 7 more ...; generated: undefined; }, {}, {}>; ... 14 more ...; updatedAt: MySqlColu...'.
server/routers/taxCompliance.ts(72,34): error TS2339: Property 'date' does not exist on type 'MySqlTableWithColumns<{ name: "payroll"; schema: undefined; columns: { id: MySqlColumn<{ name: "id"; tableName: "payroll"; dataType: "string"; columnType: "MySqlVarChar"; data: string; driverParam: string | number; notNull: true; ... 7 more ...; generated: undefined; }, {}, {}>; ... 14 more ...; updatedAt: MySqlColu...'.
server/routers/taxCompliance.ts(73,46): error TS2339: Property 'date' does not exist on type 'MySqlTableWithColumns<{ name: "payroll"; schema: undefined; columns: { id: MySqlColumn<{ name: "id"; tableName: "payroll"; dataType: "string"; columnType: "MySqlVarChar"; data: string; driverParam: string | number; notNull: true; ... 7 more ...; generated: undefined; }, {}, {}>; ... 14 more ...; updatedAt: MySqlColu...'.
server/routers/taxCompliance.ts(74,46): error TS2339: Property 'date' does not exist on type 'MySqlTableWithColumns<{ name: "payroll"; schema: undefined; columns: { id: MySqlColumn<{ name: "id"; tableName: "payroll"; dataType: "string"; columnType: "MySqlVarChar"; data: string; driverParam: string | number; notNull: true; ... 7 more ...; generated: undefined; }, {}, {}>; ... 14 more ...; updatedAt: MySqlColu...'.
server/routers/taxCompliance.ts(99,54): error TS2339: Property 'date' does not exist on type 'MySqlTableWithColumns<{ name: "payroll"; schema: undefined; columns: { id: MySqlColumn<{ name: "id"; tableName: "payroll"; dataType: "string"; columnType: "MySqlVarChar"; data: string; driverParam: string | number; notNull: true; ... 7 more ...; generated: undefined; }, {}, {}>; ... 14 more ...; updatedAt: MySqlColu...'.
server/routers/taxCompliance.ts(100,55): error TS2339: Property 'shifContribution' does not exist on type 'MySqlTableWithColumns<{ name: "payroll"; schema: undefined; columns: { id: MySqlColumn<{ name: "id"; tableName: "payroll"; dataType: "string"; columnType: "MySqlVarChar"; data: string; driverParam: string | number; notNull: true; ... 7 more ...; generated: undefined; }, {}, {}>; ... 14 more ...; updatedAt: MySqlColu...'.
server/routers/taxCompliance.ts(103,34): error TS2339: Property 'date' does not exist on type 'MySqlTableWithColumns<{ name: "payroll"; schema: undefined; columns: { id: MySqlColumn<{ name: "id"; tableName: "payroll"; dataType: "string"; columnType: "MySqlVarChar"; data: string; driverParam: string | number; notNull: true; ... 7 more ...; generated: undefined; }, {}, {}>; ... 14 more ...; updatedAt: MySqlColu...'.
server/routers/taxCompliance.ts(104,46): error TS2339: Property 'date' does not exist on type 'MySqlTableWithColumns<{ name: "payroll"; schema: undefined; columns: { id: MySqlColumn<{ name: "id"; tableName: "payroll"; dataType: "string"; columnType: "MySqlVarChar"; data: string; driverParam: string | number; notNull: true; ... 7 more ...; generated: undefined; }, {}, {}>; ... 14 more ...; updatedAt: MySqlColu...'.
server/routers/taxCompliance.ts(105,46): error TS2339: Property 'date' does not exist on type 'MySqlTableWithColumns<{ name: "payroll"; schema: undefined; columns: { id: MySqlColumn<{ name: "id"; tableName: "payroll"; dataType: "string"; columnType: "MySqlVarChar"; data: string; driverParam: string | number; notNull: true; ... 7 more ...; generated: undefined; }, {}, {}>; ... 14 more ...; updatedAt: MySqlColu...'.
server/routers/taxCompliance.ts(130,54): error TS2339: Property 'date' does not exist on type 'MySqlTableWithColumns<{ name: "payroll"; schema: undefined; columns: { id: MySqlColumn<{ name: "id"; tableName: "payroll"; dataType: "string"; columnType: "MySqlVarChar"; data: string; driverParam: string | number; notNull: true; ... 7 more ...; generated: undefined; }, {}, {}>; ... 14 more ...; updatedAt: MySqlColu...'.
server/routers/taxCompliance.ts(131,58): error TS2339: Property 'housingLevyDeduction' does not exist on type 'MySqlTableWithColumns<{ name: "payroll"; schema: undefined; columns: { id: MySqlColumn<{ name: "id"; tableName: "payroll"; dataType: "string"; columnType: "MySqlVarChar"; data: string; driverParam: string | number; notNull: true; ... 7 more ...; generated: undefined; }, {}, {}>; ... 14 more ...; updatedAt: MySqlColu...'.
server/routers/taxCompliance.ts(134,34): error TS2339: Property 'date' does not exist on type 'MySqlTableWithColumns<{ name: "payroll"; schema: undefined; columns: { id: MySqlColumn<{ name: "id"; tableName: "payroll"; dataType: "string"; columnType: "MySqlVarChar"; data: string; driverParam: string | number; notNull: true; ... 7 more ...; generated: undefined; }, {}, {}>; ... 14 more ...; updatedAt: MySqlColu...'.
server/routers/taxCompliance.ts(135,46): error TS2339: Property 'date' does not exist on type 'MySqlTableWithColumns<{ name: "payroll"; schema: undefined; columns: { id: MySqlColumn<{ name: "id"; tableName: "payroll"; dataType: "string"; columnType: "MySqlVarChar"; data: string; driverParam: string | number; notNull: true; ... 7 more ...; generated: undefined; }, {}, {}>; ... 14 more ...; updatedAt: MySqlColu...'.
server/routers/taxCompliance.ts(136,46): error TS2339: Property 'date' does not exist on type 'MySqlTableWithColumns<{ name: "payroll"; schema: undefined; columns: { id: MySqlColumn<{ name: "id"; tableName: "payroll"; dataType: "string"; columnType: "MySqlVarChar"; data: string; driverParam: string | number; notNull: true; ... 7 more ...; generated: undefined; }, {}, {}>; ... 14 more ...; updatedAt: MySqlColu...'.
server/routers/taxCompliance.ts(162,34): error TS2339: Property 'date' does not exist on type 'MySqlTableWithColumns<{ name: "payroll"; schema: undefined; columns: { id: MySqlColumn<{ name: "id"; tableName: "payroll"; dataType: "string"; columnType: "MySqlVarChar"; data: string; driverParam: string | number; notNull: true; ... 7 more ...; generated: undefined; }, {}, {}>; ... 14 more ...; updatedAt: MySqlColu...'.
server/routers/taxCompliance.ts(189,17): error TS2339: Property 'grossSalary' does not exist on type '{ id: string; employeeId: string; payPeriodStart: string; payPeriodEnd: string; basicSalary: number; allowances: number | null; deductions: number | null; tax: number | null; netSalary: number; ... 6 more ...; updatedAt: string | null; }'.
server/routers/taxCompliance.ts(190,17): error TS2339: Property 'nssfContribution' does not exist on type '{ id: string; employeeId: string; payPeriodStart: string; payPeriodEnd: string; basicSalary: number; allowances: number | null; deductions: number | null; tax: number | null; netSalary: number; ... 6 more ...; updatedAt: string | null; }'.
server/routers/taxCompliance.ts(191,17): error TS2339: Property 'payeeTax' does not exist on type '{ id: string; employeeId: string; payPeriodStart: string; payPeriodEnd: string; basicSalary: number; allowances: number | null; deductions: number | null; tax: number | null; netSalary: number; ... 6 more ...; updatedAt: string | null; }'.
server/routers/taxCompliance.ts(192,17): error TS2339: Property 'shifContribution' does not exist on type '{ id: string; employeeId: string; payPeriodStart: string; payPeriodEnd: string; basicSalary: number; allowances: number | null; deductions: number | null; tax: number | null; netSalary: number; ... 6 more ...; updatedAt: string | null; }'.
server/routers/taxCompliance.ts(193,17): error TS2339: Property 'housingLevyDeduction' does not exist on type '{ id: string; employeeId: string; payPeriodStart: string; payPeriodEnd: string; basicSalary: number; allowances: number | null; deductions: number | null; tax: number | null; netSalary: number; ... 6 more ...; updatedAt: string | null; }'.
server/routers/thirdPartyIntegration.ts(17,13): error TS18047: 'db' is possibly 'null'.
server/routers/thirdPartyIntegration.ts(27,26): error TS18047: 'db' is possibly 'null'.
server/routers/thirdPartyIntegration.ts(30,13): error TS18047: 'db' is possibly 'null'.
server/routers/thirdPartyIntegration.ts(38,27): error TS2339: Property 'limit' does not exist on type '{}'.
server/routers/thirdPartyIntegration.ts(41,17): error TS2339: Property 'provider' does not exist on type '{}'.
server/routers/thirdPartyIntegration.ts(42,17): error TS18047: 'db' is possibly 'null'.
server/routers/thirdPartyIntegration.ts(42,98): error TS2339: Property 'provider' does not exist on type '{}'.
server/routers/thirdPartyIntegration.ts(43,24): error TS2339: Property 'status' does not exist on type '{}'.
server/routers/thirdPartyIntegration.ts(44,17): error TS18047: 'db' is possibly 'null'.
server/routers/thirdPartyIntegration.ts(44,96): error TS2339: Property 'status' does not exist on type '{}'.
server/routers/thirdPartyIntegration.ts(46,17): error TS18047: 'db' is possibly 'null'.
server/routers/thirdPartyIntegration.ts(58,13): error TS18047: 'db' is possibly 'null'.
server/routers/thirdPartyIntegration.ts(68,13): error TS18047: 'db' is possibly 'null'.
server/routers/training.ts(53,12): error TS7053: Element implicitly has an 'any' type because expression of type '0' can't be used to index type 'QueryResult'.
  Property '0' does not exist on type 'QueryResult'.
server/routers/training.ts(61,19): error TS7053: Element implicitly has an 'any' type because expression of type '0' can't be used to index type 'QueryResult'.
  Property '0' does not exist on type 'QueryResult'.
server/routers/uiuxExcellence.ts(17,13): error TS18047: 'db' is possibly 'null'.
server/routers/uiuxExcellence.ts(17,38): error TS2769: No overload matches this call.
  Overload 1 of 2, '(value: { id: string | SQL<unknown> | Placeholder<string, any>; createdBy: string | SQL<unknown> | Placeholder<string, any>; configType: string | SQL<unknown> | Placeholder<...>; ... 5 more ...; theme?: string | ... 3 more ... | undefined; }): MySqlInsertBase<...>', gave the following error.
    Object literal may only specify known properties, but 'configKey' does not exist in type '{ id: string | SQL<unknown> | Placeholder<string, any>; createdBy: string | SQL<unknown> | Placeholder<string, any>; configType: string | SQL<unknown> | Placeholder<...>; ... 5 more ...; theme?: string | ... 3 more ... | undefined; }'. Did you mean to write 'config'?
  Overload 2 of 2, '(values: { id: string | SQL<unknown> | Placeholder<string, any>; createdBy: string | SQL<unknown> | Placeholder<string, any>; configType: string | SQL<unknown> | Placeholder<...>; ... 5 more ...; theme?: string | ... 3 more ... | undefined; }[]): MySqlInsertBase<...>', gave the following error.
    Object literal may only specify known properties, and 'id' does not exist in type '{ id: string | SQL<unknown> | Placeholder<string, any>; createdBy: string | SQL<unknown> | Placeholder<string, any>; configType: string | SQL<unknown> | Placeholder<...>; ... 5 more ...; theme?: string | ... 3 more ... | undefined; }[]'.
server/routers/uiuxExcellence.ts(26,13): error TS18047: 'db' is possibly 'null'.
server/routers/uiuxExcellence.ts(26,38): error TS2769: No overload matches this call.
  Overload 1 of 2, '(value: { id: string | SQL<unknown> | Placeholder<string, any>; createdBy: string | SQL<unknown> | Placeholder<string, any>; configType: string | SQL<unknown> | Placeholder<...>; ... 5 more ...; theme?: string | ... 3 more ... | undefined; }): MySqlInsertBase<...>', gave the following error.
    Object literal may only specify known properties, but 'configKey' does not exist in type '{ id: string | SQL<unknown> | Placeholder<string, any>; createdBy: string | SQL<unknown> | Placeholder<string, any>; configType: string | SQL<unknown> | Placeholder<...>; ... 5 more ...; theme?: string | ... 3 more ... | undefined; }'. Did you mean to write 'config'?
  Overload 2 of 2, '(values: { id: string | SQL<unknown> | Placeholder<string, any>; createdBy: string | SQL<unknown> | Placeholder<string, any>; configType: string | SQL<unknown> | Placeholder<...>; ... 5 more ...; theme?: string | ... 3 more ... | undefined; }[]): MySqlInsertBase<...>', gave the following error.
    Object literal may only specify known properties, and 'id' does not exist in type '{ id: string | SQL<unknown> | Placeholder<string, any>; createdBy: string | SQL<unknown> | Placeholder<string, any>; configType: string | SQL<unknown> | Placeholder<...>; ... 5 more ...; theme?: string | ... 3 more ... | undefined; }[]'.
server/routers/uiuxExcellence.ts(41,17): error TS18047: 'db' is possibly 'null'.
server/routers/uiuxExcellence.ts(43,17): error TS18047: 'db' is possibly 'null'.
server/routers/uiuxExcellence.ts(46,63): error TS2339: Property 'configValue' does not exist on type '{ id: string; configType: string; name: string | null; theme: string | null; config: string | null; status: string; createdBy: string; createdAt: string | null; updatedAt: string | null; }'.
server/routers/uiuxExcellence.ts(46,90): error TS2339: Property 'configValue' does not exist on type '{ id: string; configType: string; name: string | null; theme: string | null; config: string | null; status: string; createdBy: string; createdAt: string | null; updatedAt: string | null; }'.
server/routers/uiuxExcellence.ts(53,13): error TS18047: 'db' is possibly 'null'.
server/routers/userManagement.ts(1,24): error TS2307: Cannot find module './base.js' or its corresponding type declarations.
server/routers/userManagement.ts(31,45): error TS2339: Property 'users' does not exist on type '{}'.
server/routers/userManagement.ts(89,45): error TS2339: Property 'userDeletions' does not exist on type '{}'.
server/routers/userManagement.ts(92,21): error TS7006: Parameter 'ud' implicitly has an 'any' type.
server/routers/userManagement.ts(92,27): error TS7031: Binding element 'desc' implicitly has an 'any' type.
server/routers/userManagement.ts(95,38): error TS2339: Property 'userDeletions' does not exist on type '{}'.
server/routers/userManagement.ts(123,41): error TS2339: Property 'userDeletions' does not exist on type '{}'.
server/routers/userManagement.ts(178,45): error TS2339: Property 'users' does not exist on type '{}'.
server/routers/userManagement.ts(218,39): error TS2339: Property 'users' does not exist on type '{}'.
server/routers/userManagement.ts(251,18): error TS2353: Object literal may only specify known properties, and 'requiresPasswordChange' does not exist in type '{ id?: string | SQL<unknown> | undefined; name?: string | SQL<unknown> | undefined; email?: string | SQL<unknown> | undefined; organizationId?: string | SQL<unknown> | null | undefined; isActive?: number | ... 1 more ... | undefined; ... 18 more ...; customRoleId?: string | ... 2 more ... | undefined; }'.
server/routers/warehouses.ts(11,12): error TS18047: 'db' is possibly 'null'.
server/routers/warehouses.ts(18,26): error TS18047: 'db' is possibly 'null'.
server/routers/warehouses.ts(34,13): error TS18047: 'db' is possibly 'null'.
server/routers/warehouses.ts(51,13): error TS18047: 'db' is possibly 'null'.
server/routers/warehouses.ts(59,13): error TS18047: 'db' is possibly 'null'.
server/routers/warehouses.ts(77,14): error TS18047: 'db' is possibly 'null'.
server/routers/warehouses.ts(94,13): error TS18047: 'db' is possibly 'null'.
server/routers/warranty.ts(35,11): error TS18047: 'db' is possibly 'null'.
server/routers/warranty.ts(36,11): error TS18047: 'db' is possibly 'null'.
server/routers/warranty.ts(57,28): error TS18047: 'db' is possibly 'null'.
server/routers/warranty.ts(96,15): error TS18047: 'db' is possibly 'null'.
server/routers/warranty.ts(97,28): error TS18047: 'db' is possibly 'null'.
server/routers/warranty.ts(123,32): error TS18047: 'db' is possibly 'null'.
server/routers/warranty.ts(140,17): error TS18047: 'db' is possibly 'null'.
server/routers/warranty.ts(143,28): error TS18047: 'db' is possibly 'null'.
server/routers/warranty.ts(160,32): error TS18047: 'db' is possibly 'null'.
server/routers/warranty.ts(164,15): error TS18047: 'db' is possibly 'null'.
server/routers/workflows.ts(103,48): error TS7006: Parameter 'a' implicitly has an 'any' type.
server/services/emailService.ts(58,41): error TS2769: No overload matches this call.
  Overload 1 of 2, '(value: { id: string | SQL<unknown> | Placeholder<string, any>; subject: string | SQL<unknown> | Placeholder<string, any>; eventType: string | SQL<unknown> | Placeholder<...>; ... 16 more ...; lastAttemptAt?: string | ... 3 more ... | undefined; }): MySqlInsertBase<...>', gave the following error.
    Type 'string | undefined' is not assignable to type 'string | SQL<unknown> | Placeholder<string, any>'.
      Type 'undefined' is not assignable to type 'string | SQL<unknown> | Placeholder<string, any>'.
  Overload 2 of 2, '(values: { id: string | SQL<unknown> | Placeholder<string, any>; subject: string | SQL<unknown> | Placeholder<string, any>; eventType: string | SQL<unknown> | Placeholder<...>; ... 16 more ...; lastAttemptAt?: string | ... 3 more ... | undefined; }[]): MySqlInsertBase<...>', gave the following error.
    Object literal may only specify known properties, and 'id' does not exist in type '{ id: string | SQL<unknown> | Placeholder<string, any>; subject: string | SQL<unknown> | Placeholder<string, any>; eventType: string | SQL<unknown> | Placeholder<...>; ... 16 more ...; lastAttemptAt?: string | ... 3 more ... | undefined; }[]'.
server/services/emailService.ts(129,15): error TS2769: No overload matches this call.
  Overload 1 of 3, '(left: MySqlColumn<{ name: "nextRetryAt"; tableName: "emailQueue"; dataType: "string"; columnType: "MySqlTimestampString"; data: string; driverParam: string | number; notNull: false; hasDefault: false; ... 6 more ...; generated: undefined; }, {}, {}>, right: string | SQLWrapper): SQL<...>', gave the following error.
    Argument of type 'null' is not assignable to parameter of type 'string | SQLWrapper'.
  Overload 2 of 3, '(left: Aliased<null>, right: SQLWrapper | null): SQL<unknown>', gave the following error.
    Argument of type 'MySqlColumn<{ name: "nextRetryAt"; tableName: "emailQueue"; dataType: "string"; columnType: "MySqlTimestampString"; data: string; driverParam: string | number; notNull: false; hasDefault: false; isPrimaryKey: false; ... 5 more ...; generated: undefined; }, {}, {}>' is not assignable to parameter of type 'Aliased<null>'.
      Type 'MySqlColumn<{ name: "nextRetryAt"; tableName: "emailQueue"; dataType: "string"; columnType: "MySqlTimestampString"; data: string; driverParam: string | number; notNull: false; hasDefault: false; isPrimaryKey: false; ... 5 more ...; generated: undefined; }, {}, {}>' is missing the following properties from type 'Aliased<null>': sql, fieldAlias
  Overload 3 of 3, '(left: never, right: unknown): SQL<unknown>', gave the following error.
    Argument of type 'MySqlColumn<{ name: "nextRetryAt"; tableName: "emailQueue"; dataType: "string"; columnType: "MySqlTimestampString"; data: string; driverParam: string | number; notNull: false; hasDefault: false; isPrimaryKey: false; ... 5 more ...; generated: undefined; }, {}, {}>' is not assignable to parameter of type 'never'.
server/services/emailService.ts(130,15): error TS2769: No overload matches this call.
  Overload 1 of 3, '(left: MySqlColumn<{ name: "nextRetryAt"; tableName: "emailQueue"; dataType: "string"; columnType: "MySqlTimestampString"; data: string; driverParam: string | number; notNull: false; hasDefault: false; ... 6 more ...; generated: undefined; }, {}, {}>, right: string | SQLWrapper): SQL<...>', gave the following error.
    Argument of type 'Date' is not assignable to parameter of type 'string | SQLWrapper'.
  Overload 2 of 3, '(left: Aliased<Date>, right: SQLWrapper | Date): SQL<unknown>', gave the following error.
    Argument of type 'MySqlColumn<{ name: "nextRetryAt"; tableName: "emailQueue"; dataType: "string"; columnType: "MySqlTimestampString"; data: string; driverParam: string | number; notNull: false; hasDefault: false; isPrimaryKey: false; ... 5 more ...; generated: undefined; }, {}, {}>' is not assignable to parameter of type 'Aliased<Date>'.
      Type 'MySqlColumn<{ name: "nextRetryAt"; tableName: "emailQueue"; dataType: "string"; columnType: "MySqlTimestampString"; data: string; driverParam: string | number; notNull: false; hasDefault: false; isPrimaryKey: false; ... 5 more ...; generated: undefined; }, {}, {}>' is missing the following properties from type 'Aliased<Date>': sql, fieldAlias
  Overload 3 of 3, '(left: never, right: unknown): SQL<unknown>', gave the following error.
    Argument of type 'MySqlColumn<{ name: "nextRetryAt"; tableName: "emailQueue"; dataType: "string"; columnType: "MySqlTimestampString"; data: string; driverParam: string | number; notNull: false; hasDefault: false; isPrimaryKey: false; ... 5 more ...; generated: undefined; }, {}, {}>' is not assignable to parameter of type 'never'.
server/services/emailService.ts(148,23): error TS2339: Property 'toEmail' does not exist on type '{ id: string; recipientEmail: string; recipientName: string | null; subject: string; htmlContent: string; textContent: string | null; eventType: string; entityType: string | null; entityId: string | null; ... 10 more ...; updatedAt: string | null; }'.
server/services/emailService.ts(151,25): error TS2551: Property 'plainTextContent' does not exist on type '{ id: string; recipientEmail: string; recipientName: string | null; subject: string; htmlContent: string; textContent: string | null; eventType: string; entityType: string | null; entityId: string | null; ... 10 more ...; updatedAt: string | null; }'. Did you mean 'textContent'?
server/services/emailService.ts(169,39): error TS2339: Property 'attemptCount' does not exist on type '{ id: string; recipientEmail: string; recipientName: string | null; subject: string; htmlContent: string; textContent: string | null; eventType: string; entityType: string | null; entityId: string | null; ... 10 more ...; updatedAt: string | null; }'.
server/services/emailService.ts(181,17): error TS2322: Type 'Date' is not assignable to type 'string | SQL<unknown> | null | undefined'.
server/services/emailService.ts(190,17): error TS2353: Object literal may only specify known properties, and 'attemptCount' does not exist in type '{ id?: string | SQL<unknown> | undefined; subject?: string | SQL<unknown> | undefined; eventType?: string | SQL<unknown> | undefined; recipientEmail?: string | SQL<unknown> | undefined; htmlContent?: string | ... 1 more ... | undefined; ... 14 more ...; lastAttemptAt?: string | ... 2 more ... | undefined; }'.
server/services/emailService.ts(220,39): error TS2367: This comparison appears to be unintentional because the types '"pending" | "sent" | "failed" | "retrying"' and '"sending"' have no overlap.
server/services/emailService.ts(223,39): error TS2367: This comparison appears to be unintentional because the types '"pending" | "sent" | "failed" | "retrying"' and '"bounced"' have no overlap.
server/services/jobScheduler.ts(52,68): error TS2551: Property 'scheduledJobs' does not exist on type 'typeof import("E:/Nexus360/drizzle/schema")'. Did you mean 'schedules'?
server/services/jobScheduler.ts(128,69): error TS2339: Property 'jobExecutionLogs' does not exist on type 'typeof import("E:/Nexus360/drizzle/schema")'.
server/services/jobScheduler.ts(129,66): error TS2551: Property 'scheduledJobs' does not exist on type 'typeof import("E:/Nexus360/drizzle/schema")'. Did you mean 'schedules'?
server/services/jobScheduler.ts(270,71): error TS2339: Property 'jobExecutionLogs' does not exist on type 'typeof import("E:/Nexus360/drizzle/schema")'.
server/services/jobScheduler.ts(309,67): error TS2339: Property 'jobHeartbeat' does not exist on type 'typeof import("E:/Nexus360/drizzle/schema")'.
server/services/jobScheduler.ts(310,68): error TS2551: Property 'scheduledJobs' does not exist on type 'typeof import("E:/Nexus360/drizzle/schema")'. Did you mean 'schedules'?
server/services/jobScheduler.ts(360,68): error TS2339: Property 'jobAlertRules' does not exist on type 'typeof import("E:/Nexus360/drizzle/schema")'.
server/services/jobScheduler.ts(361,70): error TS2339: Property 'jobAlertHistory' does not exist on type 'typeof import("E:/Nexus360/drizzle/schema")'.
server/services/jobScheduler.ts(428,27): error TS2551: Property 'toDate' does not exist on type 'DateTime<boolean>'. Did you mean 'toJSDate'?
server/services/jobScheduler.ts(452,17): error TS2339: Property 'sendPaymentReminders' does not exist on type 'typeof import("E:/Nexus360/server/jobs/invoiceReminders")'.
server/services/jobScheduler.ts(493,68): error TS2551: Property 'scheduledJobs' does not exist on type 'typeof import("E:/Nexus360/drizzle/schema")'. Did you mean 'schedules'?
server/services/jobScheduler.ts(521,23): error TS2802: Type 'MapIterator<CronJob<null, null>>' can only be iterated through when using the '--downlevelIteration' flag or with a '--target' of 'es2015' or higher.
server/services/mpesa.ts(27,33): error TS2339: Property 'select' does not exist on type 'Promise<(MySql2Database<Record<string, unknown>> & { $client: Pool; }) | null>'.
server/services/mpesa.ts(124,7): error TS2322: Type 'string | null' is not assignable to type 'string'.
  Type 'null' is not assignable to type 'string'.
server/services/mpesa.ts(188,74): error TS2339: Property 'mpesaTransactions' does not exist on type 'typeof import("E:/Nexus360/drizzle/schema")'.
server/services/mpesa.ts(278,72): error TS2339: Property 'mpesaTransactions' does not exist on type 'typeof import("E:/Nexus360/drizzle/schema")'.
server/services/notificationService.ts(178,39): error TS2307: Cannot find module 'resend' or its corresponding type declarations.
server/services/notificationService.ts(209,35): error TS2307: Cannot find module '@sendgrid/mail' or its corresponding type declarations.
server/services/notificationService.ts(286,35): error TS2307: Cannot find module 'twilio' or its corresponding type declarations.
server/services/notificationTriggerService.ts(394,16): error TS2769: No overload matches this call.
  Overload 1 of 3, '(left: MySqlColumn<{ name: "role"; tableName: "users"; dataType: "string"; columnType: "MySqlEnumColumn"; data: "user" | "client" | "admin" | "staff" | "accountant" | "super_admin" | "project_manager" | "hr" | "ict_manager" | "procurement_manager" | "sales_manager"; ... 9 more ...; generated: undefined; }, {}, {}>, right: SQLWrapper | ... 10 more ... | "sales_manager"): SQL<...>', gave the following error.
    Argument of type 'string' is not assignable to parameter of type 'SQLWrapper | "user" | "client" | "admin" | "staff" | "accountant" | "super_admin" | "project_manager" | "hr" | "ict_manager" | "procurement_manager" | "sales_manager"'.
  Overload 2 of 3, '(left: Aliased<string>, right: string | SQLWrapper): SQL<unknown>', gave the following error.
    Argument of type 'MySqlColumn<{ name: "role"; tableName: "users"; dataType: "string"; columnType: "MySqlEnumColumn"; data: "user" | "client" | "admin" | "staff" | "accountant" | "super_admin" | "project_manager" | "hr" | "ict_manager" | "procurement_manager" | "sales_manager"; ... 9 more ...; generated: undefined; }, {}, {}>' is not assignable to parameter of type 'Aliased<string>'.
      Type 'MySqlColumn<{ name: "role"; tableName: "users"; dataType: "string"; columnType: "MySqlEnumColumn"; data: "user" | "client" | "admin" | "staff" | "accountant" | "super_admin" | "project_manager" | "hr" | "ict_manager" | "procurement_manager" | "sales_manager"; ... 9 more ...; generated: undefined; }, {}, {}>' is missing the following properties from type 'Aliased<string>': sql, fieldAlias
  Overload 3 of 3, '(left: never, right: unknown): SQL<unknown>', gave the following error.
    Argument of type 'MySqlColumn<{ name: "role"; tableName: "users"; dataType: "string"; columnType: "MySqlEnumColumn"; data: "user" | "client" | "admin" | "staff" | "accountant" | "super_admin" | "project_manager" | "hr" | "ict_manager" | "procurement_manager" | "sales_manager"; ... 9 more ...; generated: undefined; }, {}, {}>' is not assignable to parameter of type 'never'.
server/services/orgSubscriptionJobs.ts(39,11): error TS18047: 'pool' is possibly 'null'.
server/services/orgSubscriptionJobs.ts(59,11): error TS18047: 'pool' is possibly 'null'.
server/services/orgSubscriptionJobs.ts(78,11): error TS18047: 'pool' is possibly 'null'.
server/services/orgSubscriptionJobs.ts(96,11): error TS18047: 'pool' is possibly 'null'.
server/services/orgSubscriptionJobs.ts(115,11): error TS18047: 'pool' is possibly 'null'.
server/services/orgSubscriptionJobs.ts(148,11): error TS18047: 'pool' is possibly 'null'.
server/services/orgSubscriptionJobs.ts(155,11): error TS18047: 'pool' is possibly 'null'.
server/services/orgSubscriptionJobs.ts(173,11): error TS18047: 'pool' is possibly 'null'.
server/services/orgSubscriptionJobs.ts(191,11): error TS18047: 'pool' is possibly 'null'.
server/services/orgSubscriptionJobs.ts(192,11): error TS18047: 'pool' is possibly 'null'.
server/services/orgSubscriptionJobs.ts(198,11): error TS18047: 'pool' is possibly 'null'.
server/services/orgSubscriptionJobs.ts(216,9): error TS18047: 'pool' is possibly 'null'.
server/services/orgSubscriptionJobs.ts(228,11): error TS18047: 'pool' is possibly 'null'.
server/services/orgSubscriptionJobs.ts(236,9): error TS18047: 'pool' is possibly 'null'.
server/services/orgSubscriptionJobs.ts(260,33): error TS18047: 'pool' is possibly 'null'.
server/services/smsService.ts(170,15): error TS2769: No overload matches this call.
  Overload 1 of 3, '(left: MySqlColumn<{ name: "nextRetryAt"; tableName: "smsQueue"; dataType: "string"; columnType: "MySqlTimestampString"; data: string; driverParam: string | number; notNull: false; hasDefault: false; ... 6 more ...; generated: undefined; }, {}, {}>, right: string | SQLWrapper): SQL<...>', gave the following error.
    Argument of type 'null' is not assignable to parameter of type 'string | SQLWrapper'.
  Overload 2 of 3, '(left: Aliased<null>, right: SQLWrapper | null): SQL<unknown>', gave the following error.
    Argument of type 'MySqlColumn<{ name: "nextRetryAt"; tableName: "smsQueue"; dataType: "string"; columnType: "MySqlTimestampString"; data: string; driverParam: string | number; notNull: false; hasDefault: false; isPrimaryKey: false; ... 5 more ...; generated: undefined; }, {}, {}>' is not assignable to parameter of type 'Aliased<null>'.
      Type 'MySqlColumn<{ name: "nextRetryAt"; tableName: "smsQueue"; dataType: "string"; columnType: "MySqlTimestampString"; data: string; driverParam: string | number; notNull: false; hasDefault: false; isPrimaryKey: false; ... 5 more ...; generated: undefined; }, {}, {}>' is missing the following properties from type 'Aliased<null>': sql, fieldAlias
  Overload 3 of 3, '(left: never, right: unknown): SQL<unknown>', gave the following error.
    Argument of type 'MySqlColumn<{ name: "nextRetryAt"; tableName: "smsQueue"; dataType: "string"; columnType: "MySqlTimestampString"; data: string; driverParam: string | number; notNull: false; hasDefault: false; isPrimaryKey: false; ... 5 more ...; generated: undefined; }, {}, {}>' is not assignable to parameter of type 'never'.
server/services/smsService.ts(171,15): error TS2769: No overload matches this call.
  Overload 1 of 3, '(left: MySqlColumn<{ name: "nextRetryAt"; tableName: "smsQueue"; dataType: "string"; columnType: "MySqlTimestampString"; data: string; driverParam: string | number; notNull: false; hasDefault: false; ... 6 more ...; generated: undefined; }, {}, {}>, right: string | SQLWrapper): SQL<...>', gave the following error.
    Argument of type 'Date' is not assignable to parameter of type 'string | SQLWrapper'.
  Overload 2 of 3, '(left: Aliased<Date>, right: SQLWrapper | Date): SQL<unknown>', gave the following error.
    Argument of type 'MySqlColumn<{ name: "nextRetryAt"; tableName: "smsQueue"; dataType: "string"; columnType: "MySqlTimestampString"; data: string; driverParam: string | number; notNull: false; hasDefault: false; isPrimaryKey: false; ... 5 more ...; generated: undefined; }, {}, {}>' is not assignable to parameter of type 'Aliased<Date>'.
      Type 'MySqlColumn<{ name: "nextRetryAt"; tableName: "smsQueue"; dataType: "string"; columnType: "MySqlTimestampString"; data: string; driverParam: string | number; notNull: false; hasDefault: false; isPrimaryKey: false; ... 5 more ...; generated: undefined; }, {}, {}>' is missing the following properties from type 'Aliased<Date>': sql, fieldAlias
  Overload 3 of 3, '(left: never, right: unknown): SQL<unknown>', gave the following error.
    Argument of type 'MySqlColumn<{ name: "nextRetryAt"; tableName: "smsQueue"; dataType: "string"; columnType: "MySqlTimestampString"; data: string; driverParam: string | number; notNull: false; hasDefault: false; isPrimaryKey: false; ... 5 more ...; generated: undefined; }, {}, {}>' is not assignable to parameter of type 'never'.
server/services/smsService.ts(196,17): error TS2353: Object literal may only specify known properties, and 'providerReference' does not exist in type '{ id?: string | SQL<unknown> | undefined; message?: string | SQL<unknown> | undefined; phoneNumber?: string | SQL<unknown> | undefined; organizationId?: string | SQL<unknown> | null | undefined; ... 12 more ...; nextRetryAt?: string | ... 2 more ... | undefined; }'.
server/services/smsService.ts(206,37): error TS2339: Property 'attemptCount' does not exist on type '{ id: string; phoneNumber: string; message: string; status: "pending" | "failed" | "sending" | "delivered"; retryCount: number | null; provider: string | null; externalId: string | null; ... 9 more ...; updatedAt: string | null; }'.
server/services/smsService.ts(207,35): error TS2339: Property 'maxAttempts' does not exist on type '{ id: string; phoneNumber: string; message: string; status: "pending" | "failed" | "sending" | "delivered"; retryCount: number | null; provider: string | null; externalId: string | null; ... 9 more ...; updatedAt: string | null; }'.
server/services/smsService.ts(218,17): error TS2322: Type 'Date' is not assignable to type 'string | SQL<unknown> | null | undefined'.
server/services/smsService.ts(227,17): error TS2353: Object literal may only specify known properties, and 'attemptCount' does not exist in type '{ id?: string | SQL<unknown> | undefined; message?: string | SQL<unknown> | undefined; phoneNumber?: string | SQL<unknown> | undefined; organizationId?: string | SQL<unknown> | null | undefined; ... 12 more ...; nextRetryAt?: string | ... 2 more ... | undefined; }'.
server/services/smsService.ts(256,40): error TS2367: This comparison appears to be unintentional because the types '"pending" | "failed" | "sending" | "delivered"' and '"queued"' have no overlap.
server/services/smsService.ts(257,38): error TS2367: This comparison appears to be unintentional because the types '"pending" | "failed" | "sending" | "delivered"' and '"sent"' have no overlap.
server/services/smsService.ts(280,42): error TS2339: Property 'clientId' does not exist on type 'MySqlTableWithColumns<{ name: "smsCustomerPreferences"; schema: undefined; columns: { id: MySqlColumn<{ name: "id"; tableName: "smsCustomerPreferences"; dataType: "string"; columnType: "MySqlVarChar"; data: string; driverParam: string | number; ... 8 more ...; generated: undefined; }, {}, {}>; ... 5 more ...; update...'.
server/services/smsService.ts(303,42): error TS2339: Property 'clientId' does not exist on type 'MySqlTableWithColumns<{ name: "smsCustomerPreferences"; schema: undefined; columns: { id: MySqlColumn<{ name: "id"; tableName: "smsCustomerPreferences"; dataType: "string"; columnType: "MySqlVarChar"; data: string; driverParam: string | number; ... 8 more ...; generated: undefined; }, {}, {}>; ... 5 more ...; update...'.
server/services/smsService.ts(308,44): error TS2339: Property 'clientId' does not exist on type 'MySqlTableWithColumns<{ name: "smsCustomerPreferences"; schema: undefined; columns: { id: MySqlColumn<{ name: "id"; tableName: "smsCustomerPreferences"; dataType: "string"; columnType: "MySqlVarChar"; data: string; driverParam: string | number; ... 8 more ...; generated: undefined; }, {}, {}>; ... 5 more ...; update...'.
server/services/smsService.ts(310,55): error TS2769: No overload matches this call.
  Overload 1 of 2, '(value: { id: string | SQL<unknown> | Placeholder<string, any>; phoneNumber: string | SQL<unknown> | Placeholder<string, any>; updatedAt?: string | SQL<unknown> | Placeholder<...> | null | undefined; optedIn?: boolean | ... 2 more ... | undefined; marketingOptedIn?: boolean | ... 2 more ... | undefined; transactionalOptedIn?: boolean | ... 2 more ... | undefined; reminderPreferences?: unknown; }): MySqlInsertBase<...>', gave the following error.
    Object literal may only specify known properties, and 'clientId' does not exist in type '{ id: string | SQL<unknown> | Placeholder<string, any>; phoneNumber: string | SQL<unknown> | Placeholder<string, any>; updatedAt?: string | SQL<unknown> | Placeholder<...> | null | undefined; optedIn?: boolean | ... 2 more ... | undefined; marketingOptedIn?: boolean | ... 2 more ... | undefined; transactionalOptedIn...'.
  Overload 2 of 2, '(values: { id: string | SQL<unknown> | Placeholder<string, any>; phoneNumber: string | SQL<unknown> | Placeholder<string, any>; updatedAt?: string | SQL<unknown> | Placeholder<...> | null | undefined; optedIn?: boolean | ... 2 more ... | undefined; marketingOptedIn?: boolean | ... 2 more ... | undefined; transactionalOptedIn?: boolean | ... 2 more ... | undefined; reminderPreferences?: unknown; }[]): MySqlInsertBase<...>', gave the following error.
    Object literal may only specify known properties, and 'id' does not exist in type '{ id: string | SQL<unknown> | Placeholder<string, any>; phoneNumber: string | SQL<unknown> | Placeholder<string, any>; updatedAt?: string | SQL<unknown> | Placeholder<...> | null | undefined; optedIn?: boolean | ... 2 more ... | undefined; marketingOptedIn?: boolean | ... 2 more ... | undefined; transactionalOptedIn...'.
server/services/smsService.ts(333,72): error TS2339: Property 'smsDeliveryEvents' does not exist on type 'typeof import("E:/Nexus360/drizzle/schema")'.
server/services/smsService.ts(339,28): error TS2339: Property 'providerReference' does not exist on type 'MySqlTableWithColumns<{ name: "smsQueue"; schema: undefined; columns: { id: MySqlColumn<{ name: "id"; tableName: "smsQueue"; dataType: "string"; columnType: "MySqlVarChar"; data: string; driverParam: string | number; notNull: true; ... 7 more ...; generated: undefined; }, {}, {}>; ... 15 more ...; updatedAt: MySqlCo...'.
server/services/smsService.ts(348,13): error TS2353: Object literal may only specify known properties, and 'deliveredAt' does not exist in type '{ id?: string | SQL<unknown> | undefined; message?: string | SQL<unknown> | undefined; phoneNumber?: string | SQL<unknown> | undefined; organizationId?: string | SQL<unknown> | null | undefined; ... 12 more ...; nextRetryAt?: string | ... 2 more ... | undefined; }'.
server/services/stripe.ts(23,33): error TS2339: Property 'select' does not exist on type 'Promise<(MySql2Database<Record<string, unknown>> & { $client: Pool; }) | null>'.
server/services/stripe.ts(49,42): error TS2322: Type '"2024-06-20"' is not assignable to type '"2024-04-10"'.
server/services/stripe.ts(112,73): error TS2339: Property 'stripePaymentIntents' does not exist on type 'typeof import("E:/Nexus360/drizzle/schema")'.
server/services/stripe.ts(173,31): error TS2339: Property 'charges' does not exist on type 'Response<PaymentIntent>'.
server/services/stripe.ts(273,72): error TS2339: Property 'stripeWebhookEvents' does not exist on type 'typeof import("E:/Nexus360/drizzle/schema")'.
server/services/stripe.ts(274,73): error TS2339: Property 'stripePaymentIntents' does not exist on type 'typeof import("E:/Nexus360/drizzle/schema")'.
server/services/stripe.ts(306,20): error TS2769: No overload matches this call.
  Overload 1 of 3, '(left: MySqlColumn<{ name: "invoiceId"; tableName: "payments"; dataType: "string"; columnType: "MySqlVarChar"; data: string; driverParam: string | number; notNull: true; hasDefault: false; isPrimaryKey: false; ... 5 more ...; generated: undefined; }, {}, {}>, right: string | SQLWrapper): SQL<...>', gave the following error.
    Argument of type 'string | undefined' is not assignable to parameter of type 'string | SQLWrapper'.
      Type 'undefined' is not assignable to type 'string | SQLWrapper'.
  Overload 2 of 3, '(left: Aliased<string | undefined>, right: string | SQLWrapper | undefined): SQL<unknown>', gave the following error.
    Argument of type 'MySqlColumn<{ name: "invoiceId"; tableName: "payments"; dataType: "string"; columnType: "MySqlVarChar"; data: string; driverParam: string | number; notNull: true; hasDefault: false; isPrimaryKey: false; ... 5 more ...; generated: undefined; }, {}, {}>' is not assignable to parameter of type 'Aliased<string | undefined>'.
      Type 'MySqlColumn<{ name: "invoiceId"; tableName: "payments"; dataType: "string"; columnType: "MySqlVarChar"; data: string; driverParam: string | number; notNull: true; hasDefault: false; isPrimaryKey: false; ... 5 more ...; generated: undefined; }, {}, {}>' is missing the following properties from type 'Aliased<string | undefined>': sql, fieldAlias
  Overload 3 of 3, '(left: never, right: unknown): SQL<unknown>', gave the following error.
    Argument of type 'MySqlColumn<{ name: "invoiceId"; tableName: "payments"; dataType: "string"; columnType: "MySqlVarChar"; data: string; driverParam: string | number; notNull: true; hasDefault: false; isPrimaryKey: false; ... 5 more ...; generated: undefined; }, {}, {}>' is not assignable to parameter of type 'never'.
server/sse.ts(49,21): error TS2802: Type 'Set<Response<any, Record<string, any>>>' can only be iterated through when using the '--downlevelIteration' flag or with a '--target' of 'es2015' or higher.
server/utils/documentNumbering.ts(10,3): error TS2305: Module '"../../drizzle/schema"' has no exported member 'lpos'.
server/utils/documentNumbering.ts(11,3): error TS2305: Module '"../../drizzle/schema"' has no exported member 'orders'.
server/utils/documentNumbering.ts(12,3): error TS2305: Module '"../../drizzle/schema"' has no exported member 'imprests'.
server/utils/documentNumbering.ts(13,3): error TS2305: Module '"../../drizzle/schema"' has no exported member 'imprestSurrender'.
server/utils/documentNumbering.ts(19,3): error TS2305: Module '"../../drizzle/schema"' has no exported member 'suppliers'.
server/utils/report-export-utils.ts(55,43): error TS2769: No overload matches this call.
  Overload 1 of 3, '(left: MySqlColumn<{ name: "issueDate"; tableName: "invoices"; dataType: "string"; columnType: "MySqlDateTimeString"; data: string; driverParam: string | number; notNull: true; hasDefault: false; isPrimaryKey: false; ... 5 more ...; generated: undefined; }, {}, {}>, right: string | SQLWrapper): SQL<...>', gave the following error.
    Argument of type 'Date' is not assignable to parameter of type 'string | SQLWrapper'.
  Overload 2 of 3, '(left: Aliased<Date>, right: SQLWrapper | Date): SQL<unknown>', gave the following error.
    Argument of type 'MySqlColumn<{ name: "issueDate"; tableName: "invoices"; dataType: "string"; columnType: "MySqlDateTimeString"; data: string; driverParam: string | number; notNull: true; hasDefault: false; isPrimaryKey: false; ... 5 more ...; generated: undefined; }, {}, {}>' is not assignable to parameter of type 'Aliased<Date>'.
      Type 'MySqlColumn<{ name: "issueDate"; tableName: "invoices"; dataType: "string"; columnType: "MySqlDateTimeString"; data: string; driverParam: string | number; notNull: true; hasDefault: false; isPrimaryKey: false; ... 5 more ...; generated: undefined; }, {}, {}>' is missing the following properties from type 'Aliased<Date>': sql, fieldAlias
  Overload 3 of 3, '(left: never, right: unknown): SQL<unknown>', gave the following error.
    Argument of type 'MySqlColumn<{ name: "issueDate"; tableName: "invoices"; dataType: "string"; columnType: "MySqlDateTimeString"; data: string; driverParam: string | number; notNull: true; hasDefault: false; isPrimaryKey: false; ... 5 more ...; generated: undefined; }, {}, {}>' is not assignable to parameter of type 'never'.
server/utils/report-export-utils.ts(56,43): error TS2769: No overload matches this call.
  Overload 1 of 3, '(left: MySqlColumn<{ name: "expenseDate"; tableName: "expenses"; dataType: "string"; columnType: "MySqlDateTimeString"; data: string; driverParam: string | number; notNull: true; hasDefault: false; isPrimaryKey: false; ... 5 more ...; generated: undefined; }, {}, {}>, right: string | SQLWrapper): SQL<...>', gave the following error.
    Argument of type 'Date' is not assignable to parameter of type 'string | SQLWrapper'.
  Overload 2 of 3, '(left: Aliased<Date>, right: SQLWrapper | Date): SQL<unknown>', gave the following error.
    Argument of type 'MySqlColumn<{ name: "expenseDate"; tableName: "expenses"; dataType: "string"; columnType: "MySqlDateTimeString"; data: string; driverParam: string | number; notNull: true; hasDefault: false; isPrimaryKey: false; ... 5 more ...; generated: undefined; }, {}, {}>' is not assignable to parameter of type 'Aliased<Date>'.
      Type 'MySqlColumn<{ name: "expenseDate"; tableName: "expenses"; dataType: "string"; columnType: "MySqlDateTimeString"; data: string; driverParam: string | number; notNull: true; hasDefault: false; isPrimaryKey: false; ... 5 more ...; generated: undefined; }, {}, {}>' is missing the following properties from type 'Aliased<Date>': sql, fieldAlias
  Overload 3 of 3, '(left: never, right: unknown): SQL<unknown>', gave the following error.
    Argument of type 'MySqlColumn<{ name: "expenseDate"; tableName: "expenses"; dataType: "string"; columnType: "MySqlDateTimeString"; data: string; driverParam: string | number; notNull: true; hasDefault: false; isPrimaryKey: false; ... 5 more ...; generated: undefined; }, {}, {}>' is not assignable to parameter of type 'never'.
server/utils/report-export-utils.ts(60,43): error TS2769: No overload matches this call.
  Overload 1 of 3, '(left: MySqlColumn<{ name: "issueDate"; tableName: "invoices"; dataType: "string"; columnType: "MySqlDateTimeString"; data: string; driverParam: string | number; notNull: true; hasDefault: false; isPrimaryKey: false; ... 5 more ...; generated: undefined; }, {}, {}>, right: string | SQLWrapper): SQL<...>', gave the following error.
    Argument of type 'Date' is not assignable to parameter of type 'string | SQLWrapper'.
  Overload 2 of 3, '(left: Aliased<Date>, right: SQLWrapper | Date): SQL<unknown>', gave the following error.
    Argument of type 'MySqlColumn<{ name: "issueDate"; tableName: "invoices"; dataType: "string"; columnType: "MySqlDateTimeString"; data: string; driverParam: string | number; notNull: true; hasDefault: false; isPrimaryKey: false; ... 5 more ...; generated: undefined; }, {}, {}>' is not assignable to parameter of type 'Aliased<Date>'.
      Type 'MySqlColumn<{ name: "issueDate"; tableName: "invoices"; dataType: "string"; columnType: "MySqlDateTimeString"; data: string; driverParam: string | number; notNull: true; hasDefault: false; isPrimaryKey: false; ... 5 more ...; generated: undefined; }, {}, {}>' is missing the following properties from type 'Aliased<Date>': sql, fieldAlias
  Overload 3 of 3, '(left: never, right: unknown): SQL<unknown>', gave the following error.
    Argument of type 'MySqlColumn<{ name: "issueDate"; tableName: "invoices"; dataType: "string"; columnType: "MySqlDateTimeString"; data: string; driverParam: string | number; notNull: true; hasDefault: false; isPrimaryKey: false; ... 5 more ...; generated: undefined; }, {}, {}>' is not assignable to parameter of type 'never'.
server/utils/report-export-utils.ts(61,43): error TS2769: No overload matches this call.
  Overload 1 of 3, '(left: MySqlColumn<{ name: "expenseDate"; tableName: "expenses"; dataType: "string"; columnType: "MySqlDateTimeString"; data: string; driverParam: string | number; notNull: true; hasDefault: false; isPrimaryKey: false; ... 5 more ...; generated: undefined; }, {}, {}>, right: string | SQLWrapper): SQL<...>', gave the following error.
    Argument of type 'Date' is not assignable to parameter of type 'string | SQLWrapper'.
  Overload 2 of 3, '(left: Aliased<Date>, right: SQLWrapper | Date): SQL<unknown>', gave the following error.
    Argument of type 'MySqlColumn<{ name: "expenseDate"; tableName: "expenses"; dataType: "string"; columnType: "MySqlDateTimeString"; data: string; driverParam: string | number; notNull: true; hasDefault: false; isPrimaryKey: false; ... 5 more ...; generated: undefined; }, {}, {}>' is not assignable to parameter of type 'Aliased<Date>'.
      Type 'MySqlColumn<{ name: "expenseDate"; tableName: "expenses"; dataType: "string"; columnType: "MySqlDateTimeString"; data: string; driverParam: string | number; notNull: true; hasDefault: false; isPrimaryKey: false; ... 5 more ...; generated: undefined; }, {}, {}>' is missing the following properties from type 'Aliased<Date>': sql, fieldAlias
  Overload 3 of 3, '(left: never, right: unknown): SQL<unknown>', gave the following error.
    Argument of type 'MySqlColumn<{ name: "expenseDate"; tableName: "expenses"; dataType: "string"; columnType: "MySqlDateTimeString"; data: string; driverParam: string | number; notNull: true; hasDefault: false; isPrimaryKey: false; ... 5 more ...; generated: undefined; }, {}, {}>' is not assignable to parameter of type 'never'.
server/utils/report-pdf-generator.ts(46,43): error TS2769: No overload matches this call.
  Overload 1 of 3, '(left: MySqlColumn<{ name: "issueDate"; tableName: "invoices"; dataType: "string"; columnType: "MySqlDateTimeString"; data: string; driverParam: string | number; notNull: true; hasDefault: false; isPrimaryKey: false; ... 5 more ...; generated: undefined; }, {}, {}>, right: string | SQLWrapper): SQL<...>', gave the following error.
    Argument of type 'Date' is not assignable to parameter of type 'string | SQLWrapper'.
  Overload 2 of 3, '(left: Aliased<Date>, right: SQLWrapper | Date): SQL<unknown>', gave the following error.
    Argument of type 'MySqlColumn<{ name: "issueDate"; tableName: "invoices"; dataType: "string"; columnType: "MySqlDateTimeString"; data: string; driverParam: string | number; notNull: true; hasDefault: false; isPrimaryKey: false; ... 5 more ...; generated: undefined; }, {}, {}>' is not assignable to parameter of type 'Aliased<Date>'.
      Type 'MySqlColumn<{ name: "issueDate"; tableName: "invoices"; dataType: "string"; columnType: "MySqlDateTimeString"; data: string; driverParam: string | number; notNull: true; hasDefault: false; isPrimaryKey: false; ... 5 more ...; generated: undefined; }, {}, {}>' is missing the following properties from type 'Aliased<Date>': sql, fieldAlias
  Overload 3 of 3, '(left: never, right: unknown): SQL<unknown>', gave the following error.
    Argument of type 'MySqlColumn<{ name: "issueDate"; tableName: "invoices"; dataType: "string"; columnType: "MySqlDateTimeString"; data: string; driverParam: string | number; notNull: true; hasDefault: false; isPrimaryKey: false; ... 5 more ...; generated: undefined; }, {}, {}>' is not assignable to parameter of type 'never'.
server/utils/report-pdf-generator.ts(47,43): error TS2769: No overload matches this call.
  Overload 1 of 3, '(left: MySqlColumn<{ name: "expenseDate"; tableName: "expenses"; dataType: "string"; columnType: "MySqlDateTimeString"; data: string; driverParam: string | number; notNull: true; hasDefault: false; isPrimaryKey: false; ... 5 more ...; generated: undefined; }, {}, {}>, right: string | SQLWrapper): SQL<...>', gave the following error.
    Argument of type 'Date' is not assignable to parameter of type 'string | SQLWrapper'.
  Overload 2 of 3, '(left: Aliased<Date>, right: SQLWrapper | Date): SQL<unknown>', gave the following error.
    Argument of type 'MySqlColumn<{ name: "expenseDate"; tableName: "expenses"; dataType: "string"; columnType: "MySqlDateTimeString"; data: string; driverParam: string | number; notNull: true; hasDefault: false; isPrimaryKey: false; ... 5 more ...; generated: undefined; }, {}, {}>' is not assignable to parameter of type 'Aliased<Date>'.
      Type 'MySqlColumn<{ name: "expenseDate"; tableName: "expenses"; dataType: "string"; columnType: "MySqlDateTimeString"; data: string; driverParam: string | number; notNull: true; hasDefault: false; isPrimaryKey: false; ... 5 more ...; generated: undefined; }, {}, {}>' is missing the following properties from type 'Aliased<Date>': sql, fieldAlias
  Overload 3 of 3, '(left: never, right: unknown): SQL<unknown>', gave the following error.
    Argument of type 'MySqlColumn<{ name: "expenseDate"; tableName: "expenses"; dataType: "string"; columnType: "MySqlDateTimeString"; data: string; driverParam: string | number; notNull: true; hasDefault: false; isPrimaryKey: false; ... 5 more ...; generated: undefined; }, {}, {}>' is not assignable to parameter of type 'never'.
server/utils/report-pdf-generator.ts(51,43): error TS2769: No overload matches this call.
  Overload 1 of 3, '(left: MySqlColumn<{ name: "issueDate"; tableName: "invoices"; dataType: "string"; columnType: "MySqlDateTimeString"; data: string; driverParam: string | number; notNull: true; hasDefault: false; isPrimaryKey: false; ... 5 more ...; generated: undefined; }, {}, {}>, right: string | SQLWrapper): SQL<...>', gave the following error.
    Argument of type 'Date' is not assignable to parameter of type 'string | SQLWrapper'.
  Overload 2 of 3, '(left: Aliased<Date>, right: SQLWrapper | Date): SQL<unknown>', gave the following error.
    Argument of type 'MySqlColumn<{ name: "issueDate"; tableName: "invoices"; dataType: "string"; columnType: "MySqlDateTimeString"; data: string; driverParam: string | number; notNull: true; hasDefault: false; isPrimaryKey: false; ... 5 more ...; generated: undefined; }, {}, {}>' is not assignable to parameter of type 'Aliased<Date>'.
      Type 'MySqlColumn<{ name: "issueDate"; tableName: "invoices"; dataType: "string"; columnType: "MySqlDateTimeString"; data: string; driverParam: string | number; notNull: true; hasDefault: false; isPrimaryKey: false; ... 5 more ...; generated: undefined; }, {}, {}>' is missing the following properties from type 'Aliased<Date>': sql, fieldAlias
  Overload 3 of 3, '(left: never, right: unknown): SQL<unknown>', gave the following error.
    Argument of type 'MySqlColumn<{ name: "issueDate"; tableName: "invoices"; dataType: "string"; columnType: "MySqlDateTimeString"; data: string; driverParam: string | number; notNull: true; hasDefault: false; isPrimaryKey: false; ... 5 more ...; generated: undefined; }, {}, {}>' is not assignable to parameter of type 'never'.
server/utils/report-pdf-generator.ts(52,43): error TS2769: No overload matches this call.
  Overload 1 of 3, '(left: MySqlColumn<{ name: "expenseDate"; tableName: "expenses"; dataType: "string"; columnType: "MySqlDateTimeString"; data: string; driverParam: string | number; notNull: true; hasDefault: false; isPrimaryKey: false; ... 5 more ...; generated: undefined; }, {}, {}>, right: string | SQLWrapper): SQL<...>', gave the following error.
    Argument of type 'Date' is not assignable to parameter of type 'string | SQLWrapper'.
  Overload 2 of 3, '(left: Aliased<Date>, right: SQLWrapper | Date): SQL<unknown>', gave the following error.
    Argument of type 'MySqlColumn<{ name: "expenseDate"; tableName: "expenses"; dataType: "string"; columnType: "MySqlDateTimeString"; data: string; driverParam: string | number; notNull: true; hasDefault: false; isPrimaryKey: false; ... 5 more ...; generated: undefined; }, {}, {}>' is not assignable to parameter of type 'Aliased<Date>'.
      Type 'MySqlColumn<{ name: "expenseDate"; tableName: "expenses"; dataType: "string"; columnType: "MySqlDateTimeString"; data: string; driverParam: string | number; notNull: true; hasDefault: false; isPrimaryKey: false; ... 5 more ...; generated: undefined; }, {}, {}>' is missing the following properties from type 'Aliased<Date>': sql, fieldAlias
  Overload 3 of 3, '(left: never, right: unknown): SQL<unknown>', gave the following error.
    Argument of type 'MySqlColumn<{ name: "expenseDate"; tableName: "expenses"; dataType: "string"; columnType: "MySqlDateTimeString"; data: string; driverParam: string | number; notNull: true; hasDefault: false; isPrimaryKey: false; ... 5 more ...; generated: undefined; }, {}, {}>' is not assignable to parameter of type 'never'.
server/utils/report-pdf-generator.ts(218,41): error TS2769: No overload matches this call.
  Overload 1 of 3, '(left: MySqlColumn<{ name: "expenseDate"; tableName: "expenses"; dataType: "string"; columnType: "MySqlDateTimeString"; data: string; driverParam: string | number; notNull: true; hasDefault: false; isPrimaryKey: false; ... 5 more ...; generated: undefined; }, {}, {}>, right: string | SQLWrapper): SQL<...>', gave the following error.
    Argument of type 'Date' is not assignable to parameter of type 'string | SQLWrapper'.
  Overload 2 of 3, '(left: Aliased<Date>, right: SQLWrapper | Date): SQL<unknown>', gave the following error.
    Argument of type 'MySqlColumn<{ name: "expenseDate"; tableName: "expenses"; dataType: "string"; columnType: "MySqlDateTimeString"; data: string; driverParam: string | number; notNull: true; hasDefault: false; isPrimaryKey: false; ... 5 more ...; generated: undefined; }, {}, {}>' is not assignable to parameter of type 'Aliased<Date>'.
      Type 'MySqlColumn<{ name: "expenseDate"; tableName: "expenses"; dataType: "string"; columnType: "MySqlDateTimeString"; data: string; driverParam: string | number; notNull: true; hasDefault: false; isPrimaryKey: false; ... 5 more ...; generated: undefined; }, {}, {}>' is missing the following properties from type 'Aliased<Date>': sql, fieldAlias
  Overload 3 of 3, '(left: never, right: unknown): SQL<unknown>', gave the following error.
    Argument of type 'MySqlColumn<{ name: "expenseDate"; tableName: "expenses"; dataType: "string"; columnType: "MySqlDateTimeString"; data: string; driverParam: string | number; notNull: true; hasDefault: false; isPrimaryKey: false; ... 5 more ...; generated: undefined; }, {}, {}>' is not assignable to parameter of type 'never'.
server/utils/report-pdf-generator.ts(222,41): error TS2769: No overload matches this call.
  Overload 1 of 3, '(left: MySqlColumn<{ name: "expenseDate"; tableName: "expenses"; dataType: "string"; columnType: "MySqlDateTimeString"; data: string; driverParam: string | number; notNull: true; hasDefault: false; isPrimaryKey: false; ... 5 more ...; generated: undefined; }, {}, {}>, right: string | SQLWrapper): SQL<...>', gave the following error.
    Argument of type 'Date' is not assignable to parameter of type 'string | SQLWrapper'.
  Overload 2 of 3, '(left: Aliased<Date>, right: SQLWrapper | Date): SQL<unknown>', gave the following error.
    Argument of type 'MySqlColumn<{ name: "expenseDate"; tableName: "expenses"; dataType: "string"; columnType: "MySqlDateTimeString"; data: string; driverParam: string | number; notNull: true; hasDefault: false; isPrimaryKey: false; ... 5 more ...; generated: undefined; }, {}, {}>' is not assignable to parameter of type 'Aliased<Date>'.
      Type 'MySqlColumn<{ name: "expenseDate"; tableName: "expenses"; dataType: "string"; columnType: "MySqlDateTimeString"; data: string; driverParam: string | number; notNull: true; hasDefault: false; isPrimaryKey: false; ... 5 more ...; generated: undefined; }, {}, {}>' is missing the following properties from type 'Aliased<Date>': sql, fieldAlias
  Overload 3 of 3, '(left: never, right: unknown): SQL<unknown>', gave the following error.
    Argument of type 'MySqlColumn<{ name: "expenseDate"; tableName: "expenses"; dataType: "string"; columnType: "MySqlDateTimeString"; data: string; driverParam: string | number; notNull: true; hasDefault: false; isPrimaryKey: false; ... 5 more ...; generated: undefined; }, {}, {}>' is not assignable to parameter of type 'never'.
